Archive member included to satisfy reference by file (symbol)

/home/nastyst16/.pico-sdk/toolchain/13_2_Rel1/bin/../lib/gcc/arm-none-eabi/13.2.1/thumb/v6-m/nofp/libgcc.a(_dvmd_tls.o)
                              CMakeFiles/HomeAutomation.dir/home/nastyst16/.pico-sdk/sdk/1.5.1/src/rp2_common/pico_divider/divider.S.obj (__aeabi_idiv0)
/home/nastyst16/.pico-sdk/toolchain/13_2_Rel1/bin/../lib/gcc/arm-none-eabi/13.2.1/../../../../arm-none-eabi/lib/thumb/v6-m/nofp/libc.a(libc_a-malloc.o)
                              CMakeFiles/HomeAutomation.dir/home/nastyst16/.pico-sdk/sdk/1.5.1/src/rp2_common/pico_malloc/pico_malloc.c.obj (malloc)
/home/nastyst16/.pico-sdk/toolchain/13_2_Rel1/bin/../lib/gcc/arm-none-eabi/13.2.1/../../../../arm-none-eabi/lib/thumb/v6-m/nofp/libc.a(libc_a-mallocr.o)
                              /home/nastyst16/.pico-sdk/toolchain/13_2_Rel1/bin/../lib/gcc/arm-none-eabi/13.2.1/../../../../arm-none-eabi/lib/thumb/v6-m/nofp/libc.a(libc_a-malloc.o) (_malloc_r)
/home/nastyst16/.pico-sdk/toolchain/13_2_Rel1/bin/../lib/gcc/arm-none-eabi/13.2.1/../../../../arm-none-eabi/lib/thumb/v6-m/nofp/libc.a(libc_a-init.o)
                              /home/nastyst16/.pico-sdk/toolchain/13_2_Rel1/bin/../lib/gcc/arm-none-eabi/13.2.1/../../../../arm-none-eabi/lib/thumb/v6-m/nofp/crt0.o (__libc_init_array)
/home/nastyst16/.pico-sdk/toolchain/13_2_Rel1/bin/../lib/gcc/arm-none-eabi/13.2.1/../../../../arm-none-eabi/lib/thumb/v6-m/nofp/libc.a(libc_a-sysconf.o)
                              /home/nastyst16/.pico-sdk/toolchain/13_2_Rel1/bin/../lib/gcc/arm-none-eabi/13.2.1/../../../../arm-none-eabi/lib/thumb/v6-m/nofp/libc.a(libc_a-mallocr.o) (sysconf)
/home/nastyst16/.pico-sdk/toolchain/13_2_Rel1/bin/../lib/gcc/arm-none-eabi/13.2.1/../../../../arm-none-eabi/lib/thumb/v6-m/nofp/libc.a(libc_a-mlock.o)
                              /home/nastyst16/.pico-sdk/toolchain/13_2_Rel1/bin/../lib/gcc/arm-none-eabi/13.2.1/../../../../arm-none-eabi/lib/thumb/v6-m/nofp/libc.a(libc_a-mallocr.o) (__malloc_lock)
/home/nastyst16/.pico-sdk/toolchain/13_2_Rel1/bin/../lib/gcc/arm-none-eabi/13.2.1/../../../../arm-none-eabi/lib/thumb/v6-m/nofp/libc.a(libc_a-calloc.o)
                              CMakeFiles/HomeAutomation.dir/home/nastyst16/.pico-sdk/sdk/1.5.1/src/rp2_common/pico_malloc/pico_malloc.c.obj (calloc)
/home/nastyst16/.pico-sdk/toolchain/13_2_Rel1/bin/../lib/gcc/arm-none-eabi/13.2.1/../../../../arm-none-eabi/lib/thumb/v6-m/nofp/libc.a(libc_a-callocr.o)
                              /home/nastyst16/.pico-sdk/toolchain/13_2_Rel1/bin/../lib/gcc/arm-none-eabi/13.2.1/../../../../arm-none-eabi/lib/thumb/v6-m/nofp/libc.a(libc_a-calloc.o) (_calloc_r)
/home/nastyst16/.pico-sdk/toolchain/13_2_Rel1/bin/../lib/gcc/arm-none-eabi/13.2.1/../../../../arm-none-eabi/lib/thumb/v6-m/nofp/libc.a(libc_a-realloc.o)
                              CMakeFiles/HomeAutomation.dir/home/nastyst16/.pico-sdk/sdk/1.5.1/src/rp2_common/pico_malloc/pico_malloc.c.obj (realloc)
/home/nastyst16/.pico-sdk/toolchain/13_2_Rel1/bin/../lib/gcc/arm-none-eabi/13.2.1/../../../../arm-none-eabi/lib/thumb/v6-m/nofp/libc.a(libc_a-impure.o)
                              /home/nastyst16/.pico-sdk/toolchain/13_2_Rel1/bin/../lib/gcc/arm-none-eabi/13.2.1/../../../../arm-none-eabi/lib/thumb/v6-m/nofp/libc.a(libc_a-malloc.o) (_impure_ptr)
/home/nastyst16/.pico-sdk/toolchain/13_2_Rel1/bin/../lib/gcc/arm-none-eabi/13.2.1/../../../../arm-none-eabi/lib/thumb/v6-m/nofp/libc.a(libc_a-findfp.o)
                              /home/nastyst16/.pico-sdk/toolchain/13_2_Rel1/bin/../lib/gcc/arm-none-eabi/13.2.1/../../../../arm-none-eabi/lib/thumb/v6-m/nofp/libc.a(libc_a-impure.o) (__sf)
/home/nastyst16/.pico-sdk/toolchain/13_2_Rel1/bin/../lib/gcc/arm-none-eabi/13.2.1/../../../../arm-none-eabi/lib/thumb/v6-m/nofp/libc.a(libc_a-strlen-stub.o)
                              CMakeFiles/HomeAutomation.dir/home/nastyst16/.pico-sdk/sdk/1.5.1/src/rp2_common/pico_stdio/stdio.c.obj (strlen)
/home/nastyst16/.pico-sdk/toolchain/13_2_Rel1/bin/../lib/gcc/arm-none-eabi/13.2.1/../../../../arm-none-eabi/lib/thumb/v6-m/nofp/libc.a(libc_a-reallocr.o)
                              /home/nastyst16/.pico-sdk/toolchain/13_2_Rel1/bin/../lib/gcc/arm-none-eabi/13.2.1/../../../../arm-none-eabi/lib/thumb/v6-m/nofp/libc.a(libc_a-realloc.o) (_realloc_r)
/home/nastyst16/.pico-sdk/toolchain/13_2_Rel1/bin/../lib/gcc/arm-none-eabi/13.2.1/../../../../arm-none-eabi/lib/thumb/v6-m/nofp/libc.a(libc_a-freer.o)
                              /home/nastyst16/.pico-sdk/toolchain/13_2_Rel1/bin/../lib/gcc/arm-none-eabi/13.2.1/../../../../arm-none-eabi/lib/thumb/v6-m/nofp/libc.a(libc_a-malloc.o) (_free_r)
/home/nastyst16/.pico-sdk/toolchain/13_2_Rel1/bin/../lib/gcc/arm-none-eabi/13.2.1/../../../../arm-none-eabi/lib/thumb/v6-m/nofp/libc.a(libc_a-stdio.o)
                              /home/nastyst16/.pico-sdk/toolchain/13_2_Rel1/bin/../lib/gcc/arm-none-eabi/13.2.1/../../../../arm-none-eabi/lib/thumb/v6-m/nofp/libc.a(libc_a-findfp.o) (__sread)
[...]
Memory Configuration

Name             Origin             Length             Attributes
FLASH            0x10000000         0x00200000         xr
RAM              0x20000000         0x00040000         xrw
SCRATCH_X        0x20040000         0x00001000         xrw
SCRATCH_Y        0x20041000         0x00001000         xrw
*default*        0x00000000         0xffffffff

Linker script and memory map

LOAD /home/nastyst16/.pico-sdk/toolchain/13_2_Rel1/bin/../lib/gcc/arm-none-eabi/13.2.1/thumb/v6-m/nofp/crti.o
LOAD /home/nastyst16/.pico-sdk/toolchain/13_2_Rel1/bin/../lib/gcc/arm-none-eabi/13.2.1/thumb/v6-m/nofp/crtbegin.o
LOAD /home/nastyst16/.pico-sdk/toolchain/13_2_Rel1/bin/../lib/gcc/arm-none-eabi/13.2.1/../../../../arm-none-eabi/lib/thumb/v6-m/nofp/crt0.o

.flash_begin    0x10000000        0x0
                0x10000000                        __flash_binary_start = .

.boot2          0x10000000      0x100
                0x10000000                        __boot2_start__ = .
 *(.boot2)
 .boot2         0x10000000      0x100 /tmp/cce4E52D.o
                0x10000100                        __boot2_end__ = .
                0x00000001                        ASSERT (((__boot2_end__ - __boot2_start__) == 0x100), ERROR: Pico second stage bootloader must be 256 bytes in size)

.text           0x10000100     0x7590
                0x10000100                        __logical_binary_start = .
 *(.vectors)
 .vectors       0x10000100       0xd4 CMakeFiles/HomeAutomation.dir/home/nastyst16/.pico-sdk/sdk/1.5.1/src/rp2_common/pico_standard_link/crt0.S.obj
                0x10000100                __vectors
                0x10000100                __VECTOR_TABLE
                0x100001c0                isr_invalid
                0x100001c0                __default_isrs_start
                0x100001c2                isr_nmi
                0x100001c4                isr_hardfault
                0x100001c6                isr_svcall
                0x100001c8                isr_pendsv
                0x100001ca                isr_systick
                0x100001cc                isr_irq30
                0x100001cc                __unhandled_user_irq
                0x100001cc                isr_irq13
                0x100001cc                isr_irq27
                0x100001cc                isr_irq31
                0x100001cc                isr_irq5
                0x100001cc                isr_irq11
                0x100001cc                isr_irq23
                0x100001cc                isr_irq18
                0x100001cc                isr_irq28
                0x100001cc                isr_irq19
                0x100001cc                isr_irq0
                0x100001cc                isr_irq6
                0x100001cc                isr_irq22
                0x100001cc                isr_irq17
                0x100001cc                isr_irq14
                0x100001cc                isr_irq2
                0x100001cc                isr_irq10
                0x100001cc                isr_irq8
                0x100001cc                isr_irq24
                0x100001cc                isr_irq1
                0x100001cc                isr_irq7
                0x100001cc                isr_irq21
                0x100001cc                isr_irq20
                0x100001cc                isr_irq15
                0x100001cc                isr_irq25
                0x100001cc                isr_irq4
                0x100001cc                isr_irq16
                0x100001cc                isr_irq29
                0x100001cc                isr_irq26
                0x100001cc                __default_isrs_end
                0x100001cc                isr_irq3
                0x100001cc                isr_irq12
                0x100001cc                isr_irq9
                0x100001d2                unhandled_user_irq_num_in_r0
 *(.binary_info_header)
 .binary_info_header
                0x100001d4       0x14 CMakeFiles/HomeAutomation.dir/home/nastyst16/.pico-sdk/sdk/1.5.1/src/rp2_common/pico_standard_link/crt0.S.obj
                0x100001e8                        __binary_info_header_end = .
 *(.reset)
 .reset         0x100001e8       0xa0 CMakeFiles/HomeAutomation.dir/home/nastyst16/.pico-sdk/sdk/1.5.1/src/rp2_common/pico_standard_link/crt0.S.obj
                0x100001e8                _entry_point
 .reset         0x10000288       0x30 CMakeFiles/HomeAutomation.dir/home/nastyst16/.pico-sdk/sdk/1.5.1/src/rp2_common/pico_standard_link/binary_info.c.obj
 *(.init)
 .init          0x100002b8        0x4 /home/nastyst16/.pico-sdk/toolchain/13_2_Rel1/bin/../lib/gcc/arm-none-eabi/13.2.1/thumb/v6-m/nofp/crti.o
                0x100002b8                _init
 *(EXCLUDE_FILE(*libm.a: *libc.a:*lib_a-mem*.o *libgcc.a:) .text*)
 .text.register_tm_clones
                0x100002bc       0x28 /home/nastyst16/.pico-sdk/toolchain/13_2_Rel1/bin/../lib/gcc/arm-none-eabi/13.2.1/thumb/v6-m/nofp/crtbegin.o
 .text.frame_dummy
                0x100002e4       0x24 /home/nastyst16/.pico-sdk/toolchain/13_2_Rel1/bin/../lib/gcc/arm-none-eabi/13.2.1/thumb/v6-m/nofp/crtbegin.o
 .text.startup.main
                0x10000308      0x110 CMakeFiles/HomeAutomation.dir/HomeAutomation.c.obj
                0x10000308                main
 .text.dht_init
                0x10000418       0x68 CMakeFiles/HomeAutomation.dir/dht/dht.c.obj
                0x10000418                dht_init
 .text.dht_start_measurement
                0x10000480      0x1b8 CMakeFiles/HomeAutomation.dir/dht/dht.c.obj
                0x10000480                dht_start_measurement
 .text.dht_finish_measurement_blocking
                0x10000638      0x1ec CMakeFiles/HomeAutomation.dir/dht/dht.c.obj
                0x10000638                dht_finish_measurement_blocking
 .text.clocks_init
                0x10000824      0x2c8 CMakeFiles/HomeAutomation.dir/home/nastyst16/.pico-sdk/sdk/1.5.1/src/rp2_common/hardware_clocks/clocks.c.obj
                0x10000824                clocks_init
 .text.clock_get_hz
                0x10000aec        0xc CMakeFiles/HomeAutomation.dir/home/nastyst16/.pico-sdk/sdk/1.5.1/src/rp2_common/hardware_clocks/clocks.c.obj
                0x10000aec                clock_get_hz
 .text.running_on_fpga
                0x10000af8       0x10 CMakeFiles/HomeAutomation.dir/home/nastyst16/.pico-sdk/sdk/1.5.1/src/rp2_common/pico_platform/platform.c.obj
                0x10000af8                running_on_fpga
 .text.hw_claim_lock
                0x10000b08       0x18 CMakeFiles/HomeAutomation.dir/home/nastyst16/.pico-sdk/sdk/1.5.1/src/rp2_common/hardware_claim/claim.c.obj
                0x10000b08                hw_claim_lock
 .text.hw_claim_unlock
                0x10000b20       0x14 CMakeFiles/HomeAutomation.dir/home/nastyst16/.pico-sdk/sdk/1.5.1/src/rp2_common/hardware_claim/claim.c.obj
                0x10000b20                hw_claim_unlock
 .text.hw_claim_or_assert
                0x10000b34       0x44 CMakeFiles/HomeAutomation.dir/home/nastyst16/.pico-sdk/sdk/1.5.1/src/rp2_common/hardware_claim/claim.c.obj
                0x10000b34                hw_claim_or_assert
 .text.hw_claim_unused_from_range
                0x10000b78       0x9c CMakeFiles/HomeAutomation.dir/home/nastyst16/.pico-sdk/sdk/1.5.1/src/rp2_common/hardware_claim/claim.c.obj
                0x10000b78                hw_claim_unused_from_range
 .text.spin_locks_reset
                0x10000c14       0x1c CMakeFiles/HomeAutomation.dir/home/nastyst16/.pico-sdk/sdk/1.5.1/src/rp2_common/hardware_sync/sync.c.obj
                0x10000c14                spin_locks_reset
 .text.next_striped_spin_lock_num
                0x10000c30       0x18 CMakeFiles/HomeAutomation.dir/home/nastyst16/.pico-sdk/sdk/1.5.1/src/rp2_common/hardware_sync/sync.c.obj
                0x10000c30                next_striped_spin_lock_num
 .text.spin_lock_claim_unused
                0x10000c48       0x24 CMakeFiles/HomeAutomation.dir/home/nastyst16/.pico-sdk/sdk/1.5.1/src/rp2_common/hardware_sync/sync.c.obj
                0x10000c48                spin_lock_claim_unused
 .text.gpio_set_function
                0x10000c6c       0x30 CMakeFiles/HomeAutomation.dir/home/nastyst16/.pico-sdk/sdk/1.5.1/src/rp2_common/hardware_gpio/gpio.c.obj
                0x10000c6c                gpio_set_function
 .text.gpio_set_pulls
                0x10000c9c       0x24 CMakeFiles/HomeAutomation.dir/home/nastyst16/.pico-sdk/sdk/1.5.1/src/rp2_common/hardware_gpio/gpio.c.obj
                0x10000c9c                gpio_set_pulls
 .text.gpio_init
                0x10000cc0       0x3c CMakeFiles/HomeAutomation.dir/home/nastyst16/.pico-sdk/sdk/1.5.1/src/rp2_common/hardware_gpio/gpio.c.obj
                0x10000cc0                gpio_init
 .text.irq_set_enabled
                0x10000cfc       0x24 CMakeFiles/HomeAutomation.dir/home/nastyst16/.pico-sdk/sdk/1.5.1/src/rp2_common/hardware_irq/irq.c.obj
                0x10000cfc                irq_set_enabled
 .text.irq_set_pending
                0x10000d20       0x10 CMakeFiles/HomeAutomation.dir/home/nastyst16/.pico-sdk/sdk/1.5.1/src/rp2_common/hardware_irq/irq.c.obj
                0x10000d20                irq_set_pending
 .text.irq_has_shared_handler
                0x10000d30       0x2c CMakeFiles/HomeAutomation.dir/home/nastyst16/.pico-sdk/sdk/1.5.1/src/rp2_common/hardware_irq/irq.c.obj
                0x10000d30                irq_has_shared_handler
 .text.irq_get_vtable_handler
                0x10000d5c       0x10 CMakeFiles/HomeAutomation.dir/home/nastyst16/.pico-sdk/sdk/1.5.1/src/rp2_common/hardware_irq/irq.c.obj
                0x10000d5c                irq_get_vtable_handler
 .text.irq_set_exclusive_handler
                0x10000d6c       0x54 CMakeFiles/HomeAutomation.dir/home/nastyst16/.pico-sdk/sdk/1.5.1/src/rp2_common/hardware_irq/irq.c.obj
                0x10000d6c                irq_set_exclusive_handler
 .text.irq_add_shared_handler
                0x10000dc0      0x1f4 CMakeFiles/HomeAutomation.dir/home/nastyst16/.pico-sdk/sdk/1.5.1/src/rp2_common/hardware_irq/irq.c.obj
                0x10000dc0                irq_add_shared_handler
 .text.irq_remove_handler
                0x10000fb4      0x1c4 CMakeFiles/HomeAutomation.dir/home/nastyst16/.pico-sdk/sdk/1.5.1/src/rp2_common/hardware_irq/irq.c.obj
                0x10000fb4                irq_remove_handler
 .text.irq_add_tail_to_free_list
                0x10001178       0xb4 CMakeFiles/HomeAutomation.dir/home/nastyst16/.pico-sdk/sdk/1.5.1/src/rp2_common/hardware_irq/irq.c.obj
                0x10001178                irq_add_tail_to_free_list
 .text.irq_init_priorities
                0x1000122c       0x24 CMakeFiles/HomeAutomation.dir/home/nastyst16/.pico-sdk/sdk/1.5.1/src/rp2_common/hardware_irq/irq.c.obj
                0x1000122c                irq_init_priorities
 .text.user_irq_claim_unused
                0x10001250       0x2c CMakeFiles/HomeAutomation.dir/home/nastyst16/.pico-sdk/sdk/1.5.1/src/rp2_common/hardware_irq/irq.c.obj
                0x10001250                user_irq_claim_unused
 .text.lock_init
                0x1000127c       0x10 CMakeFiles/HomeAutomation.dir/home/nastyst16/.pico-sdk/sdk/1.5.1/src/common/pico_sync/lock_core.c.obj
                0x1000127c                lock_init
 .text.mutex_init
                0x1000128c       0x1c CMakeFiles/HomeAutomation.dir/home/nastyst16/.pico-sdk/sdk/1.5.1/src/common/pico_sync/mutex.c.obj
                0x1000128c                mutex_init
 .text.recursive_mutex_init
                0x100012a8       0x1c CMakeFiles/HomeAutomation.dir/home/nastyst16/.pico-sdk/sdk/1.5.1/src/common/pico_sync/mutex.c.obj
                0x100012a8                recursive_mutex_init
 .text.critical_section_init
                0x100012c4       0x1c CMakeFiles/HomeAutomation.dir/home/nastyst16/.pico-sdk/sdk/1.5.1/src/common/pico_sync/critical_section.c.obj
                0x100012c4                critical_section_init
 .text.critical_section_init_with_lock_num
                0x100012e0       0x14 CMakeFiles/HomeAutomation.dir/home/nastyst16/.pico-sdk/sdk/1.5.1/src/common/pico_sync/critical_section.c.obj
                0x100012e0                critical_section_init_with_lock_num
 .text.timer_pool_entry_comparator
                0x100012f4       0x34 CMakeFiles/HomeAutomation.dir/home/nastyst16/.pico-sdk/sdk/1.5.1/src/common/pico_time/time.c.obj
                0x100012f4                timer_pool_entry_comparator
 .text.sleep_until_callback
                0x10001328       0x30 CMakeFiles/HomeAutomation.dir/home/nastyst16/.pico-sdk/sdk/1.5.1/src/common/pico_time/time.c.obj
 .text.add_alarm_under_lock.isra.0
                0x10001358      0x100 CMakeFiles/HomeAutomation.dir/home/nastyst16/.pico-sdk/sdk/1.5.1/src/common/pico_time/time.c.obj
 .text.alarm_pool_alarm_callback
                0x10001458      0x1c0 CMakeFiles/HomeAutomation.dir/home/nastyst16/.pico-sdk/sdk/1.5.1/src/common/pico_time/time.c.obj
 .text.alarm_pool_init_default
                0x10001618       0x6c CMakeFiles/HomeAutomation.dir/home/nastyst16/.pico-sdk/sdk/1.5.1/src/common/pico_time/time.c.obj
                0x10001618                alarm_pool_init_default
 .text.alarm_pool_get_default
                0x10001684        0x8 CMakeFiles/HomeAutomation.dir/home/nastyst16/.pico-sdk/sdk/1.5.1/src/common/pico_time/time.c.obj
                0x10001684                alarm_pool_get_default
 .text.alarm_pool_add_alarm_at
                0x1000168c      0x17c CMakeFiles/HomeAutomation.dir/home/nastyst16/.pico-sdk/sdk/1.5.1/src/common/pico_time/time.c.obj
                0x1000168c                alarm_pool_add_alarm_at
 .text.alarm_pool_core_num
                0x10001808        0x4 CMakeFiles/HomeAutomation.dir/home/nastyst16/.pico-sdk/sdk/1.5.1/src/common/pico_time/time.c.obj
                0x10001808                alarm_pool_core_num
 .text.sleep_until
                0x1000180c       0xc4 CMakeFiles/HomeAutomation.dir/home/nastyst16/.pico-sdk/sdk/1.5.1/src/common/pico_time/time.c.obj
                0x1000180c                sleep_until
 .text.sleep_ms
                0x100018d0       0x38 CMakeFiles/HomeAutomation.dir/home/nastyst16/.pico-sdk/sdk/1.5.1/src/common/pico_time/time.c.obj
                0x100018d0                sleep_ms
 .text.best_effort_wfe_or_timeout
                0x10001908       0xcc CMakeFiles/HomeAutomation.dir/home/nastyst16/.pico-sdk/sdk/1.5.1/src/common/pico_time/time.c.obj
                0x10001908                best_effort_wfe_or_timeout
 .text.hardware_alarm_irq_handler
                0x100019d4       0xbc CMakeFiles/HomeAutomation.dir/home/nastyst16/.pico-sdk/sdk/1.5.1/src/rp2_common/hardware_timer/timer.c.obj
 .text.hardware_alarm_claim
                0x10001a90       0x18 CMakeFiles/HomeAutomation.dir/home/nastyst16/.pico-sdk/sdk/1.5.1/src/rp2_common/hardware_timer/timer.c.obj
                0x10001a90                hardware_alarm_claim
 .text.time_us_64
                0x10001aa8       0x14 CMakeFiles/HomeAutomation.dir/home/nastyst16/.pico-sdk/sdk/1.5.1/src/rp2_common/hardware_timer/timer.c.obj
                0x10001aa8                time_us_64
 .text.busy_wait_us
                0x10001abc       0x68 CMakeFiles/HomeAutomation.dir/home/nastyst16/.pico-sdk/sdk/1.5.1/src/rp2_common/hardware_timer/timer.c.obj
                0x10001abc                busy_wait_us
 .text.busy_wait_until
                0x10001b24       0x20 CMakeFiles/HomeAutomation.dir/home/nastyst16/.pico-sdk/sdk/1.5.1/src/rp2_common/hardware_timer/timer.c.obj
                0x10001b24                busy_wait_until
 .text.hardware_alarm_set_callback
                0x10001b44       0x8c CMakeFiles/HomeAutomation.dir/home/nastyst16/.pico-sdk/sdk/1.5.1/src/rp2_common/hardware_timer/timer.c.obj
                0x10001b44                hardware_alarm_set_callback
 .text.hardware_alarm_set_target
                0x10001bd0       0xd0 CMakeFiles/HomeAutomation.dir/home/nastyst16/.pico-sdk/sdk/1.5.1/src/rp2_common/hardware_timer/timer.c.obj
                0x10001bd0                hardware_alarm_set_target
 .text.hardware_alarm_cancel
                0x10001ca0       0x3c CMakeFiles/HomeAutomation.dir/home/nastyst16/.pico-sdk/sdk/1.5.1/src/rp2_common/hardware_timer/timer.c.obj
                0x10001ca0                hardware_alarm_cancel
 .text.ph_merge_nodes
                0x10001cdc       0x58 CMakeFiles/HomeAutomation.dir/home/nastyst16/.pico-sdk/sdk/1.5.1/src/common/pico_util/pheap.c.obj
 .text.ph_post_alloc_init
                0x10001d34       0x3c CMakeFiles/HomeAutomation.dir/home/nastyst16/.pico-sdk/sdk/1.5.1/src/common/pico_util/pheap.c.obj
                0x10001d34                ph_post_alloc_init
 .text.ph_merge_two_pass
                0x10001d70       0x8c CMakeFiles/HomeAutomation.dir/home/nastyst16/.pico-sdk/sdk/1.5.1/src/common/pico_util/pheap.c.obj
                0x10001d70                ph_merge_two_pass
 .text.ph_remove_any_head
                0x10001dfc      0x100 CMakeFiles/HomeAutomation.dir/home/nastyst16/.pico-sdk/sdk/1.5.1/src/common/pico_util/pheap.c.obj
 .text.ph_remove_head
                0x10001efc      0x104 CMakeFiles/HomeAutomation.dir/home/nastyst16/.pico-sdk/sdk/1.5.1/src/common/pico_util/pheap.c.obj
                0x10001efc                ph_remove_head
 .text.ph_remove_and_free_node
                0x10002000       0x78 CMakeFiles/HomeAutomation.dir/home/nastyst16/.pico-sdk/sdk/1.5.1/src/common/pico_util/pheap.c.obj
                0x10002000                ph_remove_and_free_node
 .text.pll_init
                0x10002078       0xa4 CMakeFiles/HomeAutomation.dir/home/nastyst16/.pico-sdk/sdk/1.5.1/src/rp2_common/hardware_pll/pll.c.obj
                0x10002078                pll_init
 .text.watchdog_start_tick
                0x1000211c       0x10 CMakeFiles/HomeAutomation.dir/home/nastyst16/.pico-sdk/sdk/1.5.1/src/rp2_common/hardware_watchdog/watchdog.c.obj
                0x1000211c                watchdog_start_tick
 .text.watchdog_reboot
                0x1000212c       0x9c CMakeFiles/HomeAutomation.dir/home/nastyst16/.pico-sdk/sdk/1.5.1/src/rp2_common/hardware_watchdog/watchdog.c.obj
                0x1000212c                watchdog_reboot
 .text.xosc_init
                0x100021c8       0x28 CMakeFiles/HomeAutomation.dir/home/nastyst16/.pico-sdk/sdk/1.5.1/src/rp2_common/hardware_xosc/xosc.c.obj
                0x100021c8                xosc_init
 .text.dma_claim_unused_channel
                0x100021f0       0x24 CMakeFiles/HomeAutomation.dir/home/nastyst16/.pico-sdk/sdk/1.5.1/src/rp2_common/hardware_dma/dma.c.obj
                0x100021f0                dma_claim_unused_channel
 .text.pio_claim_unused_sm
                0x10002214       0x3c CMakeFiles/HomeAutomation.dir/home/nastyst16/.pico-sdk/sdk/1.5.1/src/rp2_common/hardware_pio/pio.c.obj
                0x10002214                pio_claim_unused_sm
 .text.pio_add_program
                0x10002250       0xf0 CMakeFiles/HomeAutomation.dir/home/nastyst16/.pico-sdk/sdk/1.5.1/src/rp2_common/hardware_pio/pio.c.obj
                0x10002250                pio_add_program
 .text.pio_sm_init
                0x10002340       0x98 CMakeFiles/HomeAutomation.dir/home/nastyst16/.pico-sdk/sdk/1.5.1/src/rp2_common/hardware_pio/pio.c.obj
                0x10002340                pio_sm_init
 .text.uart_init
                0x100023d8      0x18c CMakeFiles/HomeAutomation.dir/home/nastyst16/.pico-sdk/sdk/1.5.1/src/rp2_common/hardware_uart/uart.c.obj
                0x100023d8                uart_init
 .text.runtime_init
                0x10002564       0xf0 CMakeFiles/HomeAutomation.dir/home/nastyst16/.pico-sdk/sdk/1.5.1/src/rp2_common/pico_runtime/runtime.c.obj
                0x10002564                runtime_init
 .text._exit    0x10002654        0x4 CMakeFiles/HomeAutomation.dir/home/nastyst16/.pico-sdk/sdk/1.5.1/src/rp2_common/pico_runtime/runtime.c.obj
                0x10002654                _exit
 .text.exit     0x10002658        0x8 CMakeFiles/HomeAutomation.dir/home/nastyst16/.pico-sdk/sdk/1.5.1/src/rp2_common/pico_runtime/runtime.c.obj
                0x10002658                exit
 .text.panic    0x10002660       0x30 CMakeFiles/HomeAutomation.dir/home/nastyst16/.pico-sdk/sdk/1.5.1/src/rp2_common/pico_runtime/runtime.c.obj
                0x10002660                panic
 .text.hard_assertion_failure
                0x10002690        0xc CMakeFiles/HomeAutomation.dir/home/nastyst16/.pico-sdk/sdk/1.5.1/src/rp2_common/pico_runtime/runtime.c.obj
                0x10002690                hard_assertion_failure
 .text._out_null
                0x1000269c        0x4 CMakeFiles/HomeAutomation.dir/home/nastyst16/.pico-sdk/sdk/1.5.1/src/rp2_common/pico_printf/printf.c.obj
 .text._out_rev
                0x100026a0       0xac CMakeFiles/HomeAutomation.dir/home/nastyst16/.pico-sdk/sdk/1.5.1/src/rp2_common/pico_printf/printf.c.obj
 .text._ntoa_format
                0x1000274c      0x250 CMakeFiles/HomeAutomation.dir/home/nastyst16/.pico-sdk/sdk/1.5.1/src/rp2_common/pico_printf/printf.c.obj
 .text._out_char
                0x1000299c       0x10 CMakeFiles/HomeAutomation.dir/home/nastyst16/.pico-sdk/sdk/1.5.1/src/rp2_common/pico_printf/printf.c.obj
 .text._out_fct
                0x100029ac       0x10 CMakeFiles/HomeAutomation.dir/home/nastyst16/.pico-sdk/sdk/1.5.1/src/rp2_common/pico_printf/printf.c.obj
 .text._etoa    0x100029bc      0x464 CMakeFiles/HomeAutomation.dir/home/nastyst16/.pico-sdk/sdk/1.5.1/src/rp2_common/pico_printf/printf.c.obj
 .text._ftoa    0x10002e20      0x3c0 CMakeFiles/HomeAutomation.dir/home/nastyst16/.pico-sdk/sdk/1.5.1/src/rp2_common/pico_printf/printf.c.obj
 .text._vsnprintf
                0x100031e0      0xbc8 CMakeFiles/HomeAutomation.dir/home/nastyst16/.pico-sdk/sdk/1.5.1/src/rp2_common/pico_printf/printf.c.obj
 .text.vfctprintf
                0x10003da8       0x20 CMakeFiles/HomeAutomation.dir/home/nastyst16/.pico-sdk/sdk/1.5.1/src/rp2_common/pico_printf/printf.c.obj
                0x10003da8                vfctprintf
 .text.weak_raw_vprintf
                0x10003dc8       0x30 CMakeFiles/HomeAutomation.dir/home/nastyst16/.pico-sdk/sdk/1.5.1/src/rp2_common/pico_printf/printf.c.obj
                0x10003dc8                weak_raw_vprintf
 .text          0x10003df8       0x10 CMakeFiles/HomeAutomation.dir/home/nastyst16/.pico-sdk/sdk/1.5.1/src/rp2_common/pico_bit_ops/bit_ops_aeabi.S.obj
 .text.rom_func_lookup
                0x10003e08       0x10 CMakeFiles/HomeAutomation.dir/home/nastyst16/.pico-sdk/sdk/1.5.1/src/rp2_common/pico_bootrom/bootrom.c.obj
                0x10003e08                rom_func_lookup
 .text.rom_data_lookup
                0x10003e18       0x10 CMakeFiles/HomeAutomation.dir/home/nastyst16/.pico-sdk/sdk/1.5.1/src/rp2_common/pico_bootrom/bootrom.c.obj
                0x10003e18                rom_data_lookup
 .text.rom_funcs_lookup
                0x10003e28       0x44 CMakeFiles/HomeAutomation.dir/home/nastyst16/.pico-sdk/sdk/1.5.1/src/rp2_common/pico_bootrom/bootrom.c.obj
                0x10003e28                rom_funcs_lookup
 .text.__wrap___aeabi_idiv
                0x10003e6c       0x50 CMakeFiles/HomeAutomation.dir/home/nastyst16/.pico-sdk/sdk/1.5.1/src/rp2_common/pico_divider/divider.S.obj
                0x10003e6c                __wrap___aeabi_idivmod
                0x10003e6c                divmod_s32s32
                0x10003e6c                div_s32s32
                0x10003e6c                __wrap___aeabi_idiv
                0x10003e74                divmod_s32s32_unsafe
                0x10003ea0                divmod_s32s32_savestate
 .text.__wrap___aeabi_uidiv
                0x10003ebc       0x4c CMakeFiles/HomeAutomation.dir/home/nastyst16/.pico-sdk/sdk/1.5.1/src/rp2_common/pico_divider/divider.S.obj
                0x10003ebc                __wrap___aeabi_uidiv
                0x10003ebc                __wrap___aeabi_uidivmod
                0x10003ebc                div_u32u32
                0x10003ebc                divmod_u32u32
                0x10003ec4                divmod_u32u32_unsafe
                0x10003eec                divmod_u32u32_savestate
 .text.__wrap___aeabi_ldiv
                0x10003f08      0x424 CMakeFiles/HomeAutomation.dir/home/nastyst16/.pico-sdk/sdk/1.5.1/src/rp2_common/pico_divider/divider.S.obj
                0x10003f08                div_s64s64
                0x10003f08                divmod_s64s64
                0x10003f08                __wrap___aeabi_ldivmod
                0x10003f38                div_u64u64
                0x10003f38                divmod_u64u64
                0x10003f38                __wrap___aeabi_uldivmod
                0x10003f48                divmod_u64u64_savestate
                0x10003f68                divmod_s64s64_unsafe
                0x10003ff0                divmod_u64u64_unsafe
 .text.__wrap___aeabi_darithmetic
                0x1000432c       0x80 CMakeFiles/HomeAutomation.dir/home/nastyst16/.pico-sdk/sdk/1.5.1/src/rp2_common/pico_double/double_aeabi.S.obj
                0x1000432c                __wrap___aeabi_drsub
                0x10004332                __wrap___aeabi_dsub
                0x10004344                __wrap___aeabi_dadd
                0x10004356                __wrap___aeabi_ddiv
                0x10004392                __wrap___aeabi_dmul
 .text.__wrap___aeabi_cdcmple
                0x100043ac       0x6c CMakeFiles/HomeAutomation.dir/home/nastyst16/.pico-sdk/sdk/1.5.1/src/rp2_common/pico_double/double_aeabi.S.obj
                0x100043ac                __wrap___aeabi_cdrcmple
                0x100043bc                __wrap___aeabi_cdcmple
                0x100043bc                __wrap___aeabi_cdcmpeq
 .text.__wrap___aeabi_dcmplt
                0x10004418        0xc CMakeFiles/HomeAutomation.dir/home/nastyst16/.pico-sdk/sdk/1.5.1/src/rp2_common/pico_double/double_aeabi.S.obj
                0x10004418                __wrap___aeabi_dcmplt
 .text.__wrap___aeabi_dcmpge
                0x10004424       0x10 CMakeFiles/HomeAutomation.dir/home/nastyst16/.pico-sdk/sdk/1.5.1/src/rp2_common/pico_double/double_aeabi.S.obj
                0x10004424                __wrap___aeabi_dcmpge
 .text.__wrap___aeabi_dcmpgt
                0x10004434        0xa CMakeFiles/HomeAutomation.dir/home/nastyst16/.pico-sdk/sdk/1.5.1/src/rp2_common/pico_double/double_aeabi.S.obj
                0x10004434                __wrap___aeabi_dcmpgt
 .text.__wrap___aeabi_dcmpun
                0x1000443e       0x1c CMakeFiles/HomeAutomation.dir/home/nastyst16/.pico-sdk/sdk/1.5.1/src/rp2_common/pico_double/double_aeabi.S.obj
                0x1000443e                __wrap___aeabi_dcmpun
 *fill*         0x1000445a        0x2 
 .text.__wrap___aeabi_i2d
                0x1000445c       0x38 CMakeFiles/HomeAutomation.dir/home/nastyst16/.pico-sdk/sdk/1.5.1/src/rp2_common/pico_double/double_aeabi.S.obj
                0x1000445c                __wrap___aeabi_ui2d
                0x10004464                __wrap___aeabi_i2d
 .text.__wrap___aeabi_d2iz
                0x10004494       0x48 CMakeFiles/HomeAutomation.dir/home/nastyst16/.pico-sdk/sdk/1.5.1/src/rp2_common/pico_double/double_aeabi.S.obj
                0x10004494                __wrap___aeabi_d2iz
                0x10004494                double2int_z
 .text.__wrap___aeabi_d2uiz
                0x100044dc       0x18 CMakeFiles/HomeAutomation.dir/home/nastyst16/.pico-sdk/sdk/1.5.1/src/rp2_common/pico_double/double_aeabi.S.obj
                0x100044dc                double2uint
                0x100044dc                __wrap___aeabi_d2uiz
 .text.__aeabi_double_init
                0x100044f4       0x98 CMakeFiles/HomeAutomation.dir/home/nastyst16/.pico-sdk/sdk/1.5.1/src/rp2_common/pico_double/double_init_rom.c.obj
                0x100044f4                __aeabi_double_init
 .text.double_table_shim_on_use_helper
                0x1000458c       0x2c CMakeFiles/HomeAutomation.dir/home/nastyst16/.pico-sdk/sdk/1.5.1/src/rp2_common/pico_double/double_v1_rom_shim.S.obj
                0x1000458c                double_table_shim_on_use_helper
 .text.__wrap___aeabi_dsub
                0x100045b8       0x10 CMakeFiles/HomeAutomation.dir/home/nastyst16/.pico-sdk/sdk/1.5.1/src/rp2_common/pico_double/double_v1_rom_shim.S.obj
                0x100045b8                drsub_shim
                0x100045be                dsub_shim
 .text.dadd_shim
                0x100045c8      0x15c CMakeFiles/HomeAutomation.dir/home/nastyst16/.pico-sdk/sdk/1.5.1/src/rp2_common/pico_double/double_v1_rom_shim.S.obj
                0x100045c8                dadd_shim
 .text.dmul_shim
                0x10004724      0x15c CMakeFiles/HomeAutomation.dir/home/nastyst16/.pico-sdk/sdk/1.5.1/src/rp2_common/pico_double/double_v1_rom_shim.S.obj
                0x10004724                dmul_shim
 .text.ddiv_shim
                0x10004880      0x1b0 CMakeFiles/HomeAutomation.dir/home/nastyst16/.pico-sdk/sdk/1.5.1/src/rp2_common/pico_double/double_v1_rom_shim.S.obj
                0x10004880                ddiv_shim
 .text.double2uint_shim
                0x10004a30        0xe CMakeFiles/HomeAutomation.dir/home/nastyst16/.pico-sdk/sdk/1.5.1/src/rp2_common/pico_double/double_v1_rom_shim.S.obj
                0x10004a30                double2uint_shim
                0x10004a32                double2ufix_shim
 *fill*         0x10004a3e        0x2 
 .text.double2uint64_shim
                0x10004a40       0x70 CMakeFiles/HomeAutomation.dir/home/nastyst16/.pico-sdk/sdk/1.5.1/src/rp2_common/pico_double/double_v1_rom_shim.S.obj
                0x10004a40                double2uint64_shim
                0x10004a42                double2ufix64_shim
                0x10004a62                d2fix_a
 .text.dunpacks
                0x10004ab0       0x3c CMakeFiles/HomeAutomation.dir/home/nastyst16/.pico-sdk/sdk/1.5.1/src/rp2_common/pico_double/double_v1_rom_shim.S.obj
                0x10004ab0                dunpacks
 .text.__aeabi_lmul
                0x10004aec       0x32 CMakeFiles/HomeAutomation.dir/home/nastyst16/.pico-sdk/sdk/1.5.1/src/rp2_common/pico_int64_ops/pico_int64_ops_aeabi.S.obj
                0x10004aec                __wrap___aeabi_lmul
 *fill*         0x10004b1e        0x2 
 .text.__wrap___aeabi_farithmetic
                0x10004b20       0x48 CMakeFiles/HomeAutomation.dir/home/nastyst16/.pico-sdk/sdk/1.5.1/src/rp2_common/pico_float/float_aeabi.S.obj
                0x10004b20                __wrap___aeabi_frsub
                0x10004b26                __wrap___aeabi_fsub
                0x10004b2c                __wrap___aeabi_fadd
                0x10004b32                __wrap___aeabi_fdiv
                0x10004b5a                __wrap___aeabi_fmul
 .text.__wrap___aeabi_ui2f
                0x10004b68        0xa CMakeFiles/HomeAutomation.dir/home/nastyst16/.pico-sdk/sdk/1.5.1/src/rp2_common/pico_float/float_aeabi.S.obj
                0x10004b68                __wrap___aeabi_ui2f
 *fill*         0x10004b72        0x2 
 .text.__wrap___aeabi_i2f
                0x10004b74       0x44 CMakeFiles/HomeAutomation.dir/home/nastyst16/.pico-sdk/sdk/1.5.1/src/rp2_common/pico_float/float_aeabi.S.obj
                0x10004b74                __wrap___aeabi_i2f
 .text.__wrap___aeabi_f2uiz
                0x10004bb8        0xc CMakeFiles/HomeAutomation.dir/home/nastyst16/.pico-sdk/sdk/1.5.1/src/rp2_common/pico_float/float_aeabi.S.obj
                0x10004bb8                __wrap___aeabi_f2uiz
 .text.__wrap___aeabi_f2d
                0x10004bc4       0x14 CMakeFiles/HomeAutomation.dir/home/nastyst16/.pico-sdk/sdk/1.5.1/src/rp2_common/pico_float/float_aeabi.S.obj
                0x10004bc4                __wrap___aeabi_f2d
 .text.__aeabi_float_init
                0x10004bd8       0x64 CMakeFiles/HomeAutomation.dir/home/nastyst16/.pico-sdk/sdk/1.5.1/src/rp2_common/pico_float/float_init_rom.c.obj
                0x10004bd8                __aeabi_float_init
 .text.float_table_shim_on_use_helper
                0x10004c3c       0x2c CMakeFiles/HomeAutomation.dir/home/nastyst16/.pico-sdk/sdk/1.5.1/src/rp2_common/pico_float/float_v1_rom_shim.S.obj
                0x10004c3c                float_table_shim_on_use_helper
 .text.float2double_shim
                0x10004c68       0x30 CMakeFiles/HomeAutomation.dir/home/nastyst16/.pico-sdk/sdk/1.5.1/src/rp2_common/pico_float/float_v1_rom_shim.S.obj
                0x10004c68                float2double_shim
 .text          0x10004c98       0x10 CMakeFiles/HomeAutomation.dir/home/nastyst16/.pico-sdk/sdk/1.5.1/src/rp2_common/pico_mem_ops/mem_ops_aeabi.S.obj
                0x10004c98                __aeabi_mem_init
 .text.memset   0x10004ca8        0xc CMakeFiles/HomeAutomation.dir/home/nastyst16/.pico-sdk/sdk/1.5.1/src/rp2_common/pico_mem_ops/mem_ops_aeabi.S.obj
                0x10004ca8                __wrap_memset
 .text.memcpy   0x10004cb4        0xc CMakeFiles/HomeAutomation.dir/home/nastyst16/.pico-sdk/sdk/1.5.1/src/rp2_common/pico_mem_ops/mem_ops_aeabi.S.obj
                0x10004cb4                __wrap___aeabi_memcpy
                0x10004cb4                __wrap_memcpy
 .text.stdio_out_chars_crlf
                0x10004cc0       0x94 CMakeFiles/HomeAutomation.dir/home/nastyst16/.pico-sdk/sdk/1.5.1/src/rp2_common/pico_stdio/stdio.c.obj
 .text.stdio_buffered_printer
                0x10004d54       0x64 CMakeFiles/HomeAutomation.dir/home/nastyst16/.pico-sdk/sdk/1.5.1/src/rp2_common/pico_stdio/stdio.c.obj
 .text.__wrap_putchar
                0x10004db8       0x98 CMakeFiles/HomeAutomation.dir/home/nastyst16/.pico-sdk/sdk/1.5.1/src/rp2_common/pico_stdio/stdio.c.obj
                0x10004db8                __wrap_putchar
 .text.__wrap_puts
                0x10004e50       0xe0 CMakeFiles/HomeAutomation.dir/home/nastyst16/.pico-sdk/sdk/1.5.1/src/rp2_common/pico_stdio/stdio.c.obj
                0x10004e50                __wrap_puts
 .text.stdio_set_driver_enabled
                0x10004f30       0x30 CMakeFiles/HomeAutomation.dir/home/nastyst16/.pico-sdk/sdk/1.5.1/src/rp2_common/pico_stdio/stdio.c.obj
                0x10004f30                stdio_set_driver_enabled
 .text.__wrap_vprintf
                0x10004f60       0xd4 CMakeFiles/HomeAutomation.dir/home/nastyst16/.pico-sdk/sdk/1.5.1/src/rp2_common/pico_stdio/stdio.c.obj
                0x10004f60                __wrap_vprintf
 .text.__wrap_printf
                0x10005034       0x18 CMakeFiles/HomeAutomation.dir/home/nastyst16/.pico-sdk/sdk/1.5.1/src/rp2_common/pico_stdio/stdio.c.obj
                0x10005034                __wrap_printf
 .text.stdio_init_all
                0x1000504c       0x10 CMakeFiles/HomeAutomation.dir/home/nastyst16/.pico-sdk/sdk/1.5.1/src/rp2_common/pico_stdio/stdio.c.obj
                0x1000504c                stdio_init_all
 .text.getchar_timeout_us
                0x1000505c       0x98 CMakeFiles/HomeAutomation.dir/home/nastyst16/.pico-sdk/sdk/1.5.1/src/rp2_common/pico_stdio/stdio.c.obj
                0x1000505c                getchar_timeout_us
 .text.stdio_uart_out_chars
                0x100050f4       0x4c CMakeFiles/HomeAutomation.dir/home/nastyst16/.pico-sdk/sdk/1.5.1/src/rp2_common/pico_stdio_uart/stdio_uart.c.obj
 .text.stdio_uart_in_chars
                0x10005140       0x90 CMakeFiles/HomeAutomation.dir/home/nastyst16/.pico-sdk/sdk/1.5.1/src/rp2_common/pico_stdio_uart/stdio_uart.c.obj
                0x10005140                stdio_uart_in_chars
 .text.on_uart_rx
                0x100051d0       0x28 CMakeFiles/HomeAutomation.dir/home/nastyst16/.pico-sdk/sdk/1.5.1/src/rp2_common/pico_stdio_uart/stdio_uart.c.obj
 .text.stdio_uart_set_chars_available_callback
                0x100051f8       0x8c CMakeFiles/HomeAutomation.dir/home/nastyst16/.pico-sdk/sdk/1.5.1/src/rp2_common/pico_stdio_uart/stdio_uart.c.obj
 .text.stdio_uart_init
                0x10005284       0x48 CMakeFiles/HomeAutomation.dir/home/nastyst16/.pico-sdk/sdk/1.5.1/src/rp2_common/pico_stdio_uart/stdio_uart.c.obj
                0x10005284                stdio_uart_init
 .text.resetd_init
                0x100052cc        0x4 CMakeFiles/HomeAutomation.dir/home/nastyst16/.pico-sdk/sdk/1.5.1/src/rp2_common/pico_stdio_usb/reset_interface.c.obj
 .text.resetd_reset
                0x100052d0        0xc CMakeFiles/HomeAutomation.dir/home/nastyst16/.pico-sdk/sdk/1.5.1/src/rp2_common/pico_stdio_usb/reset_interface.c.obj
 .text.resetd_open
                0x100052dc       0x28 CMakeFiles/HomeAutomation.dir/home/nastyst16/.pico-sdk/sdk/1.5.1/src/rp2_common/pico_stdio_usb/reset_interface.c.obj
 .text.resetd_xfer_cb
                0x10005304        0x4 CMakeFiles/HomeAutomation.dir/home/nastyst16/.pico-sdk/sdk/1.5.1/src/rp2_common/pico_stdio_usb/reset_interface.c.obj
 .text.resetd_control_xfer_cb
                0x10005308       0x60 CMakeFiles/HomeAutomation.dir/home/nastyst16/.pico-sdk/sdk/1.5.1/src/rp2_common/pico_stdio_usb/reset_interface.c.obj
 .text.usbd_app_driver_get_cb
                0x10005368        0xc CMakeFiles/HomeAutomation.dir/home/nastyst16/.pico-sdk/sdk/1.5.1/src/rp2_common/pico_stdio_usb/reset_interface.c.obj
                0x10005368                usbd_app_driver_get_cb
 .text.tud_cdc_line_coding_cb
                0x10005374       0x34 CMakeFiles/HomeAutomation.dir/home/nastyst16/.pico-sdk/sdk/1.5.1/src/rp2_common/pico_stdio_usb/reset_interface.c.obj
                0x10005374                tud_cdc_line_coding_cb
 .text.stdio_usb_set_chars_available_callback
                0x100053a8       0x14 CMakeFiles/HomeAutomation.dir/home/nastyst16/.pico-sdk/sdk/1.5.1/src/rp2_common/pico_stdio_usb/stdio_usb.c.obj
                0x100053a8                stdio_usb_set_chars_available_callback
 .text.usb_irq  0x100053bc       0x10 CMakeFiles/HomeAutomation.dir/home/nastyst16/.pico-sdk/sdk/1.5.1/src/rp2_common/pico_stdio_usb/stdio_usb.c.obj
 .text.timer_task
                0x100053cc       0x54 CMakeFiles/HomeAutomation.dir/home/nastyst16/.pico-sdk/sdk/1.5.1/src/rp2_common/pico_stdio_usb/stdio_usb.c.obj
 .text.stdio_usb_in_chars
                0x10005420       0x90 CMakeFiles/HomeAutomation.dir/home/nastyst16/.pico-sdk/sdk/1.5.1/src/rp2_common/pico_stdio_usb/stdio_usb.c.obj
                0x10005420                stdio_usb_in_chars
 .text.stdio_usb_out_chars
                0x100054b0      0x104 CMakeFiles/HomeAutomation.dir/home/nastyst16/.pico-sdk/sdk/1.5.1/src/rp2_common/pico_stdio_usb/stdio_usb.c.obj
 .text.low_priority_worker_irq
                0x100055b4       0xa8 CMakeFiles/HomeAutomation.dir/home/nastyst16/.pico-sdk/sdk/1.5.1/src/rp2_common/pico_stdio_usb/stdio_usb.c.obj
 .text.tud_cdc_rx_cb
                0x1000565c       0x20 CMakeFiles/HomeAutomation.dir/home/nastyst16/.pico-sdk/sdk/1.5.1/src/rp2_common/pico_stdio_usb/stdio_usb.c.obj
                0x1000565c                tud_cdc_rx_cb
 .text.stdio_usb_init
                0x1000567c       0xe0 CMakeFiles/HomeAutomation.dir/home/nastyst16/.pico-sdk/sdk/1.5.1/src/rp2_common/pico_stdio_usb/stdio_usb.c.obj
                0x1000567c                stdio_usb_init
 .text.tud_descriptor_device_cb
                0x1000575c        0x8 CMakeFiles/HomeAutomation.dir/home/nastyst16/.pico-sdk/sdk/1.5.1/src/rp2_common/pico_stdio_usb/stdio_usb_descriptors.c.obj
                0x1000575c                tud_descriptor_device_cb
 .text.tud_descriptor_configuration_cb
                0x10005764        0x8 CMakeFiles/HomeAutomation.dir/home/nastyst16/.pico-sdk/sdk/1.5.1/src/rp2_common/pico_stdio_usb/stdio_usb_descriptors.c.obj
                0x10005764                tud_descriptor_configuration_cb
 .text.tud_descriptor_string_cb
                0x1000576c       0x78 CMakeFiles/HomeAutomation.dir/home/nastyst16/.pico-sdk/sdk/1.5.1/src/rp2_common/pico_stdio_usb/stdio_usb_descriptors.c.obj
                0x1000576c                tud_descriptor_string_cb
 .text.startup._retrieve_unique_id_on_boot
                0x100057e4       0x10 CMakeFiles/HomeAutomation.dir/home/nastyst16/.pico-sdk/sdk/1.5.1/src/rp2_common/pico_unique_id/unique_id.c.obj
 .text.pico_get_unique_board_id_string
                0x100057f4      0x1a8 CMakeFiles/HomeAutomation.dir/home/nastyst16/.pico-sdk/sdk/1.5.1/src/rp2_common/pico_unique_id/unique_id.c.obj
                0x100057f4                pico_get_unique_board_id_string
 .text.flash_get_unique_id
                0x1000599c       0x3c CMakeFiles/HomeAutomation.dir/home/nastyst16/.pico-sdk/sdk/1.5.1/src/rp2_common/hardware_flash/flash.c.obj
                0x1000599c                flash_get_unique_id
 .text.dcd_int_enable
                0x100059d8        0xc CMakeFiles/HomeAutomation.dir/home/nastyst16/.pico-sdk/sdk/1.5.1/lib/tinyusb/src/portable/raspberrypi/rp2040/dcd_rp2040.c.obj
                0x100059d8                dcd_int_enable
 .text.dcd_set_address
                0x100059e4       0x14 CMakeFiles/HomeAutomation.dir/home/nastyst16/.pico-sdk/sdk/1.5.1/lib/tinyusb/src/portable/raspberrypi/rp2040/dcd_rp2040.c.obj
                0x100059e4                dcd_set_address
 .text.dcd_connect
                0x100059f8       0x10 CMakeFiles/HomeAutomation.dir/home/nastyst16/.pico-sdk/sdk/1.5.1/lib/tinyusb/src/portable/raspberrypi/rp2040/dcd_rp2040.c.obj
                0x100059f8                dcd_connect
 .text.dcd_init
                0x10005a08       0x98 CMakeFiles/HomeAutomation.dir/home/nastyst16/.pico-sdk/sdk/1.5.1/lib/tinyusb/src/portable/raspberrypi/rp2040/dcd_rp2040.c.obj
                0x10005a08                dcd_init
 .text.dcd_edpt0_status_complete
                0x10005aa0       0x1c CMakeFiles/HomeAutomation.dir/home/nastyst16/.pico-sdk/sdk/1.5.1/lib/tinyusb/src/portable/raspberrypi/rp2040/dcd_rp2040.c.obj
                0x10005aa0                dcd_edpt0_status_complete
 .text.dcd_edpt_open
                0x10005abc      0x108 CMakeFiles/HomeAutomation.dir/home/nastyst16/.pico-sdk/sdk/1.5.1/lib/tinyusb/src/portable/raspberrypi/rp2040/dcd_rp2040.c.obj
                0x10005abc                dcd_edpt_open
 .text.dcd_edpt_close_all
                0x10005bc4        0x8 CMakeFiles/HomeAutomation.dir/home/nastyst16/.pico-sdk/sdk/1.5.1/lib/tinyusb/src/portable/raspberrypi/rp2040/dcd_rp2040.c.obj
                0x10005bc4                dcd_edpt_close_all
 .text.dcd_edpt_xfer
                0x10005bcc       0x24 CMakeFiles/HomeAutomation.dir/home/nastyst16/.pico-sdk/sdk/1.5.1/lib/tinyusb/src/portable/raspberrypi/rp2040/dcd_rp2040.c.obj
                0x10005bcc                dcd_edpt_xfer
 .text.dcd_edpt_stall
                0x10005bf0       0x34 CMakeFiles/HomeAutomation.dir/home/nastyst16/.pico-sdk/sdk/1.5.1/lib/tinyusb/src/portable/raspberrypi/rp2040/dcd_rp2040.c.obj
                0x10005bf0                dcd_edpt_stall
 .text.dcd_edpt_clear_stall
                0x10005c24       0x30 CMakeFiles/HomeAutomation.dir/home/nastyst16/.pico-sdk/sdk/1.5.1/lib/tinyusb/src/portable/raspberrypi/rp2040/dcd_rp2040.c.obj
                0x10005c24                dcd_edpt_clear_stall
 .text.rp2040_usb_init
                0x10005c54       0x4c CMakeFiles/HomeAutomation.dir/home/nastyst16/.pico-sdk/sdk/1.5.1/lib/tinyusb/src/portable/raspberrypi/rp2040/rp2040_usb.c.obj
                0x10005c54                rp2040_usb_init
 .text.hw_endpoint_xfer_start
                0x10005ca0       0x40 CMakeFiles/HomeAutomation.dir/home/nastyst16/.pico-sdk/sdk/1.5.1/lib/tinyusb/src/portable/raspberrypi/rp2040/rp2040_usb.c.obj
                0x10005ca0                hw_endpoint_xfer_start
 .text.tud_mounted
                0x10005ce0       0x10 CMakeFiles/HomeAutomation.dir/home/nastyst16/.pico-sdk/sdk/1.5.1/lib/tinyusb/src/device/usbd.c.obj
                0x10005ce0                tud_mounted
 .text.tud_suspended
                0x10005cf0       0x10 CMakeFiles/HomeAutomation.dir/home/nastyst16/.pico-sdk/sdk/1.5.1/lib/tinyusb/src/device/usbd.c.obj
                0x10005cf0                tud_suspended
 .text.tud_inited
                0x10005d00       0x14 CMakeFiles/HomeAutomation.dir/home/nastyst16/.pico-sdk/sdk/1.5.1/lib/tinyusb/src/device/usbd.c.obj
                0x10005d00                tud_inited
 .text.tud_init
                0x10005d14       0xdc CMakeFiles/HomeAutomation.dir/home/nastyst16/.pico-sdk/sdk/1.5.1/lib/tinyusb/src/device/usbd.c.obj
                0x10005d14                tud_init
 .text.tud_task_ext
                0x10005df0      0x850 CMakeFiles/HomeAutomation.dir/home/nastyst16/.pico-sdk/sdk/1.5.1/lib/tinyusb/src/device/usbd.c.obj
                0x10005df0                tud_task_ext
 .text.usbd_open_edpt_pair
                0x10006640       0x9c CMakeFiles/HomeAutomation.dir/home/nastyst16/.pico-sdk/sdk/1.5.1/lib/tinyusb/src/device/usbd.c.obj
                0x10006640                usbd_open_edpt_pair
 .text.usbd_defer_func
                0x100066dc       0x48 CMakeFiles/HomeAutomation.dir/home/nastyst16/.pico-sdk/sdk/1.5.1/lib/tinyusb/src/device/usbd.c.obj
                0x100066dc                usbd_defer_func
 .text.usbd_edpt_open
                0x10006724       0x34 CMakeFiles/HomeAutomation.dir/home/nastyst16/.pico-sdk/sdk/1.5.1/lib/tinyusb/src/device/usbd.c.obj
                0x10006724                usbd_edpt_open
 .text.usbd_edpt_claim
                0x10006758       0x28 CMakeFiles/HomeAutomation.dir/home/nastyst16/.pico-sdk/sdk/1.5.1/lib/tinyusb/src/device/usbd.c.obj
                0x10006758                usbd_edpt_claim
 .text.usbd_edpt_release
                0x10006780       0x28 CMakeFiles/HomeAutomation.dir/home/nastyst16/.pico-sdk/sdk/1.5.1/lib/tinyusb/src/device/usbd.c.obj
                0x10006780                usbd_edpt_release
 .text.usbd_edpt_xfer
                0x100067a8       0x4c CMakeFiles/HomeAutomation.dir/home/nastyst16/.pico-sdk/sdk/1.5.1/lib/tinyusb/src/device/usbd.c.obj
                0x100067a8                usbd_edpt_xfer
 .text.tud_control_status
                0x100067f4       0x2c CMakeFiles/HomeAutomation.dir/home/nastyst16/.pico-sdk/sdk/1.5.1/lib/tinyusb/src/device/usbd_control.c.obj
                0x100067f4                tud_control_status
 .text.tud_control_xfer
                0x10006820       0xac CMakeFiles/HomeAutomation.dir/home/nastyst16/.pico-sdk/sdk/1.5.1/lib/tinyusb/src/device/usbd_control.c.obj
                0x10006820                tud_control_xfer
 .text.usbd_control_reset
                0x100068cc       0x14 CMakeFiles/HomeAutomation.dir/home/nastyst16/.pico-sdk/sdk/1.5.1/lib/tinyusb/src/device/usbd_control.c.obj
                0x100068cc                usbd_control_reset
 .text.usbd_control_set_complete_callback
                0x100068e0        0xc CMakeFiles/HomeAutomation.dir/home/nastyst16/.pico-sdk/sdk/1.5.1/lib/tinyusb/src/device/usbd_control.c.obj
                0x100068e0                usbd_control_set_complete_callback
 .text.usbd_control_set_request
                0x100068ec       0x1c CMakeFiles/HomeAutomation.dir/home/nastyst16/.pico-sdk/sdk/1.5.1/lib/tinyusb/src/device/usbd_control.c.obj
                0x100068ec                usbd_control_set_request
 .text.usbd_control_xfer_cb
                0x10006908       0xf4 CMakeFiles/HomeAutomation.dir/home/nastyst16/.pico-sdk/sdk/1.5.1/lib/tinyusb/src/device/usbd_control.c.obj
                0x10006908                usbd_control_xfer_cb
 .text.tud_cdc_n_connected
                0x100069fc       0x30 CMakeFiles/HomeAutomation.dir/home/nastyst16/.pico-sdk/sdk/1.5.1/lib/tinyusb/src/class/cdc/cdc_device.c.obj
                0x100069fc                tud_cdc_n_connected
 .text.tud_cdc_n_available
                0x10006a2c       0x18 CMakeFiles/HomeAutomation.dir/home/nastyst16/.pico-sdk/sdk/1.5.1/lib/tinyusb/src/class/cdc/cdc_device.c.obj
                0x10006a2c                tud_cdc_n_available
 .text.tud_cdc_n_read
                0x10006a44       0x70 CMakeFiles/HomeAutomation.dir/home/nastyst16/.pico-sdk/sdk/1.5.1/lib/tinyusb/src/class/cdc/cdc_device.c.obj
                0x10006a44                tud_cdc_n_read
 .text.tud_cdc_n_write_flush
                0x10006ab4       0x78 CMakeFiles/HomeAutomation.dir/home/nastyst16/.pico-sdk/sdk/1.5.1/lib/tinyusb/src/class/cdc/cdc_device.c.obj
                0x10006ab4                tud_cdc_n_write_flush
 .text.tud_cdc_n_write
                0x10006b2c       0x34 CMakeFiles/HomeAutomation.dir/home/nastyst16/.pico-sdk/sdk/1.5.1/lib/tinyusb/src/class/cdc/cdc_device.c.obj
                0x10006b2c                tud_cdc_n_write
 .text.tud_cdc_n_write_available
                0x10006b60       0x18 CMakeFiles/HomeAutomation.dir/home/nastyst16/.pico-sdk/sdk/1.5.1/lib/tinyusb/src/class/cdc/cdc_device.c.obj
                0x10006b60                tud_cdc_n_write_available
 .text.cdcd_init
                0x10006b78       0x7c CMakeFiles/HomeAutomation.dir/home/nastyst16/.pico-sdk/sdk/1.5.1/lib/tinyusb/src/class/cdc/cdc_device.c.obj
                0x10006b78                cdcd_init
 .text.cdcd_reset
                0x10006bf4       0x2c CMakeFiles/HomeAutomation.dir/home/nastyst16/.pico-sdk/sdk/1.5.1/lib/tinyusb/src/class/cdc/cdc_device.c.obj
                0x10006bf4                cdcd_reset
 .text.cdcd_open
                0x10006c20       0xe4 CMakeFiles/HomeAutomation.dir/home/nastyst16/.pico-sdk/sdk/1.5.1/lib/tinyusb/src/class/cdc/cdc_device.c.obj
                0x10006c20                cdcd_open
 .text.cdcd_control_xfer_cb
                0x10006d04       0xe4 CMakeFiles/HomeAutomation.dir/home/nastyst16/.pico-sdk/sdk/1.5.1/lib/tinyusb/src/class/cdc/cdc_device.c.obj
                0x10006d04                cdcd_control_xfer_cb
 .text.cdcd_xfer_cb
                0x10006de8      0x13c CMakeFiles/HomeAutomation.dir/home/nastyst16/.pico-sdk/sdk/1.5.1/lib/tinyusb/src/class/cdc/cdc_device.c.obj
                0x10006de8                cdcd_xfer_cb
 .text.tusb_init
                0x10006f24        0xc CMakeFiles/HomeAutomation.dir/home/nastyst16/.pico-sdk/sdk/1.5.1/lib/tinyusb/src/tusb.c.obj
                0x10006f24                tusb_init
 .text.tusb_inited
                0x10006f30        0x8 CMakeFiles/HomeAutomation.dir/home/nastyst16/.pico-sdk/sdk/1.5.1/lib/tinyusb/src/tusb.c.obj
                0x10006f30                tusb_inited
 .text.tu_edpt_claim
                0x10006f38       0x50 CMakeFiles/HomeAutomation.dir/home/nastyst16/.pico-sdk/sdk/1.5.1/lib/tinyusb/src/tusb.c.obj
                0x10006f38                tu_edpt_claim
 .text.tu_edpt_release
                0x10006f88       0x38 CMakeFiles/HomeAutomation.dir/home/nastyst16/.pico-sdk/sdk/1.5.1/lib/tinyusb/src/tusb.c.obj
                0x10006f88                tu_edpt_release
 .text.tu_edpt_validate
                0x10006fc0       0x7c CMakeFiles/HomeAutomation.dir/home/nastyst16/.pico-sdk/sdk/1.5.1/lib/tinyusb/src/tusb.c.obj
                0x10006fc0                tu_edpt_validate
 .text.tu_edpt_bind_driver
                0x1000703c       0x34 CMakeFiles/HomeAutomation.dir/home/nastyst16/.pico-sdk/sdk/1.5.1/lib/tinyusb/src/tusb.c.obj
                0x1000703c                tu_edpt_bind_driver
 .text.tu_fifo_config
                0x10007070       0x6c CMakeFiles/HomeAutomation.dir/home/nastyst16/.pico-sdk/sdk/1.5.1/lib/tinyusb/src/common/tusb_fifo.c.obj
                0x10007070                tu_fifo_config
 .text.tu_fifo_count
                0x100070dc       0x2c CMakeFiles/HomeAutomation.dir/home/nastyst16/.pico-sdk/sdk/1.5.1/lib/tinyusb/src/common/tusb_fifo.c.obj
                0x100070dc                tu_fifo_count
 .text.tu_fifo_empty
                0x10007108       0x10 CMakeFiles/HomeAutomation.dir/home/nastyst16/.pico-sdk/sdk/1.5.1/lib/tinyusb/src/common/tusb_fifo.c.obj
                0x10007108                tu_fifo_empty
 .text.tu_fifo_remaining
                0x10007118       0x2c CMakeFiles/HomeAutomation.dir/home/nastyst16/.pico-sdk/sdk/1.5.1/lib/tinyusb/src/common/tusb_fifo.c.obj
                0x10007118                tu_fifo_remaining
 .text.tu_fifo_read
                0x10007144       0x9c CMakeFiles/HomeAutomation.dir/home/nastyst16/.pico-sdk/sdk/1.5.1/lib/tinyusb/src/common/tusb_fifo.c.obj
                0x10007144                tu_fifo_read
 .text.tu_fifo_read_n
                0x100071e0       0xe8 CMakeFiles/HomeAutomation.dir/home/nastyst16/.pico-sdk/sdk/1.5.1/lib/tinyusb/src/common/tusb_fifo.c.obj
                0x100071e0                tu_fifo_read_n
 .text.tu_fifo_write
                0x100072c8       0xa8 CMakeFiles/HomeAutomation.dir/home/nastyst16/.pico-sdk/sdk/1.5.1/lib/tinyusb/src/common/tusb_fifo.c.obj
                0x100072c8                tu_fifo_write
 .text.tu_fifo_write_n
                0x10007370      0x178 CMakeFiles/HomeAutomation.dir/home/nastyst16/.pico-sdk/sdk/1.5.1/lib/tinyusb/src/common/tusb_fifo.c.obj
                0x10007370                tu_fifo_write_n
 .text.tu_fifo_clear
                0x100074e8       0x40 CMakeFiles/HomeAutomation.dir/home/nastyst16/.pico-sdk/sdk/1.5.1/lib/tinyusb/src/common/tusb_fifo.c.obj
                0x100074e8                tu_fifo_clear
 .text.tu_fifo_set_overwritable
                0x10007528       0x48 CMakeFiles/HomeAutomation.dir/home/nastyst16/.pico-sdk/sdk/1.5.1/lib/tinyusb/src/common/tusb_fifo.c.obj
                0x10007528                tu_fifo_set_overwritable
 .text.strlen   0x10007570       0x5c /home/nastyst16/.pico-sdk/toolchain/13_2_Rel1/bin/../lib/gcc/arm-none-eabi/13.2.1/../../../../arm-none-eabi/lib/thumb/v6-m/nofp/libc.a(libc_a-strlen-stub.o)
                0x10007570                strlen
 *(.fini)
 .fini          0x100075cc        0x4 /home/nastyst16/.pico-sdk/toolchain/13_2_Rel1/bin/../lib/gcc/arm-none-eabi/13.2.1/thumb/v6-m/nofp/crti.o
                0x100075cc                _fini
 .fini.__stub   0x100075d0       0xc0 linker stubs
 *crtbegin.o(.ctors)
 *crtbegin?.o(.ctors)
 *(EXCLUDE_FILE(*crtend.o *crtend?.o) .ctors)
 *(SORT_BY_NAME(.ctors.*))
 *(.ctors)
 *crtbegin.o(.dtors)
 *crtbegin?.o(.dtors)
 *(EXCLUDE_FILE(*crtend.o *crtend?.o) .dtors)
 *(SORT_BY_NAME(.dtors.*))
 *(.dtors)
 *(.eh_frame*)
 .eh_frame      0x10007690        0x0 /home/nastyst16/.pico-sdk/toolchain/13_2_Rel1/bin/../lib/gcc/arm-none-eabi/13.2.1/thumb/v6-m/nofp/crtbegin.o
                0x10007690                        . = ALIGN (0x4)

.glue_7         0x10007690        0x0
 .glue_7        0x10007690        0x0 linker stubs

.glue_7t        0x10007690        0x0
 .glue_7t       0x10007690        0x0 linker stubs

.vfp11_veneer   0x10007690        0x0
 .vfp11_veneer  0x10007690        0x0 linker stubs

.v4_bx          0x10007690        0x0
 .v4_bx         0x10007690        0x0 linker stubs

.iplt           0x10007690        0x0
 .iplt          0x10007690        0x0 /home/nastyst16/.pico-sdk/toolchain/13_2_Rel1/bin/../lib/gcc/arm-none-eabi/13.2.1/thumb/v6-m/nofp/crtbegin.o

.rodata         0x10007690      0x63c
 *(EXCLUDE_FILE(*libm.a: *libc.a:*lib_a-mem*.o *libgcc.a:) .rodata*)
 .rodata.main.str1.4
                0x10007690      0x29c CMakeFiles/HomeAutomation.dir/HomeAutomation.c.obj
                                 0x99 (size before relaxing)
 .rodata.dht_program
                0x1000792c        0x6 CMakeFiles/HomeAutomation.dir/dht/dht.c.obj
 *fill*         0x10007932        0x2 
 .rodata.dht_program_instructions
                0x10007934       0x22 CMakeFiles/HomeAutomation.dir/dht/dht.c.obj
 .rodata.spin_lock_claim_unused.str1.4
                0x10007956       0x1b CMakeFiles/HomeAutomation.dir/home/nastyst16/.pico-sdk/sdk/1.5.1/src/rp2_common/hardware_sync/sync.c.obj
 .rodata.user_irq_claim_unused.str1.4
                0x10007956       0x1b CMakeFiles/HomeAutomation.dir/home/nastyst16/.pico-sdk/sdk/1.5.1/src/rp2_common/hardware_irq/irq.c.obj
 .rodata.hardware_alarm_claim.str1.4
                0x10007956       0x22 CMakeFiles/HomeAutomation.dir/home/nastyst16/.pico-sdk/sdk/1.5.1/src/rp2_common/hardware_timer/timer.c.obj
 .rodata.dma_claim_unused_channel.str1.4
                0x10007956       0x1e CMakeFiles/HomeAutomation.dir/home/nastyst16/.pico-sdk/sdk/1.5.1/src/rp2_common/hardware_dma/dma.c.obj
 .rodata.pio_claim_unused_sm.str1.4
                0x10007956       0x24 CMakeFiles/HomeAutomation.dir/home/nastyst16/.pico-sdk/sdk/1.5.1/src/rp2_common/hardware_pio/pio.c.obj
 .rodata.pio_add_program.str1.4
                0x10007956       0x11 CMakeFiles/HomeAutomation.dir/home/nastyst16/.pico-sdk/sdk/1.5.1/src/rp2_common/hardware_pio/pio.c.obj
 .rodata.panic.str1.4
                0x10007956       0x12 CMakeFiles/HomeAutomation.dir/home/nastyst16/.pico-sdk/sdk/1.5.1/src/rp2_common/pico_runtime/runtime.c.obj
 .rodata.hard_assertion_failure.str1.4
                0x10007956        0xc CMakeFiles/HomeAutomation.dir/home/nastyst16/.pico-sdk/sdk/1.5.1/src/rp2_common/pico_runtime/runtime.c.obj
 .rodata._ftoa.str1.4
                0x10007956       0x15 CMakeFiles/HomeAutomation.dir/home/nastyst16/.pico-sdk/sdk/1.5.1/src/rp2_common/pico_printf/printf.c.obj
 *fill*         0x10007956        0x2 
 .rodata._vsnprintf
                0x10007958      0x19c CMakeFiles/HomeAutomation.dir/home/nastyst16/.pico-sdk/sdk/1.5.1/src/rp2_common/pico_printf/printf.c.obj
 *fill*         0x10007af4        0x4 
 .rodata.pow10.0
                0x10007af8       0x50 CMakeFiles/HomeAutomation.dir/home/nastyst16/.pico-sdk/sdk/1.5.1/src/rp2_common/pico_printf/printf.c.obj
 .rodata.str1.4
                0x10007b48       0x44 CMakeFiles/HomeAutomation.dir/home/nastyst16/.pico-sdk/sdk/1.5.1/src/rp2_common/pico_standard_link/binary_info.c.obj
 .rodata.__bi_81
                0x10007b48        0xc CMakeFiles/HomeAutomation.dir/home/nastyst16/.pico-sdk/sdk/1.5.1/src/rp2_common/pico_standard_link/binary_info.c.obj
 .rodata.__bi_75
                0x10007b54        0xc CMakeFiles/HomeAutomation.dir/home/nastyst16/.pico-sdk/sdk/1.5.1/src/rp2_common/pico_standard_link/binary_info.c.obj
 .rodata.__bi_44
                0x10007b60        0xc CMakeFiles/HomeAutomation.dir/home/nastyst16/.pico-sdk/sdk/1.5.1/src/rp2_common/pico_standard_link/binary_info.c.obj
 .rodata.crlf_str.0
                0x10007b6c        0x2 CMakeFiles/HomeAutomation.dir/home/nastyst16/.pico-sdk/sdk/1.5.1/src/rp2_common/pico_stdio/stdio.c.obj
 .rodata.str1.4
                0x10007b6e       0x2c CMakeFiles/HomeAutomation.dir/home/nastyst16/.pico-sdk/sdk/1.5.1/src/rp2_common/pico_stdio_uart/stdio_uart.c.obj
 *fill*         0x10007b6e        0x2 
 .rodata.__bi_33.4
                0x10007b70        0xc CMakeFiles/HomeAutomation.dir/home/nastyst16/.pico-sdk/sdk/1.5.1/src/rp2_common/pico_stdio_uart/stdio_uart.c.obj
 .rodata.__bi_34.5
                0x10007b7c        0x8 CMakeFiles/HomeAutomation.dir/home/nastyst16/.pico-sdk/sdk/1.5.1/src/rp2_common/pico_stdio_uart/stdio_uart.c.obj
 .rodata._resetd_driver
                0x10007b84       0x18 CMakeFiles/HomeAutomation.dir/home/nastyst16/.pico-sdk/sdk/1.5.1/src/rp2_common/pico_stdio_usb/reset_interface.c.obj
 .rodata.str1.4
                0x10007b9c       0x13 CMakeFiles/HomeAutomation.dir/home/nastyst16/.pico-sdk/sdk/1.5.1/src/rp2_common/pico_stdio_usb/stdio_usb.c.obj
 .rodata.__bi_182.0
                0x10007b9c        0xc CMakeFiles/HomeAutomation.dir/home/nastyst16/.pico-sdk/sdk/1.5.1/src/rp2_common/pico_stdio_usb/stdio_usb.c.obj
 .rodata.str1.4
                0x10007ba8       0x2a CMakeFiles/HomeAutomation.dir/home/nastyst16/.pico-sdk/sdk/1.5.1/src/rp2_common/pico_stdio_usb/stdio_usb_descriptors.c.obj
 .rodata.usbd_desc_str
                0x10007ba8       0x18 CMakeFiles/HomeAutomation.dir/home/nastyst16/.pico-sdk/sdk/1.5.1/src/rp2_common/pico_stdio_usb/stdio_usb_descriptors.c.obj
 .rodata.usbd_desc_cfg
                0x10007bc0       0x54 CMakeFiles/HomeAutomation.dir/home/nastyst16/.pico-sdk/sdk/1.5.1/src/rp2_common/pico_stdio_usb/stdio_usb_descriptors.c.obj
 .rodata.usbd_desc_device
                0x10007c14       0x12 CMakeFiles/HomeAutomation.dir/home/nastyst16/.pico-sdk/sdk/1.5.1/src/rp2_common/pico_stdio_usb/stdio_usb_descriptors.c.obj
 .rodata.str1.4
                0x10007c26       0x14 CMakeFiles/HomeAutomation.dir/home/nastyst16/.pico-sdk/sdk/1.5.1/lib/tinyusb/src/portable/raspberrypi/rp2040/dcd_rp2040.c.obj
 .rodata.str1.4
                0x10007c26       0x53 CMakeFiles/HomeAutomation.dir/home/nastyst16/.pico-sdk/sdk/1.5.1/lib/tinyusb/src/portable/raspberrypi/rp2040/rp2040_usb.c.obj
 *fill*         0x10007c26        0x2 
 .rodata.tud_task_ext
                0x10007c28       0x8c CMakeFiles/HomeAutomation.dir/home/nastyst16/.pico-sdk/sdk/1.5.1/lib/tinyusb/src/device/usbd.c.obj
 .rodata._usbd_driver
                0x10007cb4       0x18 CMakeFiles/HomeAutomation.dir/home/nastyst16/.pico-sdk/sdk/1.5.1/lib/tinyusb/src/device/usbd.c.obj
                0x10007ccc                        . = ALIGN (0x4)
 *(SORT_BY_ALIGNMENT(SORT_BY_NAME(.flashdata*)))
                0x10007ccc                        . = ALIGN (0x4)

.ARM.extab
 *(.ARM.extab* .gnu.linkonce.armextab.*)
                0x10007ccc                        __exidx_start = .

.ARM.exidx
 *(.ARM.exidx* .gnu.linkonce.armexidx.*)
                0x10007ccc                        __exidx_end = .
                0x10007ccc                        . = ALIGN (0x4)
                0x10007ccc                        __binary_info_start = .

.binary_info    0x10007ccc       0x28
 *(.binary_info.keep.*)
 .binary_info.keep.__bi_ptr81
                0x10007ccc        0x4 CMakeFiles/HomeAutomation.dir/home/nastyst16/.pico-sdk/sdk/1.5.1/src/rp2_common/pico_standard_link/binary_info.c.obj
 .binary_info.keep.__bi_ptr75
                0x10007cd0        0x4 CMakeFiles/HomeAutomation.dir/home/nastyst16/.pico-sdk/sdk/1.5.1/src/rp2_common/pico_standard_link/binary_info.c.obj
 .binary_info.keep.__bi_ptr50
                0x10007cd4        0x4 CMakeFiles/HomeAutomation.dir/home/nastyst16/.pico-sdk/sdk/1.5.1/src/rp2_common/pico_standard_link/binary_info.c.obj
 .binary_info.keep.__bi_ptr44
                0x10007cd8        0x4 CMakeFiles/HomeAutomation.dir/home/nastyst16/.pico-sdk/sdk/1.5.1/src/rp2_common/pico_standard_link/binary_info.c.obj
 .binary_info.keep.__bi_ptr38
                0x10007cdc        0x4 CMakeFiles/HomeAutomation.dir/home/nastyst16/.pico-sdk/sdk/1.5.1/src/rp2_common/pico_standard_link/binary_info.c.obj
 .binary_info.keep.__bi_ptr30
                0x10007ce0        0x4 CMakeFiles/HomeAutomation.dir/home/nastyst16/.pico-sdk/sdk/1.5.1/src/rp2_common/pico_standard_link/binary_info.c.obj
 .binary_info.keep.__bi_ptr22
                0x10007ce4        0x4 CMakeFiles/HomeAutomation.dir/home/nastyst16/.pico-sdk/sdk/1.5.1/src/rp2_common/pico_standard_link/binary_info.c.obj
 *(.binary_info.*)
 .binary_info.__bi_ptr34
                0x10007ce8        0x4 CMakeFiles/HomeAutomation.dir/home/nastyst16/.pico-sdk/sdk/1.5.1/src/rp2_common/pico_stdio_uart/stdio_uart.c.obj
 .binary_info.__bi_ptr33
                0x10007cec        0x4 CMakeFiles/HomeAutomation.dir/home/nastyst16/.pico-sdk/sdk/1.5.1/src/rp2_common/pico_stdio_uart/stdio_uart.c.obj
 .binary_info.__bi_ptr182
                0x10007cf0        0x4 CMakeFiles/HomeAutomation.dir/home/nastyst16/.pico-sdk/sdk/1.5.1/src/rp2_common/pico_stdio_usb/stdio_usb.c.obj
                0x10007cf4                        __binary_info_end = .

.rel.dyn        0x10007cf4        0x0
 .rel.iplt      0x10007cf4        0x0 /home/nastyst16/.pico-sdk/toolchain/13_2_Rel1/bin/../lib/gcc/arm-none-eabi/13.2.1/thumb/v6-m/nofp/crtbegin.o
                0x10007cf4                        . = ALIGN (0x4)

.ram_vector_table
                0x20000000       0xc0
 *(.ram_vector_table)
 .ram_vector_table
                0x20000000       0xc0 CMakeFiles/HomeAutomation.dir/home/nastyst16/.pico-sdk/sdk/1.5.1/src/rp2_common/pico_runtime/runtime.c.obj
                0x20000000                ram_vector_table

.data           0x200000c0      0xe38 load address 0x10007cf4
                0x200000c0                        __data_start__ = .
 *(vtable)
 *(.time_critical*)
 .time_critical.mutex_try_enter
                0x200000c0       0x40 CMakeFiles/HomeAutomation.dir/home/nastyst16/.pico-sdk/sdk/1.5.1/src/common/pico_sync/mutex.c.obj
                0x200000c0                mutex_try_enter
 .time_critical.mutex_try_enter_block_until
                0x20000100       0x9c CMakeFiles/HomeAutomation.dir/home/nastyst16/.pico-sdk/sdk/1.5.1/src/common/pico_sync/mutex.c.obj
                0x20000100                mutex_try_enter_block_until
 .time_critical.mutex_enter_timeout_ms
                0x2000019c       0x90 CMakeFiles/HomeAutomation.dir/home/nastyst16/.pico-sdk/sdk/1.5.1/src/common/pico_sync/mutex.c.obj
                0x2000019c                mutex_enter_timeout_ms
 .time_critical.mutex_exit
                0x2000022c       0x28 CMakeFiles/HomeAutomation.dir/home/nastyst16/.pico-sdk/sdk/1.5.1/src/common/pico_sync/mutex.c.obj
                0x2000022c                mutex_exit
 .time_critical.flash_init_boot2_copyout
                0x20000254       0x30 CMakeFiles/HomeAutomation.dir/home/nastyst16/.pico-sdk/sdk/1.5.1/src/rp2_common/hardware_flash/flash.c.obj
 .time_critical.flash_enable_xip_via_boot2
                0x20000284        0xc CMakeFiles/HomeAutomation.dir/home/nastyst16/.pico-sdk/sdk/1.5.1/src/rp2_common/hardware_flash/flash.c.obj
 .time_critical.flash_cs_force
                0x20000290       0x38 CMakeFiles/HomeAutomation.dir/home/nastyst16/.pico-sdk/sdk/1.5.1/src/rp2_common/hardware_flash/flash.c.obj
 .time_critical.flash_do_cmd
                0x200002c8       0xc0 CMakeFiles/HomeAutomation.dir/home/nastyst16/.pico-sdk/sdk/1.5.1/src/rp2_common/hardware_flash/flash.c.obj
                0x200002c8                flash_do_cmd
 .time_critical.reset_non_control_endpoints
                0x20000388       0x68 CMakeFiles/HomeAutomation.dir/home/nastyst16/.pico-sdk/sdk/1.5.1/lib/tinyusb/src/portable/raspberrypi/rp2040/dcd_rp2040.c.obj
 .time_critical.hw_handle_buff_status
                0x200003f0       0xb0 CMakeFiles/HomeAutomation.dir/home/nastyst16/.pico-sdk/sdk/1.5.1/lib/tinyusb/src/portable/raspberrypi/rp2040/dcd_rp2040.c.obj
 .time_critical.dcd_rp2040_irq
                0x200004a0      0x510 CMakeFiles/HomeAutomation.dir/home/nastyst16/.pico-sdk/sdk/1.5.1/lib/tinyusb/src/portable/raspberrypi/rp2040/dcd_rp2040.c.obj
 .time_critical.e15_is_bulkin_ep
                0x200009b0       0x28 CMakeFiles/HomeAutomation.dir/home/nastyst16/.pico-sdk/sdk/1.5.1/lib/tinyusb/src/portable/raspberrypi/rp2040/rp2040_usb.c.obj
 .time_critical.e15_is_critical_frame_period
                0x200009d8       0x34 CMakeFiles/HomeAutomation.dir/home/nastyst16/.pico-sdk/sdk/1.5.1/lib/tinyusb/src/portable/raspberrypi/rp2040/rp2040_usb.c.obj
 .time_critical.prepare_ep_buffer
                0x20000a0c       0x6c CMakeFiles/HomeAutomation.dir/home/nastyst16/.pico-sdk/sdk/1.5.1/lib/tinyusb/src/portable/raspberrypi/rp2040/rp2040_usb.c.obj
 .time_critical.sync_ep_buffer
                0x20000a78       0x48 CMakeFiles/HomeAutomation.dir/home/nastyst16/.pico-sdk/sdk/1.5.1/lib/tinyusb/src/portable/raspberrypi/rp2040/rp2040_usb.c.obj
 .time_critical._hw_endpoint_xfer_sync
                0x20000ac0       0x28 CMakeFiles/HomeAutomation.dir/home/nastyst16/.pico-sdk/sdk/1.5.1/lib/tinyusb/src/portable/raspberrypi/rp2040/rp2040_usb.c.obj
 .time_critical.hw_endpoint_reset_transfer
                0x20000ae8        0xc CMakeFiles/HomeAutomation.dir/home/nastyst16/.pico-sdk/sdk/1.5.1/lib/tinyusb/src/portable/raspberrypi/rp2040/rp2040_usb.c.obj
                0x20000ae8                hw_endpoint_reset_transfer
 .time_critical._hw_endpoint_buffer_control_update32
                0x20000af4       0x58 CMakeFiles/HomeAutomation.dir/home/nastyst16/.pico-sdk/sdk/1.5.1/lib/tinyusb/src/portable/raspberrypi/rp2040/rp2040_usb.c.obj
                0x20000af4                _hw_endpoint_buffer_control_update32
 .time_critical.hw_endpoint_start_next_buffer
                0x20000b4c       0x6c CMakeFiles/HomeAutomation.dir/home/nastyst16/.pico-sdk/sdk/1.5.1/lib/tinyusb/src/portable/raspberrypi/rp2040/rp2040_usb.c.obj
                0x20000b4c                hw_endpoint_start_next_buffer
 .time_critical.hw_endpoint_xfer_continue
                0x20000bb8       0x50 CMakeFiles/HomeAutomation.dir/home/nastyst16/.pico-sdk/sdk/1.5.1/lib/tinyusb/src/portable/raspberrypi/rp2040/rp2040_usb.c.obj
                0x20000bb8                hw_endpoint_xfer_continue
 .time_critical.tinyusb
                0x20000c08      0x16c CMakeFiles/HomeAutomation.dir/home/nastyst16/.pico-sdk/sdk/1.5.1/lib/tinyusb/src/device/usbd.c.obj
                0x20000c08                dcd_event_handler
 *(.text*)
 .text          0x20000d74        0x4 /home/nastyst16/.pico-sdk/toolchain/13_2_Rel1/bin/../lib/gcc/arm-none-eabi/13.2.1/thumb/v6-m/nofp/libgcc.a(_dvmd_tls.o)
                0x20000d74                __aeabi_ldiv0
                0x20000d74                __aeabi_idiv0
 .text.__stub   0x20000d78       0x70 linker stubs
                0x20000de8                        . = ALIGN (0x4)
 *(.rodata*)
                0x20000de8                        . = ALIGN (0x4)
 *(.data*)
 .data.striped_spin_lock_num
                0x20000de8        0x1 CMakeFiles/HomeAutomation.dir/home/nastyst16/.pico-sdk/sdk/1.5.1/src/rp2_common/hardware_sync/sync.c.obj
 *fill*         0x20000de9        0x3 
 .data          0x20000dec       0x48 CMakeFiles/HomeAutomation.dir/home/nastyst16/.pico-sdk/sdk/1.5.1/src/rp2_common/hardware_irq/irq_handler_chain.S.obj
                0x20000dec                irq_handler_chain_slots
                0x20000e1c                irq_handler_chain_first_slot
                0x20000e26                irq_handler_chain_remove_tail
 .data.default_alarm_pool
                0x20000e34       0x18 CMakeFiles/HomeAutomation.dir/home/nastyst16/.pico-sdk/sdk/1.5.1/src/common/pico_time/time.c.obj
 .data.default_alarm_pool_heap
                0x20000e4c       0x10 CMakeFiles/HomeAutomation.dir/home/nastyst16/.pico-sdk/sdk/1.5.1/src/common/pico_time/time.c.obj
 *fill*         0x20000e5c        0x4 
 .data.aeabi_bits_funcs
                0x20000e60       0x10 CMakeFiles/HomeAutomation.dir/home/nastyst16/.pico-sdk/sdk/1.5.1/src/rp2_common/pico_bit_ops/bit_ops_aeabi.S.obj
                0x20000e60                aeabi_bits_funcs
                0x20000e70                aeabi_bits_funcs_end
 .data.aeabi_mem_funcs
                0x20000e70       0x10 CMakeFiles/HomeAutomation.dir/home/nastyst16/.pico-sdk/sdk/1.5.1/src/rp2_common/pico_mem_ops/mem_ops_aeabi.S.obj
                0x20000e70                aeabi_mem_funcs
                0x20000e80                aeabi_mem_funcs_end
 .data.stdio_uart
                0x20000e80       0x18 CMakeFiles/HomeAutomation.dir/home/nastyst16/.pico-sdk/sdk/1.5.1/src/rp2_common/pico_stdio_uart/stdio_uart.c.obj
                0x20000e80                stdio_uart
 .data.stdio_usb
                0x20000e98       0x18 CMakeFiles/HomeAutomation.dir/home/nastyst16/.pico-sdk/sdk/1.5.1/src/rp2_common/pico_stdio_usb/stdio_usb.c.obj
                0x20000e98                stdio_usb
 .data.ep_dir_string
                0x20000eb0        0x8 CMakeFiles/HomeAutomation.dir/home/nastyst16/.pico-sdk/sdk/1.5.1/lib/tinyusb/src/portable/raspberrypi/rp2040/rp2040_usb.c.obj
                0x20000eb0                ep_dir_string
 .data._usbd_qdef
                0x20000eb8       0x1c CMakeFiles/HomeAutomation.dir/home/nastyst16/.pico-sdk/sdk/1.5.1/lib/tinyusb/src/device/usbd.c.obj
                0x20000eb8                _usbd_qdef
 .data._usbd_rhport
                0x20000ed4        0x1 CMakeFiles/HomeAutomation.dir/home/nastyst16/.pico-sdk/sdk/1.5.1/lib/tinyusb/src/device/usbd.c.obj
                0x20000ed8                        . = ALIGN (0x4)
 *fill*         0x20000ed5        0x3 
 *(.after_data.*)
                0x20000ed8                        . = ALIGN (0x4)
                0x20000ed8                        PROVIDE (__mutex_array_start = .)
 *(SORT_BY_NAME(.mutex_array.*))
 *(.mutex_array)
 .mutex_array   0x20000ed8        0x8 CMakeFiles/HomeAutomation.dir/home/nastyst16/.pico-sdk/sdk/1.5.1/src/rp2_common/pico_stdio/stdio.c.obj
                0x20000ee0                        PROVIDE (__mutex_array_end = .)
                0x20000ee0                        . = ALIGN (0x4)
                0x20000ee0                        PROVIDE (__preinit_array_start = .)
 *(SORT_BY_NAME(.preinit_array.*))
 .preinit_array.00001
                0x20000ee0        0x4 CMakeFiles/HomeAutomation.dir/home/nastyst16/.pico-sdk/sdk/1.5.1/src/rp2_common/pico_mem_ops/mem_ops_aeabi.S.obj
 .preinit_array.00010
                0x20000ee4        0x4 CMakeFiles/HomeAutomation.dir/home/nastyst16/.pico-sdk/sdk/1.5.1/src/rp2_common/pico_bit_ops/bit_ops_aeabi.S.obj
 .preinit_array.00020
                0x20000ee8        0x4 CMakeFiles/HomeAutomation.dir/home/nastyst16/.pico-sdk/sdk/1.5.1/src/rp2_common/pico_double/double_aeabi.S.obj
 .preinit_array.00020
                0x20000eec        0x4 CMakeFiles/HomeAutomation.dir/home/nastyst16/.pico-sdk/sdk/1.5.1/src/rp2_common/pico_float/float_aeabi.S.obj
 *(.preinit_array)
                0x20000ef0                        PROVIDE (__preinit_array_end = .)
                0x20000ef0                        . = ALIGN (0x4)
                0x20000ef0                        PROVIDE (__init_array_start = .)
 *(SORT_BY_NAME(.init_array.*))
 *(.init_array)
 .init_array    0x20000ef0        0x4 /home/nastyst16/.pico-sdk/toolchain/13_2_Rel1/bin/../lib/gcc/arm-none-eabi/13.2.1/thumb/v6-m/nofp/crtbegin.o
 .init_array    0x20000ef4        0x4 CMakeFiles/HomeAutomation.dir/home/nastyst16/.pico-sdk/sdk/1.5.1/src/rp2_common/pico_unique_id/unique_id.c.obj
                0x20000ef8                        PROVIDE (__init_array_end = .)
                0x20000ef8                        . = ALIGN (0x4)
                [!provide]                        PROVIDE (__fini_array_start = .)
 *(SORT_BY_NAME(.fini_array.*))
 *(.fini_array)
                [!provide]                        PROVIDE (__fini_array_end = .)
 *(.jcr)
                0x20000ef8                        . = ALIGN (0x4)
                0x20000ef8                        __data_end__ = .
                0x10007cf4                        __etext = LOADADDR (.data)

.tm_clone_table
                0x20000ef8        0x0 load address 0x10008b2c
 .tm_clone_table
                0x20000ef8        0x0 /home/nastyst16/.pico-sdk/toolchain/13_2_Rel1/bin/../lib/gcc/arm-none-eabi/13.2.1/thumb/v6-m/nofp/crtbegin.o
 .tm_clone_table
                0x20000ef8        0x0 /home/nastyst16/.pico-sdk/toolchain/13_2_Rel1/bin/../lib/gcc/arm-none-eabi/13.2.1/thumb/v6-m/nofp/crtend.o

.igot.plt       0x20000ef8        0x0 load address 0x10008b2c
 .igot.plt      0x20000ef8        0x0 /home/nastyst16/.pico-sdk/toolchain/13_2_Rel1/bin/../lib/gcc/arm-none-eabi/13.2.1/thumb/v6-m/nofp/crtbegin.o

.uninitialized_data
                0x20000ef8        0x0 load address 0x10008b2c
                0x20000ef8                        . = ALIGN (0x4)
 *(.uninitialized_data*)

.scratch_x      0x20040000        0x0 load address 0x10008b2c
                0x20040000                        __scratch_x_start__ = .
 *(.scratch_x.*)
                0x20040000                        . = ALIGN (0x4)
                0x20040000                        __scratch_x_end__ = .
                0x10008b2c                        __scratch_x_source__ = LOADADDR (.scratch_x)

.scratch_y      0x20041000        0x0 load address 0x10008b2c
                0x20041000                        __scratch_y_start__ = .
 *(.scratch_y.*)
                0x20041000                        . = ALIGN (0x4)
                0x20041000                        __scratch_y_end__ = .
                0x10008b2c                        __scratch_y_source__ = LOADADDR (.scratch_y)

.bss            0x20000ef8      0xda0
                0x20000ef8                        . = ALIGN (0x4)
                0x20000ef8                        __bss_start__ = .
 *(SORT_BY_ALIGNMENT(SORT_BY_NAME(.bss*)))
 .bss.configured_freq
                0x20000ef8       0x28 CMakeFiles/HomeAutomation.dir/home/nastyst16/.pico-sdk/sdk/1.5.1/src/rp2_common/hardware_clocks/clocks.c.obj
 .bss.default_alarm_pool_entries
                0x20000f20      0x100 CMakeFiles/HomeAutomation.dir/home/nastyst16/.pico-sdk/sdk/1.5.1/src/common/pico_time/time.c.obj
 .bss.last_avail_time.1
                0x20001020        0x8 CMakeFiles/HomeAutomation.dir/home/nastyst16/.pico-sdk/sdk/1.5.1/src/rp2_common/pico_stdio_usb/stdio_usb.c.obj
 .bss.sd_table  0x20001028      0x100 CMakeFiles/HomeAutomation.dir/home/nastyst16/.pico-sdk/sdk/1.5.1/src/rp2_common/pico_double/double_init_rom.c.obj
                0x20001028                sd_table
 .bss.sf_table  0x20001128      0x100 CMakeFiles/HomeAutomation.dir/home/nastyst16/.pico-sdk/sdk/1.5.1/src/rp2_common/pico_float/float_init_rom.c.obj
                0x20001128                sf_table
 .bss._app_driver
                0x20001228        0x4 CMakeFiles/HomeAutomation.dir/home/nastyst16/.pico-sdk/sdk/1.5.1/lib/tinyusb/src/device/usbd.c.obj
 .bss._cdcd_itf
                0x2000122c      0x2c8 CMakeFiles/HomeAutomation.dir/home/nastyst16/.pico-sdk/sdk/1.5.1/lib/tinyusb/src/class/cdc/cdc_device.c.obj
 .bss._ctrl_xfer
                0x200014f4       0x14 CMakeFiles/HomeAutomation.dir/home/nastyst16/.pico-sdk/sdk/1.5.1/lib/tinyusb/src/device/usbd_control.c.obj
 .bss._ubsd_mutexdef
                0x20001508        0x8 CMakeFiles/HomeAutomation.dir/home/nastyst16/.pico-sdk/sdk/1.5.1/lib/tinyusb/src/device/usbd.c.obj
 .bss._usbd_ctrl_buf
                0x20001510       0x40 CMakeFiles/HomeAutomation.dir/home/nastyst16/.pico-sdk/sdk/1.5.1/lib/tinyusb/src/device/usbd_control.c.obj
 .bss._usbd_dev
                0x20001550       0x53 CMakeFiles/HomeAutomation.dir/home/nastyst16/.pico-sdk/sdk/1.5.1/lib/tinyusb/src/device/usbd.c.obj
 *fill*         0x200015a3        0x1 
 .bss._usbd_mutex
                0x200015a4        0x4 CMakeFiles/HomeAutomation.dir/home/nastyst16/.pico-sdk/sdk/1.5.1/lib/tinyusb/src/device/usbd.c.obj
 .bss._usbd_q   0x200015a8        0x4 CMakeFiles/HomeAutomation.dir/home/nastyst16/.pico-sdk/sdk/1.5.1/lib/tinyusb/src/device/usbd.c.obj
 .bss._usbd_qdef_buf
                0x200015ac       0xc0 CMakeFiles/HomeAutomation.dir/home/nastyst16/.pico-sdk/sdk/1.5.1/lib/tinyusb/src/device/usbd.c.obj
                0x200015ac                _usbd_qdef_buf
 .bss._used_instruction_space
                0x2000166c        0x8 CMakeFiles/HomeAutomation.dir/home/nastyst16/.pico-sdk/sdk/1.5.1/src/rp2_common/hardware_pio/pio.c.obj
 .bss.alarm_callbacks
                0x20001674       0x10 CMakeFiles/HomeAutomation.dir/home/nastyst16/.pico-sdk/sdk/1.5.1/src/rp2_common/hardware_timer/timer.c.obj
 .bss.boot2_copyout
                0x20001684      0x100 CMakeFiles/HomeAutomation.dir/home/nastyst16/.pico-sdk/sdk/1.5.1/src/rp2_common/hardware_flash/flash.c.obj
 .bss.chars_available_callback
                0x20001784        0x4 CMakeFiles/HomeAutomation.dir/home/nastyst16/.pico-sdk/sdk/1.5.1/src/rp2_common/pico_stdio_uart/stdio_uart.c.obj
 .bss.chars_available_callback
                0x20001788        0x4 CMakeFiles/HomeAutomation.dir/home/nastyst16/.pico-sdk/sdk/1.5.1/src/rp2_common/pico_stdio_usb/stdio_usb.c.obj
 .bss.chars_available_param
                0x2000178c        0x4 CMakeFiles/HomeAutomation.dir/home/nastyst16/.pico-sdk/sdk/1.5.1/src/rp2_common/pico_stdio_uart/stdio_uart.c.obj
 .bss.chars_available_param
                0x20001790        0x4 CMakeFiles/HomeAutomation.dir/home/nastyst16/.pico-sdk/sdk/1.5.1/src/rp2_common/pico_stdio_usb/stdio_usb.c.obj
 .bss.claimed   0x20001794        0x4 CMakeFiles/HomeAutomation.dir/home/nastyst16/.pico-sdk/sdk/1.5.1/src/rp2_common/hardware_sync/sync.c.obj
 .bss.default_alarm_pool_entry_ids_high
                0x20001798       0x10 CMakeFiles/HomeAutomation.dir/home/nastyst16/.pico-sdk/sdk/1.5.1/src/common/pico_time/time.c.obj
 .bss.default_alarm_pool_heap_nodes
                0x200017a8       0x30 CMakeFiles/HomeAutomation.dir/home/nastyst16/.pico-sdk/sdk/1.5.1/src/common/pico_time/time.c.obj
 .bss.desc_str.0
                0x200017d8       0x28 CMakeFiles/HomeAutomation.dir/home/nastyst16/.pico-sdk/sdk/1.5.1/src/rp2_common/pico_stdio_usb/stdio_usb_descriptors.c.obj
 .bss.drivers   0x20001800        0x4 CMakeFiles/HomeAutomation.dir/home/nastyst16/.pico-sdk/sdk/1.5.1/src/rp2_common/pico_stdio/stdio.c.obj
 .bss.e15_last_sof
                0x20001804        0x4 CMakeFiles/HomeAutomation.dir/home/nastyst16/.pico-sdk/sdk/1.5.1/lib/tinyusb/src/portable/raspberrypi/rp2040/rp2040_usb.c.obj
                0x20001804                e15_last_sof
 .bss.filter    0x20001808        0x4 CMakeFiles/HomeAutomation.dir/home/nastyst16/.pico-sdk/sdk/1.5.1/src/rp2_common/pico_stdio/stdio.c.obj
 .bss.hw_endpoints
                0x2000180c      0x400 CMakeFiles/HomeAutomation.dir/home/nastyst16/.pico-sdk/sdk/1.5.1/lib/tinyusb/src/portable/raspberrypi/rp2040/dcd_rp2040.c.obj
 .bss.lazy_vsnprintf
                0x20001c0c        0x4 CMakeFiles/HomeAutomation.dir/home/nastyst16/.pico-sdk/sdk/1.5.1/src/rp2_common/pico_printf/printf.c.obj
 .bss.load_value
                0x20001c10        0x4 CMakeFiles/HomeAutomation.dir/home/nastyst16/.pico-sdk/sdk/1.5.1/src/rp2_common/hardware_watchdog/watchdog.c.obj
 .bss.next_buffer_ptr
                0x20001c14        0x4 CMakeFiles/HomeAutomation.dir/home/nastyst16/.pico-sdk/sdk/1.5.1/lib/tinyusb/src/portable/raspberrypi/rp2040/dcd_rp2040.c.obj
 .bss.object.0  0x20001c18       0x18 /home/nastyst16/.pico-sdk/toolchain/13_2_Rel1/bin/../lib/gcc/arm-none-eabi/13.2.1/thumb/v6-m/nofp/crtbegin.o
 .bss.one_shot_timer_crit_sec
                0x20001c30        0x8 CMakeFiles/HomeAutomation.dir/home/nastyst16/.pico-sdk/sdk/1.5.1/src/rp2_common/pico_stdio_usb/stdio_usb.c.obj
 .bss.pools     0x20001c38       0x10 CMakeFiles/HomeAutomation.dir/home/nastyst16/.pico-sdk/sdk/1.5.1/src/common/pico_time/time.c.obj
 .bss.retrieved_id
                0x20001c48        0x8 CMakeFiles/HomeAutomation.dir/home/nastyst16/.pico-sdk/sdk/1.5.1/src/rp2_common/pico_unique_id/unique_id.c.obj
 .bss.sf_clz_func
                0x20001c50        0x4 CMakeFiles/HomeAutomation.dir/home/nastyst16/.pico-sdk/sdk/1.5.1/src/rp2_common/pico_double/double_init_rom.c.obj
                0x20001c50                sf_clz_func
 .bss.sleep_notifier
                0x20001c54        0x4 CMakeFiles/HomeAutomation.dir/home/nastyst16/.pico-sdk/sdk/1.5.1/src/common/pico_time/time.c.obj
 .bss.stdio_usb_mutex
                0x20001c58        0x8 CMakeFiles/HomeAutomation.dir/home/nastyst16/.pico-sdk/sdk/1.5.1/src/rp2_common/pico_stdio_usb/stdio_usb.c.obj
 .bss.target_hi
                0x20001c60       0x10 CMakeFiles/HomeAutomation.dir/home/nastyst16/.pico-sdk/sdk/1.5.1/src/rp2_common/hardware_timer/timer.c.obj
 .bss.uart_char_to_line_feed
                0x20001c70        0x4 CMakeFiles/HomeAutomation.dir/home/nastyst16/.pico-sdk/sdk/1.5.1/src/rp2_common/hardware_uart/uart.c.obj
                0x20001c70                uart_char_to_line_feed
 .bss.uart_instance
                0x20001c74        0x4 CMakeFiles/HomeAutomation.dir/home/nastyst16/.pico-sdk/sdk/1.5.1/src/rp2_common/pico_stdio_uart/stdio_uart.c.obj
 .bss.usbd_serial_str
                0x20001c78       0x11 CMakeFiles/HomeAutomation.dir/home/nastyst16/.pico-sdk/sdk/1.5.1/src/rp2_common/pico_stdio_usb/stdio_usb_descriptors.c.obj
 *fill*         0x20001c89        0x1 
 .bss._claimed  0x20001c8a        0x2 CMakeFiles/HomeAutomation.dir/home/nastyst16/.pico-sdk/sdk/1.5.1/src/rp2_common/hardware_dma/dma.c.obj
 .bss._app_driver_count
                0x20001c8c        0x1 CMakeFiles/HomeAutomation.dir/home/nastyst16/.pico-sdk/sdk/1.5.1/lib/tinyusb/src/device/usbd.c.obj
 .bss._sof_enable
                0x20001c8d        0x1 CMakeFiles/HomeAutomation.dir/home/nastyst16/.pico-sdk/sdk/1.5.1/lib/tinyusb/src/portable/raspberrypi/rp2040/dcd_rp2040.c.obj
 .bss.boot2_copyout_valid
                0x20001c8e        0x1 CMakeFiles/HomeAutomation.dir/home/nastyst16/.pico-sdk/sdk/1.5.1/src/rp2_common/hardware_flash/flash.c.obj
 .bss.claimed   0x20001c8f        0x1 CMakeFiles/HomeAutomation.dir/home/nastyst16/.pico-sdk/sdk/1.5.1/src/rp2_common/hardware_timer/timer.c.obj
 .bss.claimed   0x20001c90        0x1 CMakeFiles/HomeAutomation.dir/home/nastyst16/.pico-sdk/sdk/1.5.1/src/rp2_common/hardware_pio/pio.c.obj
 .bss.irq_hander_chain_free_slot_head
                0x20001c91        0x1 CMakeFiles/HomeAutomation.dir/home/nastyst16/.pico-sdk/sdk/1.5.1/src/rp2_common/hardware_irq/irq.c.obj
 .bss.itf_num   0x20001c92        0x1 CMakeFiles/HomeAutomation.dir/home/nastyst16/.pico-sdk/sdk/1.5.1/src/rp2_common/pico_stdio_usb/reset_interface.c.obj
 .bss.low_priority_irq_num
                0x20001c93        0x1 CMakeFiles/HomeAutomation.dir/home/nastyst16/.pico-sdk/sdk/1.5.1/src/rp2_common/pico_stdio_usb/stdio_usb.c.obj
 .bss.one_shot_timer_pending
                0x20001c94        0x1 CMakeFiles/HomeAutomation.dir/home/nastyst16/.pico-sdk/sdk/1.5.1/src/rp2_common/pico_stdio_usb/stdio_usb.c.obj
 .bss.timer_callbacks_pending
                0x20001c95        0x1 CMakeFiles/HomeAutomation.dir/home/nastyst16/.pico-sdk/sdk/1.5.1/src/rp2_common/hardware_timer/timer.c.obj
 .bss.user_irq_claimed
                0x20001c96        0x1 CMakeFiles/HomeAutomation.dir/home/nastyst16/.pico-sdk/sdk/1.5.1/src/rp2_common/hardware_irq/irq.c.obj
 *(COMMON)
                0x20001c98                        . = ALIGN (0x4)
 *fill*         0x20001c97        0x1 
                0x20001c98                        __bss_end__ = .

.heap           0x20001c98      0x800
                0x20001c98                        __end__ = .
                0x20001c98                        end = __end__
 *(.heap*)
 .heap          0x20001c98      0x800 CMakeFiles/HomeAutomation.dir/home/nastyst16/.pico-sdk/sdk/1.5.1/src/rp2_common/pico_standard_link/crt0.S.obj
                0x20002498                        __HeapLimit = .

.stack1_dummy
 *(.stack1*)

.stack_dummy    0x20041000      0x800
 *(.stack*)
 .stack         0x20041000      0x800 CMakeFiles/HomeAutomation.dir/home/nastyst16/.pico-sdk/sdk/1.5.1/src/rp2_common/pico_standard_link/crt0.S.obj

.flash_end      0x10008b2c        0x0
                0x10008b2c                        PROVIDE (__flash_binary_end = .)
                0x20040000                        __StackLimit = (ORIGIN (RAM) + LENGTH (RAM))
                0x20041000                        __StackOneTop = (ORIGIN (SCRATCH_X) + LENGTH (SCRATCH_X))
                0x20042000                        __StackTop = (ORIGIN (SCRATCH_Y) + LENGTH (SCRATCH_Y))
                0x20041000                        __StackOneBottom = (__StackOneTop - SIZEOF (.stack1_dummy))
                0x20041800                        __StackBottom = (__StackTop - SIZEOF (.stack_dummy))
                0x20042000                        PROVIDE (__stack = __StackTop)
                0x00000001                        ASSERT ((__StackLimit >= __HeapLimit), region RAM overflowed)
                0x00000001                        ASSERT (((__binary_info_header_end - __logical_binary_start) <= 0x100), Binary info must be in first 256 bytes of the binary)
LOAD CMakeFiles/HomeAutomation.dir/HomeAutomation.c.obj
LOAD CMakeFiles/HomeAutomation.dir/dht/dht.c.obj
LOAD CMakeFiles/HomeAutomation.dir/home/nastyst16/.pico-sdk/sdk/1.5.1/src/rp2_common/hardware_clocks/clocks.c.obj
LOAD CMakeFiles/HomeAutomation.dir/home/nastyst16/.pico-sdk/sdk/1.5.1/src/rp2_common/pico_platform/platform.c.obj
LOAD CMakeFiles/HomeAutomation.dir/home/nastyst16/.pico-sdk/sdk/1.5.1/src/rp2_common/hardware_claim/claim.c.obj
LOAD CMakeFiles/HomeAutomation.dir/home/nastyst16/.pico-sdk/sdk/1.5.1/src/rp2_common/hardware_sync/sync.c.obj
LOAD CMakeFiles/HomeAutomation.dir/home/nastyst16/.pico-sdk/sdk/1.5.1/src/rp2_common/hardware_gpio/gpio.c.obj
LOAD CMakeFiles/HomeAutomation.dir/home/nastyst16/.pico-sdk/sdk/1.5.1/src/rp2_common/hardware_irq/irq.c.obj
LOAD CMakeFiles/HomeAutomation.dir/home/nastyst16/.pico-sdk/sdk/1.5.1/src/rp2_common/hardware_irq/irq_handler_chain.S.obj
LOAD CMakeFiles/HomeAutomation.dir/home/nastyst16/.pico-sdk/sdk/1.5.1/src/common/pico_sync/sem.c.obj
LOAD CMakeFiles/HomeAutomation.dir/home/nastyst16/.pico-sdk/sdk/1.5.1/src/common/pico_sync/lock_core.c.obj
LOAD CMakeFiles/HomeAutomation.dir/home/nastyst16/.pico-sdk/sdk/1.5.1/src/common/pico_sync/mutex.c.obj
LOAD CMakeFiles/HomeAutomation.dir/home/nastyst16/.pico-sdk/sdk/1.5.1/src/common/pico_sync/critical_section.c.obj
LOAD CMakeFiles/HomeAutomation.dir/home/nastyst16/.pico-sdk/sdk/1.5.1/src/common/pico_time/time.c.obj
LOAD CMakeFiles/HomeAutomation.dir/home/nastyst16/.pico-sdk/sdk/1.5.1/src/common/pico_time/timeout_helper.c.obj
LOAD CMakeFiles/HomeAutomation.dir/home/nastyst16/.pico-sdk/sdk/1.5.1/src/rp2_common/hardware_timer/timer.c.obj
LOAD CMakeFiles/HomeAutomation.dir/home/nastyst16/.pico-sdk/sdk/1.5.1/src/common/pico_util/datetime.c.obj
LOAD CMakeFiles/HomeAutomation.dir/home/nastyst16/.pico-sdk/sdk/1.5.1/src/common/pico_util/pheap.c.obj
LOAD CMakeFiles/HomeAutomation.dir/home/nastyst16/.pico-sdk/sdk/1.5.1/src/common/pico_util/queue.c.obj
LOAD CMakeFiles/HomeAutomation.dir/home/nastyst16/.pico-sdk/sdk/1.5.1/src/rp2_common/hardware_pll/pll.c.obj
LOAD CMakeFiles/HomeAutomation.dir/home/nastyst16/.pico-sdk/sdk/1.5.1/src/rp2_common/hardware_vreg/vreg.c.obj
LOAD CMakeFiles/HomeAutomation.dir/home/nastyst16/.pico-sdk/sdk/1.5.1/src/rp2_common/hardware_watchdog/watchdog.c.obj
LOAD CMakeFiles/HomeAutomation.dir/home/nastyst16/.pico-sdk/sdk/1.5.1/src/rp2_common/hardware_xosc/xosc.c.obj
LOAD CMakeFiles/HomeAutomation.dir/home/nastyst16/.pico-sdk/sdk/1.5.1/src/rp2_common/hardware_dma/dma.c.obj
LOAD CMakeFiles/HomeAutomation.dir/home/nastyst16/.pico-sdk/sdk/1.5.1/src/rp2_common/hardware_pio/pio.c.obj
LOAD CMakeFiles/HomeAutomation.dir/home/nastyst16/.pico-sdk/sdk/1.5.1/src/rp2_common/pico_stdlib/stdlib.c.obj
LOAD CMakeFiles/HomeAutomation.dir/home/nastyst16/.pico-sdk/sdk/1.5.1/src/rp2_common/hardware_uart/uart.c.obj
LOAD CMakeFiles/HomeAutomation.dir/home/nastyst16/.pico-sdk/sdk/1.5.1/src/rp2_common/hardware_divider/divider.S.obj
LOAD CMakeFiles/HomeAutomation.dir/home/nastyst16/.pico-sdk/sdk/1.5.1/src/rp2_common/pico_runtime/runtime.c.obj
LOAD CMakeFiles/HomeAutomation.dir/home/nastyst16/.pico-sdk/sdk/1.5.1/src/rp2_common/pico_printf/printf.c.obj
LOAD CMakeFiles/HomeAutomation.dir/home/nastyst16/.pico-sdk/sdk/1.5.1/src/rp2_common/pico_bit_ops/bit_ops_aeabi.S.obj
LOAD CMakeFiles/HomeAutomation.dir/home/nastyst16/.pico-sdk/sdk/1.5.1/src/rp2_common/pico_bootrom/bootrom.c.obj
LOAD CMakeFiles/HomeAutomation.dir/home/nastyst16/.pico-sdk/sdk/1.5.1/src/rp2_common/pico_divider/divider.S.obj
LOAD CMakeFiles/HomeAutomation.dir/home/nastyst16/.pico-sdk/sdk/1.5.1/src/rp2_common/pico_double/double_aeabi.S.obj
LOAD CMakeFiles/HomeAutomation.dir/home/nastyst16/.pico-sdk/sdk/1.5.1/src/rp2_common/pico_double/double_init_rom.c.obj
LOAD CMakeFiles/HomeAutomation.dir/home/nastyst16/.pico-sdk/sdk/1.5.1/src/rp2_common/pico_double/double_math.c.obj
LOAD CMakeFiles/HomeAutomation.dir/home/nastyst16/.pico-sdk/sdk/1.5.1/src/rp2_common/pico_double/double_v1_rom_shim.S.obj
LOAD CMakeFiles/HomeAutomation.dir/home/nastyst16/.pico-sdk/sdk/1.5.1/src/rp2_common/pico_int64_ops/pico_int64_ops_aeabi.S.obj
LOAD CMakeFiles/HomeAutomation.dir/home/nastyst16/.pico-sdk/sdk/1.5.1/src/rp2_common/pico_float/float_aeabi.S.obj
LOAD CMakeFiles/HomeAutomation.dir/home/nastyst16/.pico-sdk/sdk/1.5.1/src/rp2_common/pico_float/float_init_rom.c.obj
LOAD CMakeFiles/HomeAutomation.dir/home/nastyst16/.pico-sdk/sdk/1.5.1/src/rp2_common/pico_float/float_math.c.obj
LOAD CMakeFiles/HomeAutomation.dir/home/nastyst16/.pico-sdk/sdk/1.5.1/src/rp2_common/pico_float/float_v1_rom_shim.S.obj
LOAD CMakeFiles/HomeAutomation.dir/home/nastyst16/.pico-sdk/sdk/1.5.1/src/rp2_common/pico_malloc/pico_malloc.c.obj
LOAD CMakeFiles/HomeAutomation.dir/home/nastyst16/.pico-sdk/sdk/1.5.1/src/rp2_common/pico_mem_ops/mem_ops_aeabi.S.obj
LOAD CMakeFiles/HomeAutomation.dir/home/nastyst16/.pico-sdk/sdk/1.5.1/src/rp2_common/pico_standard_link/crt0.S.obj
LOAD CMakeFiles/HomeAutomation.dir/home/nastyst16/.pico-sdk/sdk/1.5.1/src/rp2_common/pico_standard_link/new_delete.cpp.obj
LOAD CMakeFiles/HomeAutomation.dir/home/nastyst16/.pico-sdk/sdk/1.5.1/src/rp2_common/pico_standard_link/binary_info.c.obj
LOAD CMakeFiles/HomeAutomation.dir/home/nastyst16/.pico-sdk/sdk/1.5.1/src/rp2_common/pico_stdio/stdio.c.obj
LOAD CMakeFiles/HomeAutomation.dir/home/nastyst16/.pico-sdk/sdk/1.5.1/src/rp2_common/pico_stdio_uart/stdio_uart.c.obj
LOAD CMakeFiles/HomeAutomation.dir/home/nastyst16/.pico-sdk/sdk/1.5.1/src/rp2_common/pico_stdio_usb/reset_interface.c.obj
LOAD CMakeFiles/HomeAutomation.dir/home/nastyst16/.pico-sdk/sdk/1.5.1/src/rp2_common/pico_stdio_usb/stdio_usb.c.obj
LOAD CMakeFiles/HomeAutomation.dir/home/nastyst16/.pico-sdk/sdk/1.5.1/src/rp2_common/pico_stdio_usb/stdio_usb_descriptors.c.obj
LOAD CMakeFiles/HomeAutomation.dir/home/nastyst16/.pico-sdk/sdk/1.5.1/src/rp2_common/pico_unique_id/unique_id.c.obj
LOAD CMakeFiles/HomeAutomation.dir/home/nastyst16/.pico-sdk/sdk/1.5.1/src/rp2_common/hardware_flash/flash.c.obj
LOAD CMakeFiles/HomeAutomation.dir/home/nastyst16/.pico-sdk/sdk/1.5.1/lib/tinyusb/src/portable/raspberrypi/rp2040/dcd_rp2040.c.obj
LOAD CMakeFiles/HomeAutomation.dir/home/nastyst16/.pico-sdk/sdk/1.5.1/lib/tinyusb/src/portable/raspberrypi/rp2040/rp2040_usb.c.obj
LOAD CMakeFiles/HomeAutomation.dir/home/nastyst16/.pico-sdk/sdk/1.5.1/lib/tinyusb/src/device/usbd.c.obj
LOAD CMakeFiles/HomeAutomation.dir/home/nastyst16/.pico-sdk/sdk/1.5.1/lib/tinyusb/src/device/usbd_control.c.obj
LOAD CMakeFiles/HomeAutomation.dir/home/nastyst16/.pico-sdk/sdk/1.5.1/lib/tinyusb/src/class/audio/audio_device.c.obj
LOAD CMakeFiles/HomeAutomation.dir/home/nastyst16/.pico-sdk/sdk/1.5.1/lib/tinyusb/src/class/cdc/cdc_device.c.obj
LOAD CMakeFiles/HomeAutomation.dir/home/nastyst16/.pico-sdk/sdk/1.5.1/lib/tinyusb/src/class/dfu/dfu_device.c.obj
LOAD CMakeFiles/HomeAutomation.dir/home/nastyst16/.pico-sdk/sdk/1.5.1/lib/tinyusb/src/class/dfu/dfu_rt_device.c.obj
LOAD CMakeFiles/HomeAutomation.dir/home/nastyst16/.pico-sdk/sdk/1.5.1/lib/tinyusb/src/class/hid/hid_device.c.obj
LOAD CMakeFiles/HomeAutomation.dir/home/nastyst16/.pico-sdk/sdk/1.5.1/lib/tinyusb/src/class/midi/midi_device.c.obj
LOAD CMakeFiles/HomeAutomation.dir/home/nastyst16/.pico-sdk/sdk/1.5.1/lib/tinyusb/src/class/msc/msc_device.c.obj
LOAD CMakeFiles/HomeAutomation.dir/home/nastyst16/.pico-sdk/sdk/1.5.1/lib/tinyusb/src/class/net/ecm_rndis_device.c.obj