Archive member included to satisfy reference by file (symbol)

/home/nastyst16/.pico-sdk/toolchain/13_2_Rel1/bin/../lib/gcc/arm-none-eabi/13.2.1/thumb/v6-m/nofp/libgcc.a(_dvmd_tls.o)
                              CMakeFiles/HomeAutomation.dir/home/nastyst16/.pico-sdk/sdk/1.5.1/src/rp2_common/pico_divider/divider.S.obj (__aeabi_idiv0)
/home/nastyst16/.pico-sdk/toolchain/13_2_Rel1/bin/../lib/gcc/arm-none-eabi/13.2.1/../../../../arm-none-eabi/lib/thumb/v6-m/nofp/libg.a(libc_a-malloc.o)
                              CMakeFiles/HomeAutomation.dir/home/nastyst16/.pico-sdk/sdk/1.5.1/src/rp2_common/pico_malloc/pico_malloc.c.obj (malloc)
/home/nastyst16/.pico-sdk/toolchain/13_2_Rel1/bin/../lib/gcc/arm-none-eabi/13.2.1/../../../../arm-none-eabi/lib/thumb/v6-m/nofp/libg.a(libc_a-mallocr.o)
                              /home/nastyst16/.pico-sdk/toolchain/13_2_Rel1/bin/../lib/gcc/arm-none-eabi/13.2.1/../../../../arm-none-eabi/lib/thumb/v6-m/nofp/libg.a(libc_a-malloc.o) (_malloc_r)
/home/nastyst16/.pico-sdk/toolchain/13_2_Rel1/bin/../lib/gcc/arm-none-eabi/13.2.1/../../../../arm-none-eabi/lib/thumb/v6-m/nofp/libg.a(libc_a-init.o)
                              /home/nastyst16/.pico-sdk/toolchain/13_2_Rel1/bin/../lib/gcc/arm-none-eabi/13.2.1/../../../../arm-none-eabi/lib/thumb/v6-m/nofp/crt0.o (__libc_init_array)
/home/nastyst16/.pico-sdk/toolchain/13_2_Rel1/bin/../lib/gcc/arm-none-eabi/13.2.1/../../../../arm-none-eabi/lib/thumb/v6-m/nofp/libg.a(libc_a-sysconf.o)
                              /home/nastyst16/.pico-sdk/toolchain/13_2_Rel1/bin/../lib/gcc/arm-none-eabi/13.2.1/../../../../arm-none-eabi/lib/thumb/v6-m/nofp/libg.a(libc_a-mallocr.o) (sysconf)
/home/nastyst16/.pico-sdk/toolchain/13_2_Rel1/bin/../lib/gcc/arm-none-eabi/13.2.1/../../../../arm-none-eabi/lib/thumb/v6-m/nofp/libg.a(libc_a-mlock.o)
                              /home/nastyst16/.pico-sdk/toolchain/13_2_Rel1/bin/../lib/gcc/arm-none-eabi/13.2.1/../../../../arm-none-eabi/lib/thumb/v6-m/nofp/libg.a(libc_a-mallocr.o) (__malloc_lock)
/home/nastyst16/.pico-sdk/toolchain/13_2_Rel1/bin/../lib/gcc/arm-none-eabi/13.2.1/../../../../arm-none-eabi/lib/thumb/v6-m/nofp/libg.a(libc_a-calloc.o)
                              CMakeFiles/HomeAutomation.dir/home/nastyst16/.pico-sdk/sdk/1.5.1/src/rp2_common/pico_malloc/pico_malloc.c.obj (calloc)
/home/nastyst16/.pico-sdk/toolchain/13_2_Rel1/bin/../lib/gcc/arm-none-eabi/13.2.1/../../../../arm-none-eabi/lib/thumb/v6-m/nofp/libg.a(libc_a-callocr.o)
                              /home/nastyst16/.pico-sdk/toolchain/13_2_Rel1/bin/../lib/gcc/arm-none-eabi/13.2.1/../../../../arm-none-eabi/lib/thumb/v6-m/nofp/libg.a(libc_a-calloc.o) (_calloc_r)
/home/nastyst16/.pico-sdk/toolchain/13_2_Rel1/bin/../lib/gcc/arm-none-eabi/13.2.1/../../../../arm-none-eabi/lib/thumb/v6-m/nofp/libg.a(libc_a-realloc.o)
                              CMakeFiles/HomeAutomation.dir/home/nastyst16/.pico-sdk/sdk/1.5.1/src/rp2_common/pico_malloc/pico_malloc.c.obj (realloc)
/home/nastyst16/.pico-sdk/toolchain/13_2_Rel1/bin/../lib/gcc/arm-none-eabi/13.2.1/../../../../arm-none-eabi/lib/thumb/v6-m/nofp/libg.a(libc_a-impure.o)
                              /home/nastyst16/.pico-sdk/toolchain/13_2_Rel1/bin/../lib/gcc/arm-none-eabi/13.2.1/../../../../arm-none-eabi/lib/thumb/v6-m/nofp/libg.a(libc_a-malloc.o) (_impure_ptr)
/home/nastyst16/.pico-sdk/toolchain/13_2_Rel1/bin/../lib/gcc/arm-none-eabi/13.2.1/../../../../arm-none-eabi/lib/thumb/v6-m/nofp/libg.a(libc_a-findfp.o)
                              /home/nastyst16/.pico-sdk/toolchain/13_2_Rel1/bin/../lib/gcc/arm-none-eabi/13.2.1/../../../../arm-none-eabi/lib/thumb/v6-m/nofp/libg.a(libc_a-impure.o) (__sf)
/home/nastyst16/.pico-sdk/toolchain/13_2_Rel1/bin/../lib/gcc/arm-none-eabi/13.2.1/../../../../arm-none-eabi/lib/thumb/v6-m/nofp/libg.a(libc_a-strlen-stub.o)
                              CMakeFiles/HomeAutomation.dir/home/nastyst16/.pico-sdk/sdk/1.5.1/src/rp2_common/pico_stdio/stdio.c.obj (strlen)
/home/nastyst16/.pico-sdk/toolchain/13_2_Rel1/bin/../lib/gcc/arm-none-eabi/13.2.1/../../../../arm-none-eabi/lib/thumb/v6-m/nofp/libg.a(libc_a-reallocr.o)
                              /home/nastyst16/.pico-sdk/toolchain/13_2_Rel1/bin/../lib/gcc/arm-none-eabi/13.2.1/../../../../arm-none-eabi/lib/thumb/v6-m/nofp/libg.a(libc_a-realloc.o) (_realloc_r)
/home/nastyst16/.pico-sdk/toolchain/13_2_Rel1/bin/../lib/gcc/arm-none-eabi/13.2.1/../../../../arm-none-eabi/lib/thumb/v6-m/nofp/libg.a(libc_a-freer.o)
                              /home/nastyst16/.pico-sdk/toolchain/13_2_Rel1/bin/../lib/gcc/arm-none-eabi/13.2.1/../../../../arm-none-eabi/lib/thumb/v6-m/nofp/libg.a(libc_a-malloc.o) (_free_r)
/home/nastyst16/.pico-sdk/toolchain/13_2_Rel1/bin/../lib/gcc/arm-none-eabi/13.2.1/../../../../arm-none-eabi/lib/thumb/v6-m/nofp/libg.a(libc_a-stdio.o)
                              /home/nastyst16/.pico-sdk/toolchain/13_2_Rel1/bin/../lib/gcc/arm-none-eabi/13.2.1/../../../../arm-none-eabi/lib/thumb/v6-m/nofp/libg.a(libc_a-findfp.o) (__sread)
[...]
Memory Configuration

Name             Origin             Length             Attributes
FLASH            0x10000000         0x00200000         xr
RAM              0x20000000         0x00040000         xrw
SCRATCH_X        0x20040000         0x00001000         xrw
SCRATCH_Y        0x20041000         0x00001000         xrw
*default*        0x00000000         0xffffffff

Linker script and memory map

LOAD /home/nastyst16/.pico-sdk/toolchain/13_2_Rel1/bin/../lib/gcc/arm-none-eabi/13.2.1/thumb/v6-m/nofp/crti.o
LOAD /home/nastyst16/.pico-sdk/toolchain/13_2_Rel1/bin/../lib/gcc/arm-none-eabi/13.2.1/thumb/v6-m/nofp/crtbegin.o
LOAD /home/nastyst16/.pico-sdk/toolchain/13_2_Rel1/bin/../lib/gcc/arm-none-eabi/13.2.1/../../../../arm-none-eabi/lib/thumb/v6-m/nofp/crt0.o

.flash_begin    0x10000000        0x0
                0x10000000                        __flash_binary_start = .

.boot2          0x10000000      0x100
                0x10000000                        __boot2_start__ = .
 *(.boot2)
 .boot2         0x10000000      0x100 /tmp/ccQBlDbC.o
                0x10000100                        __boot2_end__ = .
                0x00000001                        ASSERT (((__boot2_end__ - __boot2_start__) == 0x100), ERROR: Pico second stage bootloader must be 256 bytes in size)

.text           0x10000100     0x6e28
                0x10000100                        __logical_binary_start = .
 *(.vectors)
 .vectors       0x10000100       0xd4 CMakeFiles/HomeAutomation.dir/home/nastyst16/.pico-sdk/sdk/1.5.1/src/rp2_common/pico_standard_link/crt0.S.obj
                0x10000100                __vectors
                0x10000100                __VECTOR_TABLE
                0x100001c0                isr_invalid
                0x100001c0                __default_isrs_start
                0x100001c2                isr_nmi
                0x100001c4                isr_hardfault
                0x100001c6                isr_svcall
                0x100001c8                isr_pendsv
                0x100001ca                isr_systick
                0x100001cc                isr_irq30
                0x100001cc                __unhandled_user_irq
                0x100001cc                isr_irq13
                0x100001cc                isr_irq27
                0x100001cc                isr_irq31
                0x100001cc                isr_irq5
                0x100001cc                isr_irq11
                0x100001cc                isr_irq23
                0x100001cc                isr_irq18
                0x100001cc                isr_irq28
                0x100001cc                isr_irq19
                0x100001cc                isr_irq0
                0x100001cc                isr_irq6
                0x100001cc                isr_irq22
                0x100001cc                isr_irq17
                0x100001cc                isr_irq14
                0x100001cc                isr_irq2
                0x100001cc                isr_irq10
                0x100001cc                isr_irq8
                0x100001cc                isr_irq24
                0x100001cc                isr_irq1
                0x100001cc                isr_irq7
                0x100001cc                isr_irq21
                0x100001cc                isr_irq20
                0x100001cc                isr_irq15
                0x100001cc                isr_irq25
                0x100001cc                isr_irq4
                0x100001cc                isr_irq16
                0x100001cc                isr_irq29
                0x100001cc                isr_irq26
                0x100001cc                __default_isrs_end
                0x100001cc                isr_irq3
                0x100001cc                isr_irq12
                0x100001cc                isr_irq9
                0x100001d2                unhandled_user_irq_num_in_r0
 *(.binary_info_header)
 .binary_info_header
                0x100001d4       0x14 CMakeFiles/HomeAutomation.dir/home/nastyst16/.pico-sdk/sdk/1.5.1/src/rp2_common/pico_standard_link/crt0.S.obj
                0x100001e8                        __binary_info_header_end = .
 *(.reset)
 .reset         0x100001e8       0xa0 CMakeFiles/HomeAutomation.dir/home/nastyst16/.pico-sdk/sdk/1.5.1/src/rp2_common/pico_standard_link/crt0.S.obj
                0x100001e8                _entry_point
 .reset         0x10000288       0x30 CMakeFiles/HomeAutomation.dir/home/nastyst16/.pico-sdk/sdk/1.5.1/src/rp2_common/pico_standard_link/binary_info.c.obj
 *(.init)
 .init          0x100002b8        0x4 /home/nastyst16/.pico-sdk/toolchain/13_2_Rel1/bin/../lib/gcc/arm-none-eabi/13.2.1/thumb/v6-m/nofp/crti.o
                0x100002b8                _init
 *(EXCLUDE_FILE(*libm.a: *libc.a:*lib_a-mem*.o *libgcc.a:) .text*)
 .text.register_tm_clones
                0x100002bc       0x28 /home/nastyst16/.pico-sdk/toolchain/13_2_Rel1/bin/../lib/gcc/arm-none-eabi/13.2.1/thumb/v6-m/nofp/crtbegin.o
 .text.frame_dummy
                0x100002e4       0x24 /home/nastyst16/.pico-sdk/toolchain/13_2_Rel1/bin/../lib/gcc/arm-none-eabi/13.2.1/thumb/v6-m/nofp/crtbegin.o
 .text.main     0x10000308       0x88 CMakeFiles/HomeAutomation.dir/HomeAutomation.c.obj
                0x10000308                main
 .text.dht11_read
                0x10000390      0x114 CMakeFiles/HomeAutomation.dir/dht11.c.obj
                0x10000390                dht11_read
 .text.gpio_set_function
                0x100004a4       0x30 CMakeFiles/HomeAutomation.dir/home/nastyst16/.pico-sdk/sdk/1.5.1/src/rp2_common/hardware_gpio/gpio.c.obj
                0x100004a4                gpio_set_function
 .text.gpio_init
                0x100004d4       0x16 CMakeFiles/HomeAutomation.dir/home/nastyst16/.pico-sdk/sdk/1.5.1/src/rp2_common/hardware_gpio/gpio.c.obj
                0x100004d4                gpio_init
 *fill*         0x100004ea        0x2 
 .text.running_on_fpga
                0x100004ec       0x14 CMakeFiles/HomeAutomation.dir/home/nastyst16/.pico-sdk/sdk/1.5.1/src/rp2_common/pico_platform/platform.c.obj
                0x100004ec                running_on_fpga
 .text.hw_claim_lock
                0x10000500       0x18 CMakeFiles/HomeAutomation.dir/home/nastyst16/.pico-sdk/sdk/1.5.1/src/rp2_common/hardware_claim/claim.c.obj
                0x10000500                hw_claim_lock
 .text.hw_claim_unlock
                0x10000518       0x14 CMakeFiles/HomeAutomation.dir/home/nastyst16/.pico-sdk/sdk/1.5.1/src/rp2_common/hardware_claim/claim.c.obj
                0x10000518                hw_claim_unlock
 .text.hw_claim_or_assert
                0x1000052c       0x32 CMakeFiles/HomeAutomation.dir/home/nastyst16/.pico-sdk/sdk/1.5.1/src/rp2_common/hardware_claim/claim.c.obj
                0x1000052c                hw_claim_or_assert
 .text.hw_claim_unused_from_range
                0x1000055e       0x50 CMakeFiles/HomeAutomation.dir/home/nastyst16/.pico-sdk/sdk/1.5.1/src/rp2_common/hardware_claim/claim.c.obj
                0x1000055e                hw_claim_unused_from_range
 *fill*         0x100005ae        0x2 
 .text.spin_locks_reset
                0x100005b0       0x20 CMakeFiles/HomeAutomation.dir/home/nastyst16/.pico-sdk/sdk/1.5.1/src/rp2_common/hardware_sync/sync.c.obj
                0x100005b0                spin_locks_reset
 .text.next_striped_spin_lock_num
                0x100005d0       0x1c CMakeFiles/HomeAutomation.dir/home/nastyst16/.pico-sdk/sdk/1.5.1/src/rp2_common/hardware_sync/sync.c.obj
                0x100005d0                next_striped_spin_lock_num
 .text.spin_lock_claim_unused
                0x100005ec       0x24 CMakeFiles/HomeAutomation.dir/home/nastyst16/.pico-sdk/sdk/1.5.1/src/rp2_common/hardware_sync/sync.c.obj
                0x100005ec                spin_lock_claim_unused
 .text.set_raw_irq_handler_and_unlock
                0x10000610       0x28 CMakeFiles/HomeAutomation.dir/home/nastyst16/.pico-sdk/sdk/1.5.1/src/rp2_common/hardware_irq/irq.c.obj
 .text.resolve_branch
                0x10000638       0x30 CMakeFiles/HomeAutomation.dir/home/nastyst16/.pico-sdk/sdk/1.5.1/src/rp2_common/hardware_irq/irq.c.obj
 .text.make_branch
                0x10000668       0x48 CMakeFiles/HomeAutomation.dir/home/nastyst16/.pico-sdk/sdk/1.5.1/src/rp2_common/hardware_irq/irq.c.obj
 .text.insert_branch_and_link
                0x100006b0       0x40 CMakeFiles/HomeAutomation.dir/home/nastyst16/.pico-sdk/sdk/1.5.1/src/rp2_common/hardware_irq/irq.c.obj
 .text.irq_is_enabled
                0x100006f0       0x18 CMakeFiles/HomeAutomation.dir/home/nastyst16/.pico-sdk/sdk/1.5.1/src/rp2_common/hardware_irq/irq.c.obj
                0x100006f0                irq_is_enabled
 .text.irq_set_mask_enabled
                0x10000708       0x20 CMakeFiles/HomeAutomation.dir/home/nastyst16/.pico-sdk/sdk/1.5.1/src/rp2_common/hardware_irq/irq.c.obj
                0x10000708                irq_set_mask_enabled
 .text.irq_set_enabled
                0x10000728        0xe CMakeFiles/HomeAutomation.dir/home/nastyst16/.pico-sdk/sdk/1.5.1/src/rp2_common/hardware_irq/irq.c.obj
                0x10000728                irq_set_enabled
 *fill*         0x10000736        0x2 
 .text.irq_set_pending
                0x10000738       0x10 CMakeFiles/HomeAutomation.dir/home/nastyst16/.pico-sdk/sdk/1.5.1/src/rp2_common/hardware_irq/irq.c.obj
                0x10000738                irq_set_pending
 .text.irq_get_vtable_handler
                0x10000748       0x10 CMakeFiles/HomeAutomation.dir/home/nastyst16/.pico-sdk/sdk/1.5.1/src/rp2_common/hardware_irq/irq.c.obj
                0x10000748                irq_get_vtable_handler
 .text.irq_has_shared_handler
                0x10000758       0x24 CMakeFiles/HomeAutomation.dir/home/nastyst16/.pico-sdk/sdk/1.5.1/src/rp2_common/hardware_irq/irq.c.obj
                0x10000758                irq_has_shared_handler
 .text.irq_set_exclusive_handler
                0x1000077c       0x54 CMakeFiles/HomeAutomation.dir/home/nastyst16/.pico-sdk/sdk/1.5.1/src/rp2_common/hardware_irq/irq.c.obj
                0x1000077c                irq_set_exclusive_handler
 .text.irq_add_shared_handler
                0x100007d0      0x210 CMakeFiles/HomeAutomation.dir/home/nastyst16/.pico-sdk/sdk/1.5.1/src/rp2_common/hardware_irq/irq.c.obj
                0x100007d0                irq_add_shared_handler
 .text.irq_remove_handler
                0x100009e0      0x188 CMakeFiles/HomeAutomation.dir/home/nastyst16/.pico-sdk/sdk/1.5.1/src/rp2_common/hardware_irq/irq.c.obj
                0x100009e0                irq_remove_handler
 .text.irq_add_tail_to_free_list
                0x10000b68       0xf0 CMakeFiles/HomeAutomation.dir/home/nastyst16/.pico-sdk/sdk/1.5.1/src/rp2_common/hardware_irq/irq.c.obj
                0x10000b68                irq_add_tail_to_free_list
 .text.irq_init_priorities
                0x10000c58       0x1c CMakeFiles/HomeAutomation.dir/home/nastyst16/.pico-sdk/sdk/1.5.1/src/rp2_common/hardware_irq/irq.c.obj
                0x10000c58                irq_init_priorities
 .text.user_irq_claim_unused
                0x10000c74       0x2c CMakeFiles/HomeAutomation.dir/home/nastyst16/.pico-sdk/sdk/1.5.1/src/rp2_common/hardware_irq/irq.c.obj
                0x10000c74                user_irq_claim_unused
 .text.lock_init
                0x10000ca0       0x10 CMakeFiles/HomeAutomation.dir/home/nastyst16/.pico-sdk/sdk/1.5.1/src/common/pico_sync/lock_core.c.obj
                0x10000ca0                lock_init
 .text.update_us_since_boot
                0x10000cb0       0x24 CMakeFiles/HomeAutomation.dir/home/nastyst16/.pico-sdk/sdk/1.5.1/src/common/pico_sync/mutex.c.obj
 .text.delayed_by_ms
                0x10000cd4       0x44 CMakeFiles/HomeAutomation.dir/home/nastyst16/.pico-sdk/sdk/1.5.1/src/common/pico_sync/mutex.c.obj
 .text.get_absolute_time
                0x10000d18       0x22 CMakeFiles/HomeAutomation.dir/home/nastyst16/.pico-sdk/sdk/1.5.1/src/common/pico_sync/mutex.c.obj
 .text.make_timeout_time_ms
                0x10000d3a       0x20 CMakeFiles/HomeAutomation.dir/home/nastyst16/.pico-sdk/sdk/1.5.1/src/common/pico_sync/mutex.c.obj
 .text.mutex_init
                0x10000d5a       0x1a CMakeFiles/HomeAutomation.dir/home/nastyst16/.pico-sdk/sdk/1.5.1/src/common/pico_sync/mutex.c.obj
                0x10000d5a                mutex_init
 .text.recursive_mutex_init
                0x10000d74       0x1e CMakeFiles/HomeAutomation.dir/home/nastyst16/.pico-sdk/sdk/1.5.1/src/common/pico_sync/mutex.c.obj
                0x10000d74                recursive_mutex_init
 *fill*         0x10000d92        0x2 
 .text.critical_section_init_with_lock_num
                0x10000d94       0x14 CMakeFiles/HomeAutomation.dir/home/nastyst16/.pico-sdk/sdk/1.5.1/src/common/pico_sync/critical_section.c.obj
                0x10000d94                critical_section_init_with_lock_num
 .text.critical_section_init
                0x10000da8       0x14 CMakeFiles/HomeAutomation.dir/home/nastyst16/.pico-sdk/sdk/1.5.1/src/common/pico_sync/critical_section.c.obj
                0x10000da8                critical_section_init
 .text.time_reached
                0x10000dbc       0x28 CMakeFiles/HomeAutomation.dir/home/nastyst16/.pico-sdk/sdk/1.5.1/src/common/pico_time/time.c.obj
 .text.get_entry
                0x10000de4       0x38 CMakeFiles/HomeAutomation.dir/home/nastyst16/.pico-sdk/sdk/1.5.1/src/common/pico_time/time.c.obj
 .text.timer_pool_entry_comparator
                0x10000e1c       0x2e CMakeFiles/HomeAutomation.dir/home/nastyst16/.pico-sdk/sdk/1.5.1/src/common/pico_time/time.c.obj
                0x10000e1c                timer_pool_entry_comparator
 *fill*         0x10000e4a        0x2 
 .text.update_us_since_boot
                0x10000e4c       0x24 CMakeFiles/HomeAutomation.dir/home/nastyst16/.pico-sdk/sdk/1.5.1/src/common/pico_time/time.c.obj
 .text.delayed_by_us
                0x10000e70       0x34 CMakeFiles/HomeAutomation.dir/home/nastyst16/.pico-sdk/sdk/1.5.1/src/common/pico_time/time.c.obj
 .text.ph_get_node
                0x10000ea4       0x30 CMakeFiles/HomeAutomation.dir/home/nastyst16/.pico-sdk/sdk/1.5.1/src/common/pico_time/time.c.obj
 .text.ph_contains_node
                0x10000ed4       0x1e CMakeFiles/HomeAutomation.dir/home/nastyst16/.pico-sdk/sdk/1.5.1/src/common/pico_time/time.c.obj
 .text.ph_new_node
                0x10000ef2       0x28 CMakeFiles/HomeAutomation.dir/home/nastyst16/.pico-sdk/sdk/1.5.1/src/common/pico_time/time.c.obj
 *fill*         0x10000f1a        0x2 
 .text.ph_add_child_node
                0x10000f1c       0x6c CMakeFiles/HomeAutomation.dir/home/nastyst16/.pico-sdk/sdk/1.5.1/src/common/pico_time/time.c.obj
 .text.ph_merge_nodes
                0x10000f88       0x3e CMakeFiles/HomeAutomation.dir/home/nastyst16/.pico-sdk/sdk/1.5.1/src/common/pico_time/time.c.obj
 *fill*         0x10000fc6        0x2 
 .text.ph_insert_node
                0x10000fc8       0x3c CMakeFiles/HomeAutomation.dir/home/nastyst16/.pico-sdk/sdk/1.5.1/src/common/pico_time/time.c.obj
 .text.ph_free_node
                0x10001004       0x5c CMakeFiles/HomeAutomation.dir/home/nastyst16/.pico-sdk/sdk/1.5.1/src/common/pico_time/time.c.obj
 .text.get_entry_id_high
                0x10001060       0x30 CMakeFiles/HomeAutomation.dir/home/nastyst16/.pico-sdk/sdk/1.5.1/src/common/pico_time/time.c.obj
 .text.alarm_pool_post_alloc_init
                0x10001090       0x40 CMakeFiles/HomeAutomation.dir/home/nastyst16/.pico-sdk/sdk/1.5.1/src/common/pico_time/time.c.obj
 .text.sleep_until_callback
                0x100010d0       0x30 CMakeFiles/HomeAutomation.dir/home/nastyst16/.pico-sdk/sdk/1.5.1/src/common/pico_time/time.c.obj
 .text.get_absolute_time
                0x10001100       0x22 CMakeFiles/HomeAutomation.dir/home/nastyst16/.pico-sdk/sdk/1.5.1/src/common/pico_time/time.c.obj
 .text.make_timeout_time_us
                0x10001122       0x24 CMakeFiles/HomeAutomation.dir/home/nastyst16/.pico-sdk/sdk/1.5.1/src/common/pico_time/time.c.obj
 *fill*         0x10001146        0x2 
 .text.add_alarm_under_lock
                0x10001148       0x94 CMakeFiles/HomeAutomation.dir/home/nastyst16/.pico-sdk/sdk/1.5.1/src/common/pico_time/time.c.obj
 .text.alarm_pool_alarm_callback
                0x100011dc      0x210 CMakeFiles/HomeAutomation.dir/home/nastyst16/.pico-sdk/sdk/1.5.1/src/common/pico_time/time.c.obj
 .text.alarm_pool_init_default
                0x100013ec       0x40 CMakeFiles/HomeAutomation.dir/home/nastyst16/.pico-sdk/sdk/1.5.1/src/common/pico_time/time.c.obj
                0x100013ec                alarm_pool_init_default
 .text.alarm_pool_get_default
                0x1000142c       0x2c CMakeFiles/HomeAutomation.dir/home/nastyst16/.pico-sdk/sdk/1.5.1/src/common/pico_time/time.c.obj
                0x1000142c                alarm_pool_get_default
 .text.alarm_pool_add_alarm_at
                0x10001458      0x10e CMakeFiles/HomeAutomation.dir/home/nastyst16/.pico-sdk/sdk/1.5.1/src/common/pico_time/time.c.obj
                0x10001458                alarm_pool_add_alarm_at
 .text.add_alarm_at
                0x10001566       0x2e CMakeFiles/HomeAutomation.dir/home/nastyst16/.pico-sdk/sdk/1.5.1/src/common/pico_time/time.c.obj
 .text.alarm_pool_cancel_alarm
                0x10001594       0xa8 CMakeFiles/HomeAutomation.dir/home/nastyst16/.pico-sdk/sdk/1.5.1/src/common/pico_time/time.c.obj
                0x10001594                alarm_pool_cancel_alarm
 .text.cancel_alarm
                0x1000163c       0x10 CMakeFiles/HomeAutomation.dir/home/nastyst16/.pico-sdk/sdk/1.5.1/src/common/pico_time/time.c.obj
 .text.alarm_pool_core_num
                0x1000164c        0x4 CMakeFiles/HomeAutomation.dir/home/nastyst16/.pico-sdk/sdk/1.5.1/src/common/pico_time/time.c.obj
                0x1000164c                alarm_pool_core_num
 .text.sleep_until
                0x10001650       0xb0 CMakeFiles/HomeAutomation.dir/home/nastyst16/.pico-sdk/sdk/1.5.1/src/common/pico_time/time.c.obj
                0x10001650                sleep_until
 .text.sleep_us
                0x10001700       0x1a CMakeFiles/HomeAutomation.dir/home/nastyst16/.pico-sdk/sdk/1.5.1/src/common/pico_time/time.c.obj
                0x10001700                sleep_us
 .text.sleep_ms
                0x1000171a       0x14 CMakeFiles/HomeAutomation.dir/home/nastyst16/.pico-sdk/sdk/1.5.1/src/common/pico_time/time.c.obj
                0x1000171a                sleep_ms
 *fill*         0x1000172e        0x2 
 .text.best_effort_wfe_or_timeout
                0x10001730       0x44 CMakeFiles/HomeAutomation.dir/home/nastyst16/.pico-sdk/sdk/1.5.1/src/common/pico_time/time.c.obj
                0x10001730                best_effort_wfe_or_timeout
 .text.update_us_since_boot
                0x10001774       0x24 CMakeFiles/HomeAutomation.dir/home/nastyst16/.pico-sdk/sdk/1.5.1/src/rp2_common/hardware_timer/timer.c.obj
 .text.hardware_alarm_irq_handler
                0x10001798       0x8c CMakeFiles/HomeAutomation.dir/home/nastyst16/.pico-sdk/sdk/1.5.1/src/rp2_common/hardware_timer/timer.c.obj
 .text.hardware_alarm_claim
                0x10001824       0x18 CMakeFiles/HomeAutomation.dir/home/nastyst16/.pico-sdk/sdk/1.5.1/src/rp2_common/hardware_timer/timer.c.obj
                0x10001824                hardware_alarm_claim
 .text.time_us_64
                0x1000183c       0x18 CMakeFiles/HomeAutomation.dir/home/nastyst16/.pico-sdk/sdk/1.5.1/src/rp2_common/hardware_timer/timer.c.obj
                0x1000183c                time_us_64
 .text.busy_wait_until
                0x10001854       0x28 CMakeFiles/HomeAutomation.dir/home/nastyst16/.pico-sdk/sdk/1.5.1/src/rp2_common/hardware_timer/timer.c.obj
                0x10001854                busy_wait_until
 .text.busy_wait_us
                0x1000187c       0x3a CMakeFiles/HomeAutomation.dir/home/nastyst16/.pico-sdk/sdk/1.5.1/src/rp2_common/hardware_timer/timer.c.obj
                0x1000187c                busy_wait_us
 *fill*         0x100018b6        0x2 
 .text.hardware_alarm_set_callback
                0x100018b8       0x90 CMakeFiles/HomeAutomation.dir/home/nastyst16/.pico-sdk/sdk/1.5.1/src/rp2_common/hardware_timer/timer.c.obj
                0x100018b8                hardware_alarm_set_callback
 .text.hardware_alarm_set_target
                0x10001948       0xe8 CMakeFiles/HomeAutomation.dir/home/nastyst16/.pico-sdk/sdk/1.5.1/src/rp2_common/hardware_timer/timer.c.obj
                0x10001948                hardware_alarm_set_target
 .text.hardware_alarm_cancel
                0x10001a30       0x40 CMakeFiles/HomeAutomation.dir/home/nastyst16/.pico-sdk/sdk/1.5.1/src/rp2_common/hardware_timer/timer.c.obj
                0x10001a30                hardware_alarm_cancel
 .text.ph_get_node
                0x10001a70       0x30 CMakeFiles/HomeAutomation.dir/home/nastyst16/.pico-sdk/sdk/1.5.1/src/common/pico_util/pheap.c.obj
 .text.ph_add_child_node
                0x10001aa0       0x6c CMakeFiles/HomeAutomation.dir/home/nastyst16/.pico-sdk/sdk/1.5.1/src/common/pico_util/pheap.c.obj
 .text.ph_merge_nodes
                0x10001b0c       0x3e CMakeFiles/HomeAutomation.dir/home/nastyst16/.pico-sdk/sdk/1.5.1/src/common/pico_util/pheap.c.obj
 .text.ph_clear
                0x10001b4a       0x34 CMakeFiles/HomeAutomation.dir/home/nastyst16/.pico-sdk/sdk/1.5.1/src/common/pico_util/pheap.c.obj
                0x10001b4a                ph_clear
 .text.ph_post_alloc_init
                0x10001b7e        0xe CMakeFiles/HomeAutomation.dir/home/nastyst16/.pico-sdk/sdk/1.5.1/src/common/pico_util/pheap.c.obj
                0x10001b7e                ph_post_alloc_init
 .text.ph_merge_two_pass
                0x10001b8c       0x5c CMakeFiles/HomeAutomation.dir/home/nastyst16/.pico-sdk/sdk/1.5.1/src/common/pico_util/pheap.c.obj
                0x10001b8c                ph_merge_two_pass
 .text.ph_remove_any_head
                0x10001be8       0xc0 CMakeFiles/HomeAutomation.dir/home/nastyst16/.pico-sdk/sdk/1.5.1/src/common/pico_util/pheap.c.obj
 .text.ph_remove_head
                0x10001ca8       0x14 CMakeFiles/HomeAutomation.dir/home/nastyst16/.pico-sdk/sdk/1.5.1/src/common/pico_util/pheap.c.obj
                0x10001ca8                ph_remove_head
 .text.ph_remove_and_free_node
                0x10001cbc       0xa0 CMakeFiles/HomeAutomation.dir/home/nastyst16/.pico-sdk/sdk/1.5.1/src/common/pico_util/pheap.c.obj
                0x10001cbc                ph_remove_and_free_node
 .text.clock_configure
                0x10001d5c      0x108 CMakeFiles/HomeAutomation.dir/home/nastyst16/.pico-sdk/sdk/1.5.1/src/rp2_common/hardware_clocks/clocks.c.obj
                0x10001d5c                clock_configure
 .text.clocks_init
                0x10001e64      0x100 CMakeFiles/HomeAutomation.dir/home/nastyst16/.pico-sdk/sdk/1.5.1/src/rp2_common/hardware_clocks/clocks.c.obj
                0x10001e64                clocks_init
 .text.pll_init
                0x10001f64      0x120 CMakeFiles/HomeAutomation.dir/home/nastyst16/.pico-sdk/sdk/1.5.1/src/rp2_common/hardware_pll/pll.c.obj
                0x10001f64                pll_init
 .text.watchdog_start_tick
                0x10002084       0x10 CMakeFiles/HomeAutomation.dir/home/nastyst16/.pico-sdk/sdk/1.5.1/src/rp2_common/hardware_watchdog/watchdog.c.obj
                0x10002084                watchdog_start_tick
 .text.watchdog_update
                0x10002094       0x14 CMakeFiles/HomeAutomation.dir/home/nastyst16/.pico-sdk/sdk/1.5.1/src/rp2_common/hardware_watchdog/watchdog.c.obj
                0x10002094                watchdog_update
 .text._watchdog_enable
                0x100020a8       0x78 CMakeFiles/HomeAutomation.dir/home/nastyst16/.pico-sdk/sdk/1.5.1/src/rp2_common/hardware_watchdog/watchdog.c.obj
                0x100020a8                _watchdog_enable
 .text.watchdog_reboot
                0x10002120       0x48 CMakeFiles/HomeAutomation.dir/home/nastyst16/.pico-sdk/sdk/1.5.1/src/rp2_common/hardware_watchdog/watchdog.c.obj
                0x10002120                watchdog_reboot
 .text.xosc_init
                0x10002168       0x28 CMakeFiles/HomeAutomation.dir/home/nastyst16/.pico-sdk/sdk/1.5.1/src/rp2_common/hardware_xosc/xosc.c.obj
                0x10002168                xosc_init
 .text._exit    0x10002190        0x4 CMakeFiles/HomeAutomation.dir/home/nastyst16/.pico-sdk/sdk/1.5.1/src/rp2_common/pico_runtime/runtime.c.obj
                0x10002190                _exit
 .text.exit     0x10002194        0x6 CMakeFiles/HomeAutomation.dir/home/nastyst16/.pico-sdk/sdk/1.5.1/src/rp2_common/pico_runtime/runtime.c.obj
                0x10002194                exit
 *fill*         0x1000219a        0x2 
 .text.__assert_func
                0x1000219c       0x38 CMakeFiles/HomeAutomation.dir/home/nastyst16/.pico-sdk/sdk/1.5.1/src/rp2_common/pico_runtime/runtime.c.obj
                0x1000219c                __assert_func
 .text.runtime_init
                0x100021d4       0xf8 CMakeFiles/HomeAutomation.dir/home/nastyst16/.pico-sdk/sdk/1.5.1/src/rp2_common/pico_runtime/runtime.c.obj
                0x100021d4                runtime_init
 .text.panic    0x100022cc       0x30 CMakeFiles/HomeAutomation.dir/home/nastyst16/.pico-sdk/sdk/1.5.1/src/rp2_common/pico_runtime/runtime.c.obj
                0x100022cc                panic
 .text._out_null
                0x100022fc        0x2 CMakeFiles/HomeAutomation.dir/home/nastyst16/.pico-sdk/sdk/1.5.1/src/rp2_common/pico_printf/printf.c.obj
 .text._out_fct
                0x100022fe        0xe CMakeFiles/HomeAutomation.dir/home/nastyst16/.pico-sdk/sdk/1.5.1/src/rp2_common/pico_printf/printf.c.obj
 .text._atoi    0x1000230c       0x24 CMakeFiles/HomeAutomation.dir/home/nastyst16/.pico-sdk/sdk/1.5.1/src/rp2_common/pico_printf/printf.c.obj
 .text._out_rev
                0x10002330       0xae CMakeFiles/HomeAutomation.dir/home/nastyst16/.pico-sdk/sdk/1.5.1/src/rp2_common/pico_printf/printf.c.obj
 .text._ntoa_format
                0x100023de      0x110 CMakeFiles/HomeAutomation.dir/home/nastyst16/.pico-sdk/sdk/1.5.1/src/rp2_common/pico_printf/printf.c.obj
 .text._ntoa_long
                0x100024ee       0xbc CMakeFiles/HomeAutomation.dir/home/nastyst16/.pico-sdk/sdk/1.5.1/src/rp2_common/pico_printf/printf.c.obj
 .text._ntoa_long_long
                0x100025aa      0x10e CMakeFiles/HomeAutomation.dir/home/nastyst16/.pico-sdk/sdk/1.5.1/src/rp2_common/pico_printf/printf.c.obj
 .text._etoa    0x100026b8      0x420 CMakeFiles/HomeAutomation.dir/home/nastyst16/.pico-sdk/sdk/1.5.1/src/rp2_common/pico_printf/printf.c.obj
 .text._ftoa    0x10002ad8      0x354 CMakeFiles/HomeAutomation.dir/home/nastyst16/.pico-sdk/sdk/1.5.1/src/rp2_common/pico_printf/printf.c.obj
 .text._vsnprintf
                0x10002e2c      0x668 CMakeFiles/HomeAutomation.dir/home/nastyst16/.pico-sdk/sdk/1.5.1/src/rp2_common/pico_printf/printf.c.obj
 .text.vfctprintf
                0x10003494       0x20 CMakeFiles/HomeAutomation.dir/home/nastyst16/.pico-sdk/sdk/1.5.1/src/rp2_common/pico_printf/printf.c.obj
                0x10003494                vfctprintf
 .text          0x100034b4       0x10 CMakeFiles/HomeAutomation.dir/home/nastyst16/.pico-sdk/sdk/1.5.1/src/rp2_common/pico_bit_ops/bit_ops_aeabi.S.obj
 .text.rom_func_lookup
                0x100034c4       0x10 CMakeFiles/HomeAutomation.dir/home/nastyst16/.pico-sdk/sdk/1.5.1/src/rp2_common/pico_bootrom/bootrom.c.obj
                0x100034c4                rom_func_lookup
 .text.rom_data_lookup
                0x100034d4       0x10 CMakeFiles/HomeAutomation.dir/home/nastyst16/.pico-sdk/sdk/1.5.1/src/rp2_common/pico_bootrom/bootrom.c.obj
                0x100034d4                rom_data_lookup
 .text.rom_funcs_lookup
                0x100034e4       0x36 CMakeFiles/HomeAutomation.dir/home/nastyst16/.pico-sdk/sdk/1.5.1/src/rp2_common/pico_bootrom/bootrom.c.obj
                0x100034e4                rom_funcs_lookup
 *fill*         0x1000351a        0x2 
 .text.__wrap___aeabi_idiv
                0x1000351c       0x50 CMakeFiles/HomeAutomation.dir/home/nastyst16/.pico-sdk/sdk/1.5.1/src/rp2_common/pico_divider/divider.S.obj
                0x1000351c                __wrap___aeabi_idivmod
                0x1000351c                divmod_s32s32
                0x1000351c                div_s32s32
                0x1000351c                __wrap___aeabi_idiv
                0x10003524                divmod_s32s32_unsafe
                0x10003550                divmod_s32s32_savestate
 .text.__wrap___aeabi_uidiv
                0x1000356c       0x4c CMakeFiles/HomeAutomation.dir/home/nastyst16/.pico-sdk/sdk/1.5.1/src/rp2_common/pico_divider/divider.S.obj
                0x1000356c                __wrap___aeabi_uidiv
                0x1000356c                __wrap___aeabi_uidivmod
                0x1000356c                div_u32u32
                0x1000356c                divmod_u32u32
                0x10003574                divmod_u32u32_unsafe
                0x1000359c                divmod_u32u32_savestate
 .text.__wrap___aeabi_ldiv
                0x100035b8      0x424 CMakeFiles/HomeAutomation.dir/home/nastyst16/.pico-sdk/sdk/1.5.1/src/rp2_common/pico_divider/divider.S.obj
                0x100035b8                div_s64s64
                0x100035b8                divmod_s64s64
                0x100035b8                __wrap___aeabi_ldivmod
                0x100035e8                div_u64u64
                0x100035e8                divmod_u64u64
                0x100035e8                __wrap___aeabi_uldivmod
                0x100035f8                divmod_u64u64_savestate
                0x10003618                divmod_s64s64_unsafe
                0x100036a0                divmod_u64u64_unsafe
 .text.__wrap___aeabi_darithmetic
                0x100039dc       0x80 CMakeFiles/HomeAutomation.dir/home/nastyst16/.pico-sdk/sdk/1.5.1/src/rp2_common/pico_double/double_aeabi.S.obj
                0x100039dc                __wrap___aeabi_drsub
                0x100039e2                __wrap___aeabi_dsub
                0x100039f4                __wrap___aeabi_dadd
                0x10003a06                __wrap___aeabi_ddiv
                0x10003a42                __wrap___aeabi_dmul
 .text.__wrap___aeabi_cdcmple
                0x10003a5c       0x6c CMakeFiles/HomeAutomation.dir/home/nastyst16/.pico-sdk/sdk/1.5.1/src/rp2_common/pico_double/double_aeabi.S.obj
                0x10003a5c                __wrap___aeabi_cdrcmple
                0x10003a6c                __wrap___aeabi_cdcmple
                0x10003a6c                __wrap___aeabi_cdcmpeq
 .text.__wrap___aeabi_dcmplt
                0x10003ac8        0xc CMakeFiles/HomeAutomation.dir/home/nastyst16/.pico-sdk/sdk/1.5.1/src/rp2_common/pico_double/double_aeabi.S.obj
                0x10003ac8                __wrap___aeabi_dcmplt
 .text.__wrap___aeabi_dcmple
                0x10003ad4       0x10 CMakeFiles/HomeAutomation.dir/home/nastyst16/.pico-sdk/sdk/1.5.1/src/rp2_common/pico_double/double_aeabi.S.obj
                0x10003ad4                __wrap___aeabi_dcmple
 .text.__wrap___aeabi_dcmpge
                0x10003ae4       0x10 CMakeFiles/HomeAutomation.dir/home/nastyst16/.pico-sdk/sdk/1.5.1/src/rp2_common/pico_double/double_aeabi.S.obj
                0x10003ae4                __wrap___aeabi_dcmpge
 .text.__wrap___aeabi_dcmpgt
                0x10003af4        0xa CMakeFiles/HomeAutomation.dir/home/nastyst16/.pico-sdk/sdk/1.5.1/src/rp2_common/pico_double/double_aeabi.S.obj
                0x10003af4                __wrap___aeabi_dcmpgt
 .text.__wrap___aeabi_dcmpun
                0x10003afe       0x1c CMakeFiles/HomeAutomation.dir/home/nastyst16/.pico-sdk/sdk/1.5.1/src/rp2_common/pico_double/double_aeabi.S.obj
                0x10003afe                __wrap___aeabi_dcmpun
 *fill*         0x10003b1a        0x2 
 .text.__wrap___aeabi_i2d
                0x10003b1c       0x38 CMakeFiles/HomeAutomation.dir/home/nastyst16/.pico-sdk/sdk/1.5.1/src/rp2_common/pico_double/double_aeabi.S.obj
                0x10003b1c                __wrap___aeabi_ui2d
                0x10003b24                __wrap___aeabi_i2d
 .text.__wrap___aeabi_d2iz
                0x10003b54       0x48 CMakeFiles/HomeAutomation.dir/home/nastyst16/.pico-sdk/sdk/1.5.1/src/rp2_common/pico_double/double_aeabi.S.obj
                0x10003b54                __wrap___aeabi_d2iz
                0x10003b54                double2int_z
 .text.__wrap___aeabi_d2uiz
                0x10003b9c       0x18 CMakeFiles/HomeAutomation.dir/home/nastyst16/.pico-sdk/sdk/1.5.1/src/rp2_common/pico_double/double_aeabi.S.obj
                0x10003b9c                double2uint
                0x10003b9c                __wrap___aeabi_d2uiz
 .text.__aeabi_double_init
                0x10003bb4       0xcc CMakeFiles/HomeAutomation.dir/home/nastyst16/.pico-sdk/sdk/1.5.1/src/rp2_common/pico_double/double_init_rom.c.obj
                0x10003bb4                __aeabi_double_init
 .text.double_table_shim_on_use_helper
                0x10003c80       0x34 CMakeFiles/HomeAutomation.dir/home/nastyst16/.pico-sdk/sdk/1.5.1/src/rp2_common/pico_double/double_v1_rom_shim.S.obj
                0x10003c80                double_table_shim_on_use_helper
 .text.__wrap___aeabi_dsub
                0x10003cb4       0x10 CMakeFiles/HomeAutomation.dir/home/nastyst16/.pico-sdk/sdk/1.5.1/src/rp2_common/pico_double/double_v1_rom_shim.S.obj
                0x10003cb4                drsub_shim
                0x10003cba                dsub_shim
 .text.dadd_shim
                0x10003cc4      0x15c CMakeFiles/HomeAutomation.dir/home/nastyst16/.pico-sdk/sdk/1.5.1/src/rp2_common/pico_double/double_v1_rom_shim.S.obj
                0x10003cc4                dadd_shim
 .text.dmul_shim
                0x10003e20      0x15c CMakeFiles/HomeAutomation.dir/home/nastyst16/.pico-sdk/sdk/1.5.1/src/rp2_common/pico_double/double_v1_rom_shim.S.obj
                0x10003e20                dmul_shim
 .text.ddiv_shim
                0x10003f7c      0x1b0 CMakeFiles/HomeAutomation.dir/home/nastyst16/.pico-sdk/sdk/1.5.1/src/rp2_common/pico_double/double_v1_rom_shim.S.obj
                0x10003f7c                ddiv_shim
 .text.double2uint_shim
                0x1000412c        0xe CMakeFiles/HomeAutomation.dir/home/nastyst16/.pico-sdk/sdk/1.5.1/src/rp2_common/pico_double/double_v1_rom_shim.S.obj
                0x1000412c                double2uint_shim
                0x1000412e                double2ufix_shim
 *fill*         0x1000413a        0x2 
 .text.double2uint64_shim
                0x1000413c       0x70 CMakeFiles/HomeAutomation.dir/home/nastyst16/.pico-sdk/sdk/1.5.1/src/rp2_common/pico_double/double_v1_rom_shim.S.obj
                0x1000413c                double2uint64_shim
                0x1000413e                double2ufix64_shim
                0x1000415e                d2fix_a
 .text.dunpacks
                0x100041ac       0x3c CMakeFiles/HomeAutomation.dir/home/nastyst16/.pico-sdk/sdk/1.5.1/src/rp2_common/pico_double/double_v1_rom_shim.S.obj
                0x100041ac                dunpacks
 .text.__aeabi_lmul
                0x100041e8       0x32 CMakeFiles/HomeAutomation.dir/home/nastyst16/.pico-sdk/sdk/1.5.1/src/rp2_common/pico_int64_ops/pico_int64_ops_aeabi.S.obj
                0x100041e8                __wrap___aeabi_lmul
 *fill*         0x1000421a        0x2 
 .text.__aeabi_float_init
                0x1000421c       0xfc CMakeFiles/HomeAutomation.dir/home/nastyst16/.pico-sdk/sdk/1.5.1/src/rp2_common/pico_float/float_init_rom.c.obj
                0x1000421c                __aeabi_float_init
 .text.float_table_shim_on_use_helper
                0x10004318       0x34 CMakeFiles/HomeAutomation.dir/home/nastyst16/.pico-sdk/sdk/1.5.1/src/rp2_common/pico_float/float_v1_rom_shim.S.obj
                0x10004318                float_table_shim_on_use_helper
 .text          0x1000434c       0x10 CMakeFiles/HomeAutomation.dir/home/nastyst16/.pico-sdk/sdk/1.5.1/src/rp2_common/pico_mem_ops/mem_ops_aeabi.S.obj
                0x1000434c                __aeabi_mem_init
 .text.memset   0x1000435c        0xc CMakeFiles/HomeAutomation.dir/home/nastyst16/.pico-sdk/sdk/1.5.1/src/rp2_common/pico_mem_ops/mem_ops_aeabi.S.obj
                0x1000435c                __wrap_memset
 .text.memcpy   0x10004368        0xc CMakeFiles/HomeAutomation.dir/home/nastyst16/.pico-sdk/sdk/1.5.1/src/rp2_common/pico_mem_ops/mem_ops_aeabi.S.obj
                0x10004368                __wrap___aeabi_memcpy
                0x10004368                __wrap_memcpy
 .text.time_reached
                0x10004374       0x28 CMakeFiles/HomeAutomation.dir/home/nastyst16/.pico-sdk/sdk/1.5.1/src/rp2_common/pico_stdio/stdio.c.obj
 .text.stdio_out_chars_no_crlf
                0x1000439c        0xe CMakeFiles/HomeAutomation.dir/home/nastyst16/.pico-sdk/sdk/1.5.1/src/rp2_common/pico_stdio/stdio.c.obj
 *fill*         0x100043aa        0x2 
 .text.stdio_out_chars_crlf
                0x100043ac       0x80 CMakeFiles/HomeAutomation.dir/home/nastyst16/.pico-sdk/sdk/1.5.1/src/rp2_common/pico_stdio/stdio.c.obj
 .text.stdio_stack_buffer_flush
                0x1000442c       0x44 CMakeFiles/HomeAutomation.dir/home/nastyst16/.pico-sdk/sdk/1.5.1/src/rp2_common/pico_stdio/stdio.c.obj
 .text.stdio_buffered_printer
                0x10004470       0x20 CMakeFiles/HomeAutomation.dir/home/nastyst16/.pico-sdk/sdk/1.5.1/src/rp2_common/pico_stdio/stdio.c.obj
 .text.update_us_since_boot
                0x10004490       0x24 CMakeFiles/HomeAutomation.dir/home/nastyst16/.pico-sdk/sdk/1.5.1/src/rp2_common/pico_stdio/stdio.c.obj
 .text.get_absolute_time
                0x100044b4       0x22 CMakeFiles/HomeAutomation.dir/home/nastyst16/.pico-sdk/sdk/1.5.1/src/rp2_common/pico_stdio/stdio.c.obj
 *fill*         0x100044d6        0x2 
 .text.delayed_by_ms
                0x100044d8       0x44 CMakeFiles/HomeAutomation.dir/home/nastyst16/.pico-sdk/sdk/1.5.1/src/rp2_common/pico_stdio/stdio.c.obj
 .text.make_timeout_time_ms
                0x1000451c       0x20 CMakeFiles/HomeAutomation.dir/home/nastyst16/.pico-sdk/sdk/1.5.1/src/rp2_common/pico_stdio/stdio.c.obj
 .text.delayed_by_us
                0x1000453c       0x34 CMakeFiles/HomeAutomation.dir/home/nastyst16/.pico-sdk/sdk/1.5.1/src/rp2_common/pico_stdio/stdio.c.obj
 .text.make_timeout_time_us
                0x10004570       0x24 CMakeFiles/HomeAutomation.dir/home/nastyst16/.pico-sdk/sdk/1.5.1/src/rp2_common/pico_stdio/stdio.c.obj
 .text.stdio_get_until
                0x10004594       0x64 CMakeFiles/HomeAutomation.dir/home/nastyst16/.pico-sdk/sdk/1.5.1/src/rp2_common/pico_stdio/stdio.c.obj
 .text.stdout_serialize_begin
                0x100045f8       0x20 CMakeFiles/HomeAutomation.dir/home/nastyst16/.pico-sdk/sdk/1.5.1/src/rp2_common/pico_stdio/stdio.c.obj
                0x100045f8                stdout_serialize_begin
 .text.stdout_serialize_end
                0x10004618       0x10 CMakeFiles/HomeAutomation.dir/home/nastyst16/.pico-sdk/sdk/1.5.1/src/rp2_common/pico_stdio/stdio.c.obj
                0x10004618                stdout_serialize_end
 .text.stdio_put_string
                0x10004628       0x98 CMakeFiles/HomeAutomation.dir/home/nastyst16/.pico-sdk/sdk/1.5.1/src/rp2_common/pico_stdio/stdio.c.obj
 .text.stdio_set_driver_enabled
                0x100046c0       0x2c CMakeFiles/HomeAutomation.dir/home/nastyst16/.pico-sdk/sdk/1.5.1/src/rp2_common/pico_stdio/stdio.c.obj
                0x100046c0                stdio_set_driver_enabled
 .text.stdio_flush
                0x100046ec       0x20 CMakeFiles/HomeAutomation.dir/home/nastyst16/.pico-sdk/sdk/1.5.1/src/rp2_common/pico_stdio/stdio.c.obj
                0x100046ec                stdio_flush
 .text.__wrap_puts
                0x1000470c       0x1e CMakeFiles/HomeAutomation.dir/home/nastyst16/.pico-sdk/sdk/1.5.1/src/rp2_common/pico_stdio/stdio.c.obj
                0x1000470c                __wrap_puts
 *fill*         0x1000472a        0x2 
 .text.__wrap_vprintf
                0x1000472c       0x40 CMakeFiles/HomeAutomation.dir/home/nastyst16/.pico-sdk/sdk/1.5.1/src/rp2_common/pico_stdio/stdio.c.obj
                0x1000472c                __wrap_vprintf
 .text.__wrap_printf
                0x1000476c       0x18 CMakeFiles/HomeAutomation.dir/home/nastyst16/.pico-sdk/sdk/1.5.1/src/rp2_common/pico_stdio/stdio.c.obj
                0x1000476c                __wrap_printf
 .text.stdio_init_all
                0x10004784        0x8 CMakeFiles/HomeAutomation.dir/home/nastyst16/.pico-sdk/sdk/1.5.1/src/rp2_common/pico_stdio/stdio.c.obj
                0x10004784                stdio_init_all
 .text.getchar_timeout_us
                0x1000478c       0x44 CMakeFiles/HomeAutomation.dir/home/nastyst16/.pico-sdk/sdk/1.5.1/src/rp2_common/pico_stdio/stdio.c.obj
                0x1000478c                getchar_timeout_us
 .text.resetd_init
                0x100047d0        0x2 CMakeFiles/HomeAutomation.dir/home/nastyst16/.pico-sdk/sdk/1.5.1/src/rp2_common/pico_stdio_usb/reset_interface.c.obj
 *fill*         0x100047d2        0x2 
 .text.resetd_reset
                0x100047d4        0xc CMakeFiles/HomeAutomation.dir/home/nastyst16/.pico-sdk/sdk/1.5.1/src/rp2_common/pico_stdio_usb/reset_interface.c.obj
 .text.resetd_open
                0x100047e0       0x34 CMakeFiles/HomeAutomation.dir/home/nastyst16/.pico-sdk/sdk/1.5.1/src/rp2_common/pico_stdio_usb/reset_interface.c.obj
 .text.resetd_xfer_cb
                0x10004814        0x4 CMakeFiles/HomeAutomation.dir/home/nastyst16/.pico-sdk/sdk/1.5.1/src/rp2_common/pico_stdio_usb/reset_interface.c.obj
 .text.reset_usb_boot
                0x10004818       0x18 CMakeFiles/HomeAutomation.dir/home/nastyst16/.pico-sdk/sdk/1.5.1/src/rp2_common/pico_stdio_usb/reset_interface.c.obj
 .text.resetd_control_xfer_cb
                0x10004830       0x5c CMakeFiles/HomeAutomation.dir/home/nastyst16/.pico-sdk/sdk/1.5.1/src/rp2_common/pico_stdio_usb/reset_interface.c.obj
 .text.usbd_app_driver_get_cb
                0x1000488c        0xc CMakeFiles/HomeAutomation.dir/home/nastyst16/.pico-sdk/sdk/1.5.1/src/rp2_common/pico_stdio_usb/reset_interface.c.obj
                0x1000488c                usbd_app_driver_get_cb
 .text.tud_cdc_line_coding_cb
                0x10004898       0x28 CMakeFiles/HomeAutomation.dir/home/nastyst16/.pico-sdk/sdk/1.5.1/src/rp2_common/pico_stdio_usb/reset_interface.c.obj
                0x10004898                tud_cdc_line_coding_cb
 .text.stdio_usb_set_chars_available_callback
                0x100048c0       0x14 CMakeFiles/HomeAutomation.dir/home/nastyst16/.pico-sdk/sdk/1.5.1/src/rp2_common/pico_stdio_usb/stdio_usb.c.obj
                0x100048c0                stdio_usb_set_chars_available_callback
 .text.update_us_since_boot
                0x100048d4       0x24 CMakeFiles/HomeAutomation.dir/home/nastyst16/.pico-sdk/sdk/1.5.1/src/rp2_common/pico_stdio_usb/stdio_usb.c.obj
 .text.get_absolute_time
                0x100048f8       0x22 CMakeFiles/HomeAutomation.dir/home/nastyst16/.pico-sdk/sdk/1.5.1/src/rp2_common/pico_stdio_usb/stdio_usb.c.obj
 *fill*         0x1000491a        0x2 
 .text.delayed_by_ms
                0x1000491c       0x44 CMakeFiles/HomeAutomation.dir/home/nastyst16/.pico-sdk/sdk/1.5.1/src/rp2_common/pico_stdio_usb/stdio_usb.c.obj
 .text.make_timeout_time_ms
                0x10004960       0x20 CMakeFiles/HomeAutomation.dir/home/nastyst16/.pico-sdk/sdk/1.5.1/src/rp2_common/pico_stdio_usb/stdio_usb.c.obj
 .text.delayed_by_us
                0x10004980       0x34 CMakeFiles/HomeAutomation.dir/home/nastyst16/.pico-sdk/sdk/1.5.1/src/rp2_common/pico_stdio_usb/stdio_usb.c.obj
 .text.usb_irq  0x100049b4       0x10 CMakeFiles/HomeAutomation.dir/home/nastyst16/.pico-sdk/sdk/1.5.1/src/rp2_common/pico_stdio_usb/stdio_usb.c.obj
 .text.critical_section_enter_blocking
                0x100049c4       0x16 CMakeFiles/HomeAutomation.dir/home/nastyst16/.pico-sdk/sdk/1.5.1/src/rp2_common/pico_stdio_usb/stdio_usb.c.obj
 *fill*         0x100049da        0x2 
 .text.timer_task
                0x100049dc       0x4c CMakeFiles/HomeAutomation.dir/home/nastyst16/.pico-sdk/sdk/1.5.1/src/rp2_common/pico_stdio_usb/stdio_usb.c.obj
 .text.alarm_pool_add_alarm_in_us
                0x10004a28       0x3a CMakeFiles/HomeAutomation.dir/home/nastyst16/.pico-sdk/sdk/1.5.1/src/rp2_common/pico_stdio_usb/stdio_usb.c.obj
 .text.add_alarm_in_us
                0x10004a62       0x2e CMakeFiles/HomeAutomation.dir/home/nastyst16/.pico-sdk/sdk/1.5.1/src/rp2_common/pico_stdio_usb/stdio_usb.c.obj
 .text.low_priority_worker_irq
                0x10004a90       0x7c CMakeFiles/HomeAutomation.dir/home/nastyst16/.pico-sdk/sdk/1.5.1/src/rp2_common/pico_stdio_usb/stdio_usb.c.obj
 .text.tud_cdc_rx_cb
                0x10004b0c       0x20 CMakeFiles/HomeAutomation.dir/home/nastyst16/.pico-sdk/sdk/1.5.1/src/rp2_common/pico_stdio_usb/stdio_usb.c.obj
                0x10004b0c                tud_cdc_rx_cb
 .text.stdio_usb_init
                0x10004b2c       0xd0 CMakeFiles/HomeAutomation.dir/home/nastyst16/.pico-sdk/sdk/1.5.1/src/rp2_common/pico_stdio_usb/stdio_usb.c.obj
                0x10004b2c                stdio_usb_init
 .text.stdio_usb_connected
                0x10004bfc        0xa CMakeFiles/HomeAutomation.dir/home/nastyst16/.pico-sdk/sdk/1.5.1/src/rp2_common/pico_stdio_usb/stdio_usb.c.obj
                0x10004bfc                stdio_usb_connected
 *fill*         0x10004c06        0x2 
 .text.stdio_usb_in_chars
                0x10004c08       0x88 CMakeFiles/HomeAutomation.dir/home/nastyst16/.pico-sdk/sdk/1.5.1/src/rp2_common/pico_stdio_usb/stdio_usb.c.obj
                0x10004c08                stdio_usb_in_chars
 .text.stdio_usb_out_chars
                0x10004c90       0xd8 CMakeFiles/HomeAutomation.dir/home/nastyst16/.pico-sdk/sdk/1.5.1/src/rp2_common/pico_stdio_usb/stdio_usb.c.obj
 .text.tud_descriptor_device_cb
                0x10004d68        0x8 CMakeFiles/HomeAutomation.dir/home/nastyst16/.pico-sdk/sdk/1.5.1/src/rp2_common/pico_stdio_usb/stdio_usb_descriptors.c.obj
                0x10004d68                tud_descriptor_device_cb
 .text.tud_descriptor_configuration_cb
                0x10004d70        0x8 CMakeFiles/HomeAutomation.dir/home/nastyst16/.pico-sdk/sdk/1.5.1/src/rp2_common/pico_stdio_usb/stdio_usb_descriptors.c.obj
                0x10004d70                tud_descriptor_configuration_cb
 .text.tud_descriptor_string_cb
                0x10004d78       0x6c CMakeFiles/HomeAutomation.dir/home/nastyst16/.pico-sdk/sdk/1.5.1/src/rp2_common/pico_stdio_usb/stdio_usb_descriptors.c.obj
                0x10004d78                tud_descriptor_string_cb
 .text._retrieve_unique_id_on_boot
                0x10004de4       0x10 CMakeFiles/HomeAutomation.dir/home/nastyst16/.pico-sdk/sdk/1.5.1/src/rp2_common/pico_unique_id/unique_id.c.obj
 .text.pico_get_unique_board_id_string
                0x10004df4       0x5c CMakeFiles/HomeAutomation.dir/home/nastyst16/.pico-sdk/sdk/1.5.1/src/rp2_common/pico_unique_id/unique_id.c.obj
                0x10004df4                pico_get_unique_board_id_string
 .text.flash_get_unique_id
                0x10004e50       0x40 CMakeFiles/HomeAutomation.dir/home/nastyst16/.pico-sdk/sdk/1.5.1/src/rp2_common/hardware_flash/flash.c.obj
                0x10004e50                flash_get_unique_id
 .text.hw_endpoint_get_by_addr
                0x10004e90       0x18 CMakeFiles/HomeAutomation.dir/home/nastyst16/.pico-sdk/sdk/1.5.1/lib/tinyusb/src/portable/raspberrypi/rp2040/dcd_rp2040.c.obj
 .text._hw_endpoint_alloc
                0x10004ea8       0x70 CMakeFiles/HomeAutomation.dir/home/nastyst16/.pico-sdk/sdk/1.5.1/lib/tinyusb/src/portable/raspberrypi/rp2040/dcd_rp2040.c.obj
 .text.hw_endpoint_init
                0x10004f18       0x88 CMakeFiles/HomeAutomation.dir/home/nastyst16/.pico-sdk/sdk/1.5.1/lib/tinyusb/src/portable/raspberrypi/rp2040/dcd_rp2040.c.obj
 .text.dcd_event_sof
                0x10004fa0       0x2c CMakeFiles/HomeAutomation.dir/home/nastyst16/.pico-sdk/sdk/1.5.1/lib/tinyusb/src/portable/raspberrypi/rp2040/dcd_rp2040.c.obj
 .text.hw_endpoint_xfer
                0x10004fcc       0x14 CMakeFiles/HomeAutomation.dir/home/nastyst16/.pico-sdk/sdk/1.5.1/lib/tinyusb/src/portable/raspberrypi/rp2040/dcd_rp2040.c.obj
 .text.dcd_int_enable
                0x10004fe0       0x2c CMakeFiles/HomeAutomation.dir/home/nastyst16/.pico-sdk/sdk/1.5.1/lib/tinyusb/src/portable/raspberrypi/rp2040/dcd_rp2040.c.obj
                0x10004fe0                dcd_int_enable
 .text.dcd_set_address
                0x1000500c       0x2c CMakeFiles/HomeAutomation.dir/home/nastyst16/.pico-sdk/sdk/1.5.1/lib/tinyusb/src/portable/raspberrypi/rp2040/dcd_rp2040.c.obj
                0x1000500c                dcd_set_address
 .text.dcd_connect
                0x10005038       0x10 CMakeFiles/HomeAutomation.dir/home/nastyst16/.pico-sdk/sdk/1.5.1/lib/tinyusb/src/portable/raspberrypi/rp2040/dcd_rp2040.c.obj
                0x10005038                dcd_connect
 .text.dcd_init
                0x10005048       0x80 CMakeFiles/HomeAutomation.dir/home/nastyst16/.pico-sdk/sdk/1.5.1/lib/tinyusb/src/portable/raspberrypi/rp2040/dcd_rp2040.c.obj
                0x10005048                dcd_init
 .text.dcd_edpt0_status_complete
                0x100050c8       0x1c CMakeFiles/HomeAutomation.dir/home/nastyst16/.pico-sdk/sdk/1.5.1/lib/tinyusb/src/portable/raspberrypi/rp2040/dcd_rp2040.c.obj
                0x100050c8                dcd_edpt0_status_complete
 .text.dcd_edpt_open
                0x100050e4       0x40 CMakeFiles/HomeAutomation.dir/home/nastyst16/.pico-sdk/sdk/1.5.1/lib/tinyusb/src/portable/raspberrypi/rp2040/dcd_rp2040.c.obj
                0x100050e4                dcd_edpt_open
 .text.dcd_edpt_close_all
                0x10005124        0x8 CMakeFiles/HomeAutomation.dir/home/nastyst16/.pico-sdk/sdk/1.5.1/lib/tinyusb/src/portable/raspberrypi/rp2040/dcd_rp2040.c.obj
                0x10005124                dcd_edpt_close_all
 .text.dcd_edpt_xfer
                0x1000512c       0x34 CMakeFiles/HomeAutomation.dir/home/nastyst16/.pico-sdk/sdk/1.5.1/lib/tinyusb/src/portable/raspberrypi/rp2040/dcd_rp2040.c.obj
                0x1000512c                dcd_edpt_xfer
 .text.dcd_edpt_stall
                0x10005160       0x2c CMakeFiles/HomeAutomation.dir/home/nastyst16/.pico-sdk/sdk/1.5.1/lib/tinyusb/src/portable/raspberrypi/rp2040/dcd_rp2040.c.obj
                0x10005160                dcd_edpt_stall
 .text.dcd_edpt_clear_stall
                0x1000518c       0x20 CMakeFiles/HomeAutomation.dir/home/nastyst16/.pico-sdk/sdk/1.5.1/lib/tinyusb/src/portable/raspberrypi/rp2040/dcd_rp2040.c.obj
                0x1000518c                dcd_edpt_clear_stall
 .text.rp2040_usb_init
                0x100051ac       0x4c CMakeFiles/HomeAutomation.dir/home/nastyst16/.pico-sdk/sdk/1.5.1/lib/tinyusb/src/portable/raspberrypi/rp2040/rp2040_usb.c.obj
                0x100051ac                rp2040_usb_init
 .text.hw_endpoint_xfer_start
                0x100051f8       0x50 CMakeFiles/HomeAutomation.dir/home/nastyst16/.pico-sdk/sdk/1.5.1/lib/tinyusb/src/portable/raspberrypi/rp2040/rp2040_usb.c.obj
                0x100051f8                hw_endpoint_xfer_start
 .text.configuration_reset
                0x10005248       0x84 CMakeFiles/HomeAutomation.dir/home/nastyst16/.pico-sdk/sdk/1.5.1/lib/tinyusb/src/device/usbd.c.obj
 .text.critical_section_enter_blocking
                0x100052cc       0x16 CMakeFiles/HomeAutomation.dir/home/nastyst16/.pico-sdk/sdk/1.5.1/lib/tinyusb/src/device/usbd.c.obj
 .text.usbd_reset
                0x100052e2        0xc CMakeFiles/HomeAutomation.dir/home/nastyst16/.pico-sdk/sdk/1.5.1/lib/tinyusb/src/device/usbd.c.obj
 .text.invoke_class_control
                0x100052ee       0x1a CMakeFiles/HomeAutomation.dir/home/nastyst16/.pico-sdk/sdk/1.5.1/lib/tinyusb/src/device/usbd.c.obj
 .text.process_set_config
                0x10005308      0x178 CMakeFiles/HomeAutomation.dir/home/nastyst16/.pico-sdk/sdk/1.5.1/lib/tinyusb/src/device/usbd.c.obj
 .text.process_get_descriptor
                0x10005480       0xdc CMakeFiles/HomeAutomation.dir/home/nastyst16/.pico-sdk/sdk/1.5.1/lib/tinyusb/src/device/usbd.c.obj
 .text.tud_mounted
                0x1000555c       0x10 CMakeFiles/HomeAutomation.dir/home/nastyst16/.pico-sdk/sdk/1.5.1/lib/tinyusb/src/device/usbd.c.obj
                0x1000555c                tud_mounted
 .text.tud_suspended
                0x1000556c       0x10 CMakeFiles/HomeAutomation.dir/home/nastyst16/.pico-sdk/sdk/1.5.1/lib/tinyusb/src/device/usbd.c.obj
                0x1000556c                tud_suspended
 .text.tud_inited
                0x1000557c       0x14 CMakeFiles/HomeAutomation.dir/home/nastyst16/.pico-sdk/sdk/1.5.1/lib/tinyusb/src/device/usbd.c.obj
                0x1000557c                tud_inited
 .text.tud_init
                0x10005590       0xcc CMakeFiles/HomeAutomation.dir/home/nastyst16/.pico-sdk/sdk/1.5.1/lib/tinyusb/src/device/usbd.c.obj
                0x10005590                tud_init
 .text.usbd_defer_func
                0x1000565c       0x2a CMakeFiles/HomeAutomation.dir/home/nastyst16/.pico-sdk/sdk/1.5.1/lib/tinyusb/src/device/usbd.c.obj
                0x1000565c                usbd_defer_func
 *fill*         0x10005686        0x2 
 .text.usbd_edpt_open
                0x10005688       0x34 CMakeFiles/HomeAutomation.dir/home/nastyst16/.pico-sdk/sdk/1.5.1/lib/tinyusb/src/device/usbd.c.obj
                0x10005688                usbd_edpt_open
 .text.usbd_open_edpt_pair
                0x100056bc       0x62 CMakeFiles/HomeAutomation.dir/home/nastyst16/.pico-sdk/sdk/1.5.1/lib/tinyusb/src/device/usbd.c.obj
                0x100056bc                usbd_open_edpt_pair
 *fill*         0x1000571e        0x2 
 .text.usbd_edpt_claim
                0x10005720       0x28 CMakeFiles/HomeAutomation.dir/home/nastyst16/.pico-sdk/sdk/1.5.1/lib/tinyusb/src/device/usbd.c.obj
                0x10005720                usbd_edpt_claim
 .text.usbd_edpt_release
                0x10005748       0x28 CMakeFiles/HomeAutomation.dir/home/nastyst16/.pico-sdk/sdk/1.5.1/lib/tinyusb/src/device/usbd.c.obj
                0x10005748                usbd_edpt_release
 .text.usbd_edpt_xfer
                0x10005770       0x78 CMakeFiles/HomeAutomation.dir/home/nastyst16/.pico-sdk/sdk/1.5.1/lib/tinyusb/src/device/usbd.c.obj
                0x10005770                usbd_edpt_xfer
 .text.usbd_edpt_stall
                0x100057e8       0x48 CMakeFiles/HomeAutomation.dir/home/nastyst16/.pico-sdk/sdk/1.5.1/lib/tinyusb/src/device/usbd.c.obj
                0x100057e8                usbd_edpt_stall
 .text.usbd_edpt_clear_stall
                0x10005830       0x48 CMakeFiles/HomeAutomation.dir/home/nastyst16/.pico-sdk/sdk/1.5.1/lib/tinyusb/src/device/usbd.c.obj
                0x10005830                usbd_edpt_clear_stall
 .text.usbd_edpt_stalled
                0x10005878       0x1c CMakeFiles/HomeAutomation.dir/home/nastyst16/.pico-sdk/sdk/1.5.1/lib/tinyusb/src/device/usbd.c.obj
                0x10005878                usbd_edpt_stalled
 .text.process_control_request
                0x10005894      0x374 CMakeFiles/HomeAutomation.dir/home/nastyst16/.pico-sdk/sdk/1.5.1/lib/tinyusb/src/device/usbd.c.obj
 .text.tud_task_ext
                0x10005c08      0x1a8 CMakeFiles/HomeAutomation.dir/home/nastyst16/.pico-sdk/sdk/1.5.1/lib/tinyusb/src/device/usbd.c.obj
                0x10005c08                tud_task_ext
 .text._status_stage_xact
                0x10005db0       0x1a CMakeFiles/HomeAutomation.dir/home/nastyst16/.pico-sdk/sdk/1.5.1/lib/tinyusb/src/device/usbd_control.c.obj
 *fill*         0x10005dca        0x2 
 .text._data_stage_xact
                0x10005dcc       0x58 CMakeFiles/HomeAutomation.dir/home/nastyst16/.pico-sdk/sdk/1.5.1/lib/tinyusb/src/device/usbd_control.c.obj
 .text.tud_control_status
                0x10005e24       0x28 CMakeFiles/HomeAutomation.dir/home/nastyst16/.pico-sdk/sdk/1.5.1/lib/tinyusb/src/device/usbd_control.c.obj
                0x10005e24                tud_control_status
 .text.tud_control_xfer
                0x10005e4c       0x68 CMakeFiles/HomeAutomation.dir/home/nastyst16/.pico-sdk/sdk/1.5.1/lib/tinyusb/src/device/usbd_control.c.obj
                0x10005e4c                tud_control_xfer
 .text.usbd_control_reset
                0x10005eb4       0x14 CMakeFiles/HomeAutomation.dir/home/nastyst16/.pico-sdk/sdk/1.5.1/lib/tinyusb/src/device/usbd_control.c.obj
                0x10005eb4                usbd_control_reset
 .text.usbd_control_set_complete_callback
                0x10005ec8        0xc CMakeFiles/HomeAutomation.dir/home/nastyst16/.pico-sdk/sdk/1.5.1/lib/tinyusb/src/device/usbd_control.c.obj
                0x10005ec8                usbd_control_set_complete_callback
 .text.usbd_control_set_request
                0x10005ed4       0x1c CMakeFiles/HomeAutomation.dir/home/nastyst16/.pico-sdk/sdk/1.5.1/lib/tinyusb/src/device/usbd_control.c.obj
                0x10005ed4                usbd_control_set_request
 .text.usbd_control_xfer_cb
                0x10005ef0       0xbc CMakeFiles/HomeAutomation.dir/home/nastyst16/.pico-sdk/sdk/1.5.1/lib/tinyusb/src/device/usbd_control.c.obj
                0x10005ef0                usbd_control_xfer_cb
 .text._prep_out_transaction
                0x10005fac       0x4a CMakeFiles/HomeAutomation.dir/home/nastyst16/.pico-sdk/sdk/1.5.1/lib/tinyusb/src/class/cdc/cdc_device.c.obj
 *fill*         0x10005ff6        0x2 
 .text.tud_cdc_n_connected
                0x10005ff8       0x38 CMakeFiles/HomeAutomation.dir/home/nastyst16/.pico-sdk/sdk/1.5.1/lib/tinyusb/src/class/cdc/cdc_device.c.obj
                0x10005ff8                tud_cdc_n_connected
 .text.tud_cdc_n_available
                0x10006030       0x18 CMakeFiles/HomeAutomation.dir/home/nastyst16/.pico-sdk/sdk/1.5.1/lib/tinyusb/src/class/cdc/cdc_device.c.obj
                0x10006030                tud_cdc_n_available
 .text.tud_cdc_n_read
                0x10006048       0x28 CMakeFiles/HomeAutomation.dir/home/nastyst16/.pico-sdk/sdk/1.5.1/lib/tinyusb/src/class/cdc/cdc_device.c.obj
                0x10006048                tud_cdc_n_read
 .text.tud_cdc_n_write_flush
                0x10006070       0xb8 CMakeFiles/HomeAutomation.dir/home/nastyst16/.pico-sdk/sdk/1.5.1/lib/tinyusb/src/class/cdc/cdc_device.c.obj
                0x10006070                tud_cdc_n_write_flush
 .text.tud_cdc_n_write
                0x10006128       0x38 CMakeFiles/HomeAutomation.dir/home/nastyst16/.pico-sdk/sdk/1.5.1/lib/tinyusb/src/class/cdc/cdc_device.c.obj
                0x10006128                tud_cdc_n_write
 .text.tud_cdc_n_write_available
                0x10006160       0x1c CMakeFiles/HomeAutomation.dir/home/nastyst16/.pico-sdk/sdk/1.5.1/lib/tinyusb/src/class/cdc/cdc_device.c.obj
                0x10006160                tud_cdc_n_write_available
 .text.cdcd_init
                0x1000617c       0xbc CMakeFiles/HomeAutomation.dir/home/nastyst16/.pico-sdk/sdk/1.5.1/lib/tinyusb/src/class/cdc/cdc_device.c.obj
                0x1000617c                cdcd_init
 .text.cdcd_reset
                0x10006238       0x44 CMakeFiles/HomeAutomation.dir/home/nastyst16/.pico-sdk/sdk/1.5.1/lib/tinyusb/src/class/cdc/cdc_device.c.obj
                0x10006238                cdcd_reset
 .text.cdcd_open
                0x1000627c       0xc4 CMakeFiles/HomeAutomation.dir/home/nastyst16/.pico-sdk/sdk/1.5.1/lib/tinyusb/src/class/cdc/cdc_device.c.obj
                0x1000627c                cdcd_open
 .text.cdcd_control_xfer_cb
                0x10006340      0x134 CMakeFiles/HomeAutomation.dir/home/nastyst16/.pico-sdk/sdk/1.5.1/lib/tinyusb/src/class/cdc/cdc_device.c.obj
                0x10006340                cdcd_control_xfer_cb
 .text.cdcd_xfer_cb
                0x10006474      0x130 CMakeFiles/HomeAutomation.dir/home/nastyst16/.pico-sdk/sdk/1.5.1/lib/tinyusb/src/class/cdc/cdc_device.c.obj
                0x10006474                cdcd_xfer_cb
 .text.tusb_init
                0x100065a4        0xa CMakeFiles/HomeAutomation.dir/home/nastyst16/.pico-sdk/sdk/1.5.1/lib/tinyusb/src/tusb.c.obj
                0x100065a4                tusb_init
 .text.tusb_inited
                0x100065ae        0xe CMakeFiles/HomeAutomation.dir/home/nastyst16/.pico-sdk/sdk/1.5.1/lib/tinyusb/src/tusb.c.obj
                0x100065ae                tusb_inited
 .text.tu_edpt_claim
                0x100065bc       0x50 CMakeFiles/HomeAutomation.dir/home/nastyst16/.pico-sdk/sdk/1.5.1/lib/tinyusb/src/tusb.c.obj
                0x100065bc                tu_edpt_claim
 .text.tu_edpt_release
                0x1000660c       0x38 CMakeFiles/HomeAutomation.dir/home/nastyst16/.pico-sdk/sdk/1.5.1/lib/tinyusb/src/tusb.c.obj
                0x1000660c                tu_edpt_release
 .text.tu_edpt_validate
                0x10006644       0x78 CMakeFiles/HomeAutomation.dir/home/nastyst16/.pico-sdk/sdk/1.5.1/lib/tinyusb/src/tusb.c.obj
                0x10006644                tu_edpt_validate
 .text.tu_edpt_bind_driver
                0x100066bc       0x26 CMakeFiles/HomeAutomation.dir/home/nastyst16/.pico-sdk/sdk/1.5.1/lib/tinyusb/src/tusb.c.obj
                0x100066bc                tu_edpt_bind_driver
 .text.advance_index
                0x100066e2       0x1a CMakeFiles/HomeAutomation.dir/home/nastyst16/.pico-sdk/sdk/1.5.1/lib/tinyusb/src/common/tusb_fifo.c.obj
 .text._tu_fifo_peek
                0x100066fc       0x56 CMakeFiles/HomeAutomation.dir/home/nastyst16/.pico-sdk/sdk/1.5.1/lib/tinyusb/src/common/tusb_fifo.c.obj
 .text._ff_pull_const_addr
                0x10006752       0x4c CMakeFiles/HomeAutomation.dir/home/nastyst16/.pico-sdk/sdk/1.5.1/lib/tinyusb/src/common/tusb_fifo.c.obj
 .text._ff_pull_n
                0x1000679e      0x110 CMakeFiles/HomeAutomation.dir/home/nastyst16/.pico-sdk/sdk/1.5.1/lib/tinyusb/src/common/tusb_fifo.c.obj
 .text._tu_fifo_peek_n
                0x100068ae       0x6a CMakeFiles/HomeAutomation.dir/home/nastyst16/.pico-sdk/sdk/1.5.1/lib/tinyusb/src/common/tusb_fifo.c.obj
 .text._tu_fifo_read_n
                0x10006918       0x4e CMakeFiles/HomeAutomation.dir/home/nastyst16/.pico-sdk/sdk/1.5.1/lib/tinyusb/src/common/tusb_fifo.c.obj
 .text._ff_push_const_addr
                0x10006966       0x40 CMakeFiles/HomeAutomation.dir/home/nastyst16/.pico-sdk/sdk/1.5.1/lib/tinyusb/src/common/tusb_fifo.c.obj
 .text._ff_push_n
                0x100069a6      0x10c CMakeFiles/HomeAutomation.dir/home/nastyst16/.pico-sdk/sdk/1.5.1/lib/tinyusb/src/common/tusb_fifo.c.obj
 .text._tu_fifo_write_n
                0x10006ab2       0xf0 CMakeFiles/HomeAutomation.dir/home/nastyst16/.pico-sdk/sdk/1.5.1/lib/tinyusb/src/common/tusb_fifo.c.obj
 .text.tu_fifo_config
                0x10006ba2       0x7c CMakeFiles/HomeAutomation.dir/home/nastyst16/.pico-sdk/sdk/1.5.1/lib/tinyusb/src/common/tusb_fifo.c.obj
                0x10006ba2                tu_fifo_config
 .text.tu_fifo_count
                0x10006c1e       0x2a CMakeFiles/HomeAutomation.dir/home/nastyst16/.pico-sdk/sdk/1.5.1/lib/tinyusb/src/common/tusb_fifo.c.obj
                0x10006c1e                tu_fifo_count
 .text.tu_fifo_empty
                0x10006c48        0xe CMakeFiles/HomeAutomation.dir/home/nastyst16/.pico-sdk/sdk/1.5.1/lib/tinyusb/src/common/tusb_fifo.c.obj
                0x10006c48                tu_fifo_empty
 .text.tu_fifo_full
                0x10006c56       0x28 CMakeFiles/HomeAutomation.dir/home/nastyst16/.pico-sdk/sdk/1.5.1/lib/tinyusb/src/common/tusb_fifo.c.obj
                0x10006c56                tu_fifo_full
 .text.tu_fifo_remaining
                0x10006c7e       0x2c CMakeFiles/HomeAutomation.dir/home/nastyst16/.pico-sdk/sdk/1.5.1/lib/tinyusb/src/common/tusb_fifo.c.obj
                0x10006c7e                tu_fifo_remaining
 .text.tu_fifo_read
                0x10006caa       0x42 CMakeFiles/HomeAutomation.dir/home/nastyst16/.pico-sdk/sdk/1.5.1/lib/tinyusb/src/common/tusb_fifo.c.obj
                0x10006caa                tu_fifo_read
 .text.tu_fifo_read_n
                0x10006cec        0xa CMakeFiles/HomeAutomation.dir/home/nastyst16/.pico-sdk/sdk/1.5.1/lib/tinyusb/src/common/tusb_fifo.c.obj
                0x10006cec                tu_fifo_read_n
 .text.tu_fifo_write
                0x10006cf6       0x64 CMakeFiles/HomeAutomation.dir/home/nastyst16/.pico-sdk/sdk/1.5.1/lib/tinyusb/src/common/tusb_fifo.c.obj
                0x10006cf6                tu_fifo_write
 .text.tu_fifo_write_n
                0x10006d5a        0xa CMakeFiles/HomeAutomation.dir/home/nastyst16/.pico-sdk/sdk/1.5.1/lib/tinyusb/src/common/tusb_fifo.c.obj
                0x10006d5a                tu_fifo_write_n
 .text.tu_fifo_clear
                0x10006d64       0x3e CMakeFiles/HomeAutomation.dir/home/nastyst16/.pico-sdk/sdk/1.5.1/lib/tinyusb/src/common/tusb_fifo.c.obj
                0x10006d64                tu_fifo_clear
 .text.tu_fifo_set_overwritable
                0x10006da2       0x46 CMakeFiles/HomeAutomation.dir/home/nastyst16/.pico-sdk/sdk/1.5.1/lib/tinyusb/src/common/tusb_fifo.c.obj
                0x10006da2                tu_fifo_set_overwritable
 .text.strlen   0x10006de8       0x5c /home/nastyst16/.pico-sdk/toolchain/13_2_Rel1/bin/../lib/gcc/arm-none-eabi/13.2.1/../../../../arm-none-eabi/lib/thumb/v6-m/nofp/libg.a(libc_a-strlen-stub.o)
                0x10006de8                strlen
 *(.fini)
 .fini          0x10006e44        0x4 /home/nastyst16/.pico-sdk/toolchain/13_2_Rel1/bin/../lib/gcc/arm-none-eabi/13.2.1/thumb/v6-m/nofp/crti.o
                0x10006e44                _fini
 .fini.__stub   0x10006e48       0xe0 linker stubs
 *crtbegin.o(.ctors)
 *crtbegin?.o(.ctors)
 *(EXCLUDE_FILE(*crtend.o *crtend?.o) .ctors)
 *(SORT_BY_NAME(.ctors.*))
 *(.ctors)
 *crtbegin.o(.dtors)
 *crtbegin?.o(.dtors)
 *(EXCLUDE_FILE(*crtend.o *crtend?.o) .dtors)
 *(SORT_BY_NAME(.dtors.*))
 *(.dtors)
 *(.eh_frame*)
 .eh_frame      0x10006f28        0x0 /home/nastyst16/.pico-sdk/toolchain/13_2_Rel1/bin/../lib/gcc/arm-none-eabi/13.2.1/thumb/v6-m/nofp/crtbegin.o
                0x10006f28                        . = ALIGN (0x4)

.glue_7         0x10006f28        0x0
 .glue_7        0x10006f28        0x0 linker stubs

.glue_7t        0x10006f28        0x0
 .glue_7t       0x10006f28        0x0 linker stubs

.vfp11_veneer   0x10006f28        0x0
 .vfp11_veneer  0x10006f28        0x0 linker stubs

.v4_bx          0x10006f28        0x0
 .v4_bx         0x10006f28        0x0 linker stubs

.iplt           0x10006f28        0x0
 .iplt          0x10006f28        0x0 /home/nastyst16/.pico-sdk/toolchain/13_2_Rel1/bin/../lib/gcc/arm-none-eabi/13.2.1/thumb/v6-m/nofp/crtbegin.o

.rodata         0x10006f28     0x1688
 *(EXCLUDE_FILE(*libm.a: *libc.a:*lib_a-mem*.o *libgcc.a:) .rodata*)
 .rodata.main.str1.4
                0x10006f28      0xfa3 CMakeFiles/HomeAutomation.dir/HomeAutomation.c.obj
                                 0x57 (size before relaxing)
 .rodata.spin_lock_claim_unused.str1.4
                0x10007ecb       0x1b CMakeFiles/HomeAutomation.dir/home/nastyst16/.pico-sdk/sdk/1.5.1/src/rp2_common/hardware_sync/sync.c.obj
 .rodata.resolve_branch.str1.4
                0x10007ecb       0x5e CMakeFiles/HomeAutomation.dir/home/nastyst16/.pico-sdk/sdk/1.5.1/src/rp2_common/hardware_irq/irq.c.obj
 .rodata.make_branch.str1.4
                0x10007ecb       0x30 CMakeFiles/HomeAutomation.dir/home/nastyst16/.pico-sdk/sdk/1.5.1/src/rp2_common/hardware_irq/irq.c.obj
 .rodata.insert_branch_and_link.str1.4
                0x10007ecb       0x10 CMakeFiles/HomeAutomation.dir/home/nastyst16/.pico-sdk/sdk/1.5.1/src/rp2_common/hardware_irq/irq.c.obj
 .rodata.irq_set_exclusive_handler.str1.4
                0x10007ecb       0x36 CMakeFiles/HomeAutomation.dir/home/nastyst16/.pico-sdk/sdk/1.5.1/src/rp2_common/hardware_irq/irq.c.obj
 .rodata.irq_add_shared_handler.str1.4
                0x10007ecb       0xc2 CMakeFiles/HomeAutomation.dir/home/nastyst16/.pico-sdk/sdk/1.5.1/src/rp2_common/hardware_irq/irq.c.obj
 .rodata.irq_remove_handler.str1.4
                0x10007ecb       0x3a CMakeFiles/HomeAutomation.dir/home/nastyst16/.pico-sdk/sdk/1.5.1/src/rp2_common/hardware_irq/irq.c.obj
 .rodata.irq_add_tail_to_free_list.str1.4
                0x10007ecb       0x3a CMakeFiles/HomeAutomation.dir/home/nastyst16/.pico-sdk/sdk/1.5.1/src/rp2_common/hardware_irq/irq.c.obj
 .rodata.user_irq_claim_unused.str1.4
                0x10007ecb       0x1b CMakeFiles/HomeAutomation.dir/home/nastyst16/.pico-sdk/sdk/1.5.1/src/rp2_common/hardware_irq/irq.c.obj
 *fill*         0x10007ecb        0x1 
 .rodata.__func__.0
                0x10007ecc       0x1a CMakeFiles/HomeAutomation.dir/home/nastyst16/.pico-sdk/sdk/1.5.1/src/rp2_common/hardware_irq/irq.c.obj
 *fill*         0x10007ee6        0x2 
 .rodata.__func__.1
                0x10007ee8       0x17 CMakeFiles/HomeAutomation.dir/home/nastyst16/.pico-sdk/sdk/1.5.1/src/rp2_common/hardware_irq/irq.c.obj
 *fill*         0x10007eff        0x1 
 .rodata.__func__.2
                0x10007f00       0x13 CMakeFiles/HomeAutomation.dir/home/nastyst16/.pico-sdk/sdk/1.5.1/src/rp2_common/hardware_irq/irq.c.obj
 *fill*         0x10007f13        0x1 
 .rodata.__func__.3
                0x10007f14        0xc CMakeFiles/HomeAutomation.dir/home/nastyst16/.pico-sdk/sdk/1.5.1/src/rp2_common/hardware_irq/irq.c.obj
 .rodata.__func__.4
                0x10007f20        0xf CMakeFiles/HomeAutomation.dir/home/nastyst16/.pico-sdk/sdk/1.5.1/src/rp2_common/hardware_irq/irq.c.obj
 *fill*         0x10007f2f        0x1 
 .rodata.__func__.5
                0x10007f30       0x17 CMakeFiles/HomeAutomation.dir/home/nastyst16/.pico-sdk/sdk/1.5.1/src/rp2_common/hardware_irq/irq.c.obj
 *fill*         0x10007f47        0x1 
 .rodata.__func__.6
                0x10007f48       0x1a CMakeFiles/HomeAutomation.dir/home/nastyst16/.pico-sdk/sdk/1.5.1/src/rp2_common/hardware_irq/irq.c.obj
 .rodata.update_us_since_boot.str1.4
                0x10007f62       0x6a CMakeFiles/HomeAutomation.dir/home/nastyst16/.pico-sdk/sdk/1.5.1/src/common/pico_sync/mutex.c.obj
 .rodata.str1.4
                0x10007f62       0x95 CMakeFiles/HomeAutomation.dir/home/nastyst16/.pico-sdk/sdk/1.5.1/src/common/pico_sync/mutex.c.obj
 *fill*         0x10007f62        0x2 
 .rodata.__func__.1
                0x10007f64        0xb CMakeFiles/HomeAutomation.dir/home/nastyst16/.pico-sdk/sdk/1.5.1/src/common/pico_sync/mutex.c.obj
 *fill*         0x10007f6f        0x1 
 .rodata.__func__.3
                0x10007f70       0x18 CMakeFiles/HomeAutomation.dir/home/nastyst16/.pico-sdk/sdk/1.5.1/src/common/pico_sync/mutex.c.obj
 .rodata.__func__.4
                0x10007f88       0x15 CMakeFiles/HomeAutomation.dir/home/nastyst16/.pico-sdk/sdk/1.5.1/src/common/pico_sync/mutex.c.obj
 .rodata.get_entry.str1.4
                0x10007f9d       0x64 CMakeFiles/HomeAutomation.dir/home/nastyst16/.pico-sdk/sdk/1.5.1/src/common/pico_time/time.c.obj
 .rodata.update_us_since_boot.str1.4
                0x10007f9d       0x6a CMakeFiles/HomeAutomation.dir/home/nastyst16/.pico-sdk/sdk/1.5.1/src/common/pico_time/time.c.obj
 .rodata.ph_get_node.str1.4
                0x10007f9d       0x6f CMakeFiles/HomeAutomation.dir/home/nastyst16/.pico-sdk/sdk/1.5.1/src/common/pico_time/time.c.obj
 .rodata.ph_add_child_node.str1.4
                0x10007f9d       0x2e CMakeFiles/HomeAutomation.dir/home/nastyst16/.pico-sdk/sdk/1.5.1/src/common/pico_time/time.c.obj
 .rodata.ph_insert_node.str1.4
                0x10007f9d        0x3 CMakeFiles/HomeAutomation.dir/home/nastyst16/.pico-sdk/sdk/1.5.1/src/common/pico_time/time.c.obj
 .rodata.ph_free_node.str1.4
                0x10007f9d       0x38 CMakeFiles/HomeAutomation.dir/home/nastyst16/.pico-sdk/sdk/1.5.1/src/common/pico_time/time.c.obj
 .rodata.add_alarm_under_lock.str1.4
                0x10007f9d       0x28 CMakeFiles/HomeAutomation.dir/home/nastyst16/.pico-sdk/sdk/1.5.1/src/common/pico_time/time.c.obj
 .rodata.alarm_pool_alarm_callback.str1.4
                0x10007f9d       0x60 CMakeFiles/HomeAutomation.dir/home/nastyst16/.pico-sdk/sdk/1.5.1/src/common/pico_time/time.c.obj
 .rodata.alarm_pool_get_default.str1.4
                0x10007f9d       0x21 CMakeFiles/HomeAutomation.dir/home/nastyst16/.pico-sdk/sdk/1.5.1/src/common/pico_time/time.c.obj
 .rodata.alarm_pool_cancel_alarm.str1.4
                0x10007f9d       0x27 CMakeFiles/HomeAutomation.dir/home/nastyst16/.pico-sdk/sdk/1.5.1/src/common/pico_time/time.c.obj
 .rodata.sleep_until.str1.4
                0x10007f9d       0x4d CMakeFiles/HomeAutomation.dir/home/nastyst16/.pico-sdk/sdk/1.5.1/src/common/pico_time/time.c.obj
 *fill*         0x10007f9d        0x3 
 .rodata.__func__.1
                0x10007fa0       0x18 CMakeFiles/HomeAutomation.dir/home/nastyst16/.pico-sdk/sdk/1.5.1/src/common/pico_time/time.c.obj
 .rodata.__func__.3
                0x10007fb8       0x17 CMakeFiles/HomeAutomation.dir/home/nastyst16/.pico-sdk/sdk/1.5.1/src/common/pico_time/time.c.obj
 *fill*         0x10007fcf        0x1 
 .rodata.__func__.4
                0x10007fd0       0x12 CMakeFiles/HomeAutomation.dir/home/nastyst16/.pico-sdk/sdk/1.5.1/src/common/pico_time/time.c.obj
 *fill*         0x10007fe2        0x2 
 .rodata.__func__.5
                0x10007fe4        0xd CMakeFiles/HomeAutomation.dir/home/nastyst16/.pico-sdk/sdk/1.5.1/src/common/pico_time/time.c.obj
 *fill*         0x10007ff1        0x3 
 .rodata.__func__.6
                0x10007ff4       0x12 CMakeFiles/HomeAutomation.dir/home/nastyst16/.pico-sdk/sdk/1.5.1/src/common/pico_time/time.c.obj
 *fill*         0x10008006        0x2 
 .rodata.__func__.7
                0x10008008        0xf CMakeFiles/HomeAutomation.dir/home/nastyst16/.pico-sdk/sdk/1.5.1/src/common/pico_time/time.c.obj
 *fill*         0x10008017        0x1 
 .rodata.__func__.8
                0x10008018        0xc CMakeFiles/HomeAutomation.dir/home/nastyst16/.pico-sdk/sdk/1.5.1/src/common/pico_time/time.c.obj
 .rodata.__func__.9
                0x10008024       0x15 CMakeFiles/HomeAutomation.dir/home/nastyst16/.pico-sdk/sdk/1.5.1/src/common/pico_time/time.c.obj
 *fill*         0x10008039        0x3 
 .rodata.__func__.10
                0x1000803c       0x15 CMakeFiles/HomeAutomation.dir/home/nastyst16/.pico-sdk/sdk/1.5.1/src/common/pico_time/time.c.obj
 *fill*         0x10008051        0x3 
 .rodata.__func__.11
                0x10008054       0x1a CMakeFiles/HomeAutomation.dir/home/nastyst16/.pico-sdk/sdk/1.5.1/src/common/pico_time/time.c.obj
 *fill*         0x1000806e        0x2 
 .rodata.__func__.12
                0x10008070        0xa CMakeFiles/HomeAutomation.dir/home/nastyst16/.pico-sdk/sdk/1.5.1/src/common/pico_time/time.c.obj
 .rodata.update_us_since_boot.str1.4
                0x1000807a       0x6a CMakeFiles/HomeAutomation.dir/home/nastyst16/.pico-sdk/sdk/1.5.1/src/rp2_common/hardware_timer/timer.c.obj
 .rodata.hardware_alarm_claim.str1.4
                0x1000807a       0x22 CMakeFiles/HomeAutomation.dir/home/nastyst16/.pico-sdk/sdk/1.5.1/src/rp2_common/hardware_timer/timer.c.obj
 .rodata.hardware_alarm_set_target.str1.4
                0x1000807a       0x6e CMakeFiles/HomeAutomation.dir/home/nastyst16/.pico-sdk/sdk/1.5.1/src/rp2_common/hardware_timer/timer.c.obj
 *fill*         0x1000807a        0x2 
 .rodata.__func__.0
                0x1000807c       0x1a CMakeFiles/HomeAutomation.dir/home/nastyst16/.pico-sdk/sdk/1.5.1/src/rp2_common/hardware_timer/timer.c.obj
 *fill*         0x10008096        0x2 
 .rodata.__func__.1
                0x10008098       0x15 CMakeFiles/HomeAutomation.dir/home/nastyst16/.pico-sdk/sdk/1.5.1/src/rp2_common/hardware_timer/timer.c.obj
 .rodata.ph_get_node.str1.4
                0x100080ad       0x6f CMakeFiles/HomeAutomation.dir/home/nastyst16/.pico-sdk/sdk/1.5.1/src/common/pico_util/pheap.c.obj
 .rodata.ph_add_child_node.str1.4
                0x100080ad       0x2e CMakeFiles/HomeAutomation.dir/home/nastyst16/.pico-sdk/sdk/1.5.1/src/common/pico_util/pheap.c.obj
 .rodata.ph_remove_any_head.str1.4
                0x100080ad       0xac CMakeFiles/HomeAutomation.dir/home/nastyst16/.pico-sdk/sdk/1.5.1/src/common/pico_util/pheap.c.obj
 .rodata.ph_remove_and_free_node.str1.4
                0x100080ad       0x26 CMakeFiles/HomeAutomation.dir/home/nastyst16/.pico-sdk/sdk/1.5.1/src/common/pico_util/pheap.c.obj
 *fill*         0x100080ad        0x3 
 .rodata.__func__.0
                0x100080b0       0x18 CMakeFiles/HomeAutomation.dir/home/nastyst16/.pico-sdk/sdk/1.5.1/src/common/pico_util/pheap.c.obj
 .rodata.__func__.1
                0x100080c8       0x13 CMakeFiles/HomeAutomation.dir/home/nastyst16/.pico-sdk/sdk/1.5.1/src/common/pico_util/pheap.c.obj
 *fill*         0x100080db        0x1 
 .rodata.__func__.2
                0x100080dc       0x12 CMakeFiles/HomeAutomation.dir/home/nastyst16/.pico-sdk/sdk/1.5.1/src/common/pico_util/pheap.c.obj
 *fill*         0x100080ee        0x2 
 .rodata.__func__.3
                0x100080f0        0xc CMakeFiles/HomeAutomation.dir/home/nastyst16/.pico-sdk/sdk/1.5.1/src/common/pico_util/pheap.c.obj
 .rodata.clock_configure.str1.4
                0x100080fc       0x60 CMakeFiles/HomeAutomation.dir/home/nastyst16/.pico-sdk/sdk/1.5.1/src/rp2_common/hardware_clocks/clocks.c.obj
 .rodata.__func__.1
                0x100080fc       0x10 CMakeFiles/HomeAutomation.dir/home/nastyst16/.pico-sdk/sdk/1.5.1/src/rp2_common/hardware_clocks/clocks.c.obj
 .rodata.pll_init.str1.4
                0x1000810c      0x12c CMakeFiles/HomeAutomation.dir/home/nastyst16/.pico-sdk/sdk/1.5.1/src/rp2_common/hardware_pll/pll.c.obj
 .rodata.__func__.0
                0x1000810c        0x9 CMakeFiles/HomeAutomation.dir/home/nastyst16/.pico-sdk/sdk/1.5.1/src/rp2_common/hardware_pll/pll.c.obj
 .rodata.__assert_func.str1.4
                0x10008115       0x43 CMakeFiles/HomeAutomation.dir/home/nastyst16/.pico-sdk/sdk/1.5.1/src/rp2_common/pico_runtime/runtime.c.obj
 .rodata.runtime_init.str1.4
                0x10008115       0x6a CMakeFiles/HomeAutomation.dir/home/nastyst16/.pico-sdk/sdk/1.5.1/src/rp2_common/pico_runtime/runtime.c.obj
 .rodata.panic.str1.4
                0x10008115       0x12 CMakeFiles/HomeAutomation.dir/home/nastyst16/.pico-sdk/sdk/1.5.1/src/rp2_common/pico_runtime/runtime.c.obj
 *fill*         0x10008115        0x3 
 .rodata.__func__.2
                0x10008118        0xd CMakeFiles/HomeAutomation.dir/home/nastyst16/.pico-sdk/sdk/1.5.1/src/rp2_common/pico_runtime/runtime.c.obj
 .rodata._ftoa.str1.4
                0x10008125       0x15 CMakeFiles/HomeAutomation.dir/home/nastyst16/.pico-sdk/sdk/1.5.1/src/rp2_common/pico_printf/printf.c.obj
 *fill*         0x10008125        0x3 
 .rodata._vsnprintf
                0x10008128      0x19c CMakeFiles/HomeAutomation.dir/home/nastyst16/.pico-sdk/sdk/1.5.1/src/rp2_common/pico_printf/printf.c.obj
 *fill*         0x100082c4        0x4 
 .rodata.pow10.0
                0x100082c8       0x50 CMakeFiles/HomeAutomation.dir/home/nastyst16/.pico-sdk/sdk/1.5.1/src/rp2_common/pico_printf/printf.c.obj
 .rodata.__aeabi_double_init.str1.4
                0x10008318       0xa5 CMakeFiles/HomeAutomation.dir/home/nastyst16/.pico-sdk/sdk/1.5.1/src/rp2_common/pico_double/double_init_rom.c.obj
 .rodata.__func__.0
                0x10008318       0x14 CMakeFiles/HomeAutomation.dir/home/nastyst16/.pico-sdk/sdk/1.5.1/src/rp2_common/pico_double/double_init_rom.c.obj
 .rodata.__aeabi_float_init.str1.4
                0x1000832c       0x87 CMakeFiles/HomeAutomation.dir/home/nastyst16/.pico-sdk/sdk/1.5.1/src/rp2_common/pico_float/float_init_rom.c.obj
 .rodata.__func__.0
                0x1000832c       0x13 CMakeFiles/HomeAutomation.dir/home/nastyst16/.pico-sdk/sdk/1.5.1/src/rp2_common/pico_float/float_init_rom.c.obj
 .rodata.str1.4
                0x1000833f       0x48 CMakeFiles/HomeAutomation.dir/home/nastyst16/.pico-sdk/sdk/1.5.1/src/rp2_common/pico_standard_link/binary_info.c.obj
 *fill*         0x1000833f        0x1 
 .rodata.__bi_81
                0x10008340        0xc CMakeFiles/HomeAutomation.dir/home/nastyst16/.pico-sdk/sdk/1.5.1/src/rp2_common/pico_standard_link/binary_info.c.obj
 .rodata.__bi_75
                0x1000834c        0xc CMakeFiles/HomeAutomation.dir/home/nastyst16/.pico-sdk/sdk/1.5.1/src/rp2_common/pico_standard_link/binary_info.c.obj
 .rodata.__bi_56
                0x10008358        0xc CMakeFiles/HomeAutomation.dir/home/nastyst16/.pico-sdk/sdk/1.5.1/src/rp2_common/pico_standard_link/binary_info.c.obj
 .rodata.__bi_44
                0x10008364        0xc CMakeFiles/HomeAutomation.dir/home/nastyst16/.pico-sdk/sdk/1.5.1/src/rp2_common/pico_standard_link/binary_info.c.obj
 .rodata.update_us_since_boot.str1.4
                0x10008370       0x6a CMakeFiles/HomeAutomation.dir/home/nastyst16/.pico-sdk/sdk/1.5.1/src/rp2_common/pico_stdio/stdio.c.obj
 .rodata.__wrap_getchar.str1.4
                0x10008370       0x52 CMakeFiles/HomeAutomation.dir/home/nastyst16/.pico-sdk/sdk/1.5.1/src/rp2_common/pico_stdio/stdio.c.obj
 .rodata.getchar_timeout_us.str1.4
                0x10008370        0x3 CMakeFiles/HomeAutomation.dir/home/nastyst16/.pico-sdk/sdk/1.5.1/src/rp2_common/pico_stdio/stdio.c.obj
 .rodata.__func__.0
                0x10008370       0x13 CMakeFiles/HomeAutomation.dir/home/nastyst16/.pico-sdk/sdk/1.5.1/src/rp2_common/pico_stdio/stdio.c.obj
 *fill*         0x10008383        0x1 
 .rodata.crlf_str.2
                0x10008384        0x2 CMakeFiles/HomeAutomation.dir/home/nastyst16/.pico-sdk/sdk/1.5.1/src/rp2_common/pico_stdio/stdio.c.obj
 *fill*         0x10008386        0x2 
 .rodata.__func__.3
                0x10008388       0x15 CMakeFiles/HomeAutomation.dir/home/nastyst16/.pico-sdk/sdk/1.5.1/src/rp2_common/pico_stdio/stdio.c.obj
 *fill*         0x1000839d        0x3 
 .rodata._resetd_driver
                0x100083a0       0x18 CMakeFiles/HomeAutomation.dir/home/nastyst16/.pico-sdk/sdk/1.5.1/src/rp2_common/pico_stdio_usb/reset_interface.c.obj
 .rodata.update_us_since_boot.str1.4
                0x100083b8       0x6a CMakeFiles/HomeAutomation.dir/home/nastyst16/.pico-sdk/sdk/1.5.1/src/rp2_common/pico_stdio_usb/stdio_usb.c.obj
 .rodata.stdio_usb_init.str1.4
                0x100083b8       0x56 CMakeFiles/HomeAutomation.dir/home/nastyst16/.pico-sdk/sdk/1.5.1/src/rp2_common/pico_stdio_usb/stdio_usb.c.obj
 .rodata.str1.4
                0x100083b8       0x13 CMakeFiles/HomeAutomation.dir/home/nastyst16/.pico-sdk/sdk/1.5.1/src/rp2_common/pico_stdio_usb/stdio_usb.c.obj
 .rodata.__bi_182.0
                0x100083b8        0xc CMakeFiles/HomeAutomation.dir/home/nastyst16/.pico-sdk/sdk/1.5.1/src/rp2_common/pico_stdio_usb/stdio_usb.c.obj
 .rodata.__func__.1
                0x100083c4        0xf CMakeFiles/HomeAutomation.dir/home/nastyst16/.pico-sdk/sdk/1.5.1/src/rp2_common/pico_stdio_usb/stdio_usb.c.obj
 *fill*         0x100083d3        0x1 
 .rodata.__func__.3
                0x100083d4       0x15 CMakeFiles/HomeAutomation.dir/home/nastyst16/.pico-sdk/sdk/1.5.1/src/rp2_common/pico_stdio_usb/stdio_usb.c.obj
 .rodata.str1.4
                0x100083e9       0x2a CMakeFiles/HomeAutomation.dir/home/nastyst16/.pico-sdk/sdk/1.5.1/src/rp2_common/pico_stdio_usb/stdio_usb_descriptors.c.obj
 *fill*         0x100083e9        0x3 
 .rodata.usbd_desc_str
                0x100083ec       0x18 CMakeFiles/HomeAutomation.dir/home/nastyst16/.pico-sdk/sdk/1.5.1/src/rp2_common/pico_stdio_usb/stdio_usb_descriptors.c.obj
 .rodata.usbd_desc_cfg
                0x10008404       0x54 CMakeFiles/HomeAutomation.dir/home/nastyst16/.pico-sdk/sdk/1.5.1/src/rp2_common/pico_stdio_usb/stdio_usb_descriptors.c.obj
 .rodata.usbd_desc_device
                0x10008458       0x12 CMakeFiles/HomeAutomation.dir/home/nastyst16/.pico-sdk/sdk/1.5.1/src/rp2_common/pico_stdio_usb/stdio_usb_descriptors.c.obj
 .rodata.pico_get_unique_board_id_string.str1.4
                0x1000846a       0x56 CMakeFiles/HomeAutomation.dir/home/nastyst16/.pico-sdk/sdk/1.5.1/src/rp2_common/pico_unique_id/unique_id.c.obj
 *fill*         0x1000846a        0x2 
 .rodata.__func__.0
                0x1000846c       0x20 CMakeFiles/HomeAutomation.dir/home/nastyst16/.pico-sdk/sdk/1.5.1/src/rp2_common/pico_unique_id/unique_id.c.obj
 .rodata.str1.4
                0x1000848c      0x162 CMakeFiles/HomeAutomation.dir/home/nastyst16/.pico-sdk/sdk/1.5.1/src/rp2_common/hardware_flash/flash.c.obj
 .rodata.__func__.0
                0x1000848c        0xd CMakeFiles/HomeAutomation.dir/home/nastyst16/.pico-sdk/sdk/1.5.1/src/rp2_common/hardware_flash/flash.c.obj
 .rodata._hw_endpoint_alloc.str1.4
                0x10008499       0xc1 CMakeFiles/HomeAutomation.dir/home/nastyst16/.pico-sdk/sdk/1.5.1/lib/tinyusb/src/portable/raspberrypi/rp2040/dcd_rp2040.c.obj
 .rodata.str1.4
                0x10008499       0x14 CMakeFiles/HomeAutomation.dir/home/nastyst16/.pico-sdk/sdk/1.5.1/lib/tinyusb/src/portable/raspberrypi/rp2040/dcd_rp2040.c.obj
 .rodata.dcd_int_enable.str1.4
                0x10008499        0xc CMakeFiles/HomeAutomation.dir/home/nastyst16/.pico-sdk/sdk/1.5.1/lib/tinyusb/src/portable/raspberrypi/rp2040/dcd_rp2040.c.obj
 *fill*         0x10008499        0x3 
 .rodata.__func__.0
                0x1000849c        0xe CMakeFiles/HomeAutomation.dir/home/nastyst16/.pico-sdk/sdk/1.5.1/lib/tinyusb/src/portable/raspberrypi/rp2040/dcd_rp2040.c.obj
 *fill*         0x100084aa        0x2 
 .rodata.__func__.1
                0x100084ac        0xe CMakeFiles/HomeAutomation.dir/home/nastyst16/.pico-sdk/sdk/1.5.1/lib/tinyusb/src/portable/raspberrypi/rp2040/dcd_rp2040.c.obj
 *fill*         0x100084ba        0x2 
 .rodata.__func__.3
                0x100084bc       0x10 CMakeFiles/HomeAutomation.dir/home/nastyst16/.pico-sdk/sdk/1.5.1/lib/tinyusb/src/portable/raspberrypi/rp2040/dcd_rp2040.c.obj
 .rodata.__func__.5
                0x100084cc        0xf CMakeFiles/HomeAutomation.dir/home/nastyst16/.pico-sdk/sdk/1.5.1/lib/tinyusb/src/portable/raspberrypi/rp2040/dcd_rp2040.c.obj
 *fill*         0x100084db        0x1 
 .rodata.__func__.6
                0x100084dc       0x13 CMakeFiles/HomeAutomation.dir/home/nastyst16/.pico-sdk/sdk/1.5.1/lib/tinyusb/src/portable/raspberrypi/rp2040/dcd_rp2040.c.obj
 *fill*         0x100084ef        0x1 
 .rodata.__func__.7
                0x100084f0        0x9 CMakeFiles/HomeAutomation.dir/home/nastyst16/.pico-sdk/sdk/1.5.1/lib/tinyusb/src/portable/raspberrypi/rp2040/dcd_rp2040.c.obj
 .rodata.str1.4
                0x100084f9       0xf3 CMakeFiles/HomeAutomation.dir/home/nastyst16/.pico-sdk/sdk/1.5.1/lib/tinyusb/src/portable/raspberrypi/rp2040/rp2040_usb.c.obj
 *fill*         0x100084f9        0x3 
 .rodata.__func__.0
                0x100084fc        0xf CMakeFiles/HomeAutomation.dir/home/nastyst16/.pico-sdk/sdk/1.5.1/lib/tinyusb/src/portable/raspberrypi/rp2040/rp2040_usb.c.obj
 *fill*         0x1000850b        0x1 
 .rodata.process_get_descriptor
                0x1000850c       0x40 CMakeFiles/HomeAutomation.dir/home/nastyst16/.pico-sdk/sdk/1.5.1/lib/tinyusb/src/device/usbd.c.obj
 .rodata.process_control_request
                0x1000854c       0x28 CMakeFiles/HomeAutomation.dir/home/nastyst16/.pico-sdk/sdk/1.5.1/lib/tinyusb/src/device/usbd.c.obj
 .rodata.tud_task_ext
                0x10008574       0x24 CMakeFiles/HomeAutomation.dir/home/nastyst16/.pico-sdk/sdk/1.5.1/lib/tinyusb/src/device/usbd.c.obj
 .rodata._usbd_driver
                0x10008598       0x18 CMakeFiles/HomeAutomation.dir/home/nastyst16/.pico-sdk/sdk/1.5.1/lib/tinyusb/src/device/usbd.c.obj
                0x100085b0                        . = ALIGN (0x4)
 *(SORT_BY_ALIGNMENT(SORT_BY_NAME(.flashdata*)))
                0x100085b0                        . = ALIGN (0x4)

.ARM.extab
 *(.ARM.extab* .gnu.linkonce.armextab.*)
                0x100085b0                        __exidx_start = .

.ARM.exidx
 *(.ARM.exidx* .gnu.linkonce.armexidx.*)
                0x100085b0                        __exidx_end = .
                0x100085b0                        . = ALIGN (0x4)
                0x100085b0                        __binary_info_start = .

.binary_info    0x100085b0       0x24
 *(.binary_info.keep.*)
 .binary_info.keep.__bi_ptr81
                0x100085b0        0x4 CMakeFiles/HomeAutomation.dir/home/nastyst16/.pico-sdk/sdk/1.5.1/src/rp2_common/pico_standard_link/binary_info.c.obj
 .binary_info.keep.__bi_ptr75
                0x100085b4        0x4 CMakeFiles/HomeAutomation.dir/home/nastyst16/.pico-sdk/sdk/1.5.1/src/rp2_common/pico_standard_link/binary_info.c.obj
 .binary_info.keep.__bi_ptr56
                0x100085b8        0x4 CMakeFiles/HomeAutomation.dir/home/nastyst16/.pico-sdk/sdk/1.5.1/src/rp2_common/pico_standard_link/binary_info.c.obj
 .binary_info.keep.__bi_ptr50
                0x100085bc        0x4 CMakeFiles/HomeAutomation.dir/home/nastyst16/.pico-sdk/sdk/1.5.1/src/rp2_common/pico_standard_link/binary_info.c.obj
 .binary_info.keep.__bi_ptr44
                0x100085c0        0x4 CMakeFiles/HomeAutomation.dir/home/nastyst16/.pico-sdk/sdk/1.5.1/src/rp2_common/pico_standard_link/binary_info.c.obj
 .binary_info.keep.__bi_ptr38
                0x100085c4        0x4 CMakeFiles/HomeAutomation.dir/home/nastyst16/.pico-sdk/sdk/1.5.1/src/rp2_common/pico_standard_link/binary_info.c.obj
 .binary_info.keep.__bi_ptr30
                0x100085c8        0x4 CMakeFiles/HomeAutomation.dir/home/nastyst16/.pico-sdk/sdk/1.5.1/src/rp2_common/pico_standard_link/binary_info.c.obj
 .binary_info.keep.__bi_ptr22
                0x100085cc        0x4 CMakeFiles/HomeAutomation.dir/home/nastyst16/.pico-sdk/sdk/1.5.1/src/rp2_common/pico_standard_link/binary_info.c.obj
 *(.binary_info.*)
 .binary_info.__bi_ptr182
                0x100085d0        0x4 CMakeFiles/HomeAutomation.dir/home/nastyst16/.pico-sdk/sdk/1.5.1/src/rp2_common/pico_stdio_usb/stdio_usb.c.obj
                0x100085d4                        __binary_info_end = .

.rel.dyn        0x100085d4        0x0
 .rel.iplt      0x100085d4        0x0 /home/nastyst16/.pico-sdk/toolchain/13_2_Rel1/bin/../lib/gcc/arm-none-eabi/13.2.1/thumb/v6-m/nofp/crtbegin.o
                0x100085d4                        . = ALIGN (0x4)

.ram_vector_table
                0x20000000       0xc0
 *(.ram_vector_table)
 .ram_vector_table
                0x20000000       0xc0 CMakeFiles/HomeAutomation.dir/home/nastyst16/.pico-sdk/sdk/1.5.1/src/rp2_common/pico_runtime/runtime.c.obj
                0x20000000                ram_vector_table

.data           0x200000c0      0xb40 load address 0x100085d4
                0x200000c0                        __data_start__ = .
 *(vtable)
 *(.time_critical*)
 .time_critical.mutex_try_enter
                0x200000c0       0x46 CMakeFiles/HomeAutomation.dir/home/nastyst16/.pico-sdk/sdk/1.5.1/src/common/pico_sync/mutex.c.obj
                0x200000c0                mutex_try_enter
 *fill*         0x20000106        0x2 
 .time_critical.mutex_enter_block_until
                0x20000108       0x8c CMakeFiles/HomeAutomation.dir/home/nastyst16/.pico-sdk/sdk/1.5.1/src/common/pico_sync/mutex.c.obj
                0x20000108                mutex_enter_block_until
 .time_critical.mutex_try_enter_block_until
                0x20000194       0x34 CMakeFiles/HomeAutomation.dir/home/nastyst16/.pico-sdk/sdk/1.5.1/src/common/pico_sync/mutex.c.obj
                0x20000194                mutex_try_enter_block_until
 .time_critical.mutex_enter_timeout_ms
                0x200001c8       0x1a CMakeFiles/HomeAutomation.dir/home/nastyst16/.pico-sdk/sdk/1.5.1/src/common/pico_sync/mutex.c.obj
                0x200001c8                mutex_enter_timeout_ms
 *fill*         0x200001e2        0x2 
 .time_critical.mutex_exit
                0x200001e4       0x4c CMakeFiles/HomeAutomation.dir/home/nastyst16/.pico-sdk/sdk/1.5.1/src/common/pico_sync/mutex.c.obj
                0x200001e4                mutex_exit
 .time_critical.flash_init_boot2_copyout
                0x20000230       0x30 CMakeFiles/HomeAutomation.dir/home/nastyst16/.pico-sdk/sdk/1.5.1/src/rp2_common/hardware_flash/flash.c.obj
 .time_critical.flash_enable_xip_via_boot2
                0x20000260        0xc CMakeFiles/HomeAutomation.dir/home/nastyst16/.pico-sdk/sdk/1.5.1/src/rp2_common/hardware_flash/flash.c.obj
 .time_critical.flash_cs_force
                0x2000026c       0x28 CMakeFiles/HomeAutomation.dir/home/nastyst16/.pico-sdk/sdk/1.5.1/src/rp2_common/hardware_flash/flash.c.obj
 .time_critical.flash_do_cmd
                0x20000294       0xd8 CMakeFiles/HomeAutomation.dir/home/nastyst16/.pico-sdk/sdk/1.5.1/src/rp2_common/hardware_flash/flash.c.obj
                0x20000294                flash_do_cmd
 .time_critical.reset_non_control_endpoints
                0x2000036c       0x40 CMakeFiles/HomeAutomation.dir/home/nastyst16/.pico-sdk/sdk/1.5.1/lib/tinyusb/src/portable/raspberrypi/rp2040/dcd_rp2040.c.obj
 .time_critical.hw_handle_buff_status
                0x200003ac       0xa4 CMakeFiles/HomeAutomation.dir/home/nastyst16/.pico-sdk/sdk/1.5.1/lib/tinyusb/src/portable/raspberrypi/rp2040/dcd_rp2040.c.obj
 .time_critical.dcd_rp2040_irq
                0x20000450      0x1b8 CMakeFiles/HomeAutomation.dir/home/nastyst16/.pico-sdk/sdk/1.5.1/lib/tinyusb/src/portable/raspberrypi/rp2040/dcd_rp2040.c.obj
 .time_critical.e15_is_bulkin_ep
                0x20000608       0x2c CMakeFiles/HomeAutomation.dir/home/nastyst16/.pico-sdk/sdk/1.5.1/lib/tinyusb/src/portable/raspberrypi/rp2040/rp2040_usb.c.obj
 .time_critical.e15_is_critical_frame_period
                0x20000634       0x30 CMakeFiles/HomeAutomation.dir/home/nastyst16/.pico-sdk/sdk/1.5.1/lib/tinyusb/src/portable/raspberrypi/rp2040/rp2040_usb.c.obj
 .time_critical.prepare_ep_buffer
                0x20000664       0x6c CMakeFiles/HomeAutomation.dir/home/nastyst16/.pico-sdk/sdk/1.5.1/lib/tinyusb/src/portable/raspberrypi/rp2040/rp2040_usb.c.obj
 .time_critical.sync_ep_buffer
                0x200006d0       0x7c CMakeFiles/HomeAutomation.dir/home/nastyst16/.pico-sdk/sdk/1.5.1/lib/tinyusb/src/portable/raspberrypi/rp2040/rp2040_usb.c.obj
 .time_critical._hw_endpoint_xfer_sync
                0x2000074c       0x28 CMakeFiles/HomeAutomation.dir/home/nastyst16/.pico-sdk/sdk/1.5.1/lib/tinyusb/src/portable/raspberrypi/rp2040/rp2040_usb.c.obj
 .time_critical.hw_endpoint_reset_transfer
                0x20000774        0xc CMakeFiles/HomeAutomation.dir/home/nastyst16/.pico-sdk/sdk/1.5.1/lib/tinyusb/src/portable/raspberrypi/rp2040/rp2040_usb.c.obj
                0x20000774                hw_endpoint_reset_transfer
 .time_critical._hw_endpoint_buffer_control_update32
                0x20000780       0x58 CMakeFiles/HomeAutomation.dir/home/nastyst16/.pico-sdk/sdk/1.5.1/lib/tinyusb/src/portable/raspberrypi/rp2040/rp2040_usb.c.obj